大藏輯要及藏要目録
	大藏輯要(清杨文会訂定)
		华严部
			X05n0232 華嚴經疏鈔玄談 (9卷)【唐 澄觀撰述】
			L130n1557 大方廣佛華嚴經疏鈔會本 (80卷)【唐 實叉難陀譯　唐 澄觀述】
		方等部
		淨土部
		法相部
		般若部
		法华部
		涅槃部
		阿含部
		秘密部
		大乘律
		声闻律
		大乘论
		声闻论
		西土撰集
		禅宗
		天台宗
		传记
		纂集
		弘护
		旁通
		导俗
	藏要目録(欧阳竟无、吕徵) 總計：二十九經十一律三十三論)
		第一輯（十一經三律十一論）
			T07n0220_479 大般若波羅蜜多經 舍利子品 (600卷)【唐 玄奘譯】 
			T07n0220_523 大般若波羅蜜多經 方便善巧品 (600卷)【唐 玄奘譯】 
			二  大般若經第五分
			T10n0279 大方廣佛華嚴經 (80卷)【唐 實叉難陀譯】
			T16n0670 楞伽阿跋多羅寶經 (4卷)【劉宋 求那跋陀羅譯】
			T12n0374_033 大般涅槃經迦葉菩薩品 (40卷)【北涼 曇無讖譯】
			T16n0676 解深密經 (5卷)【唐 玄奘譯】
			七  菩薩藏經
			T12n0353 勝鬘獅子吼一乘大方便方廣經 (1卷)【劉宋 求那跋陀羅譯】
			T11n0310_017 大寶積經無量壽如來會 (120卷)【唐 菩提流志譯】
			T09n0262妙法蓮華經 (7卷)【姚秦 鳩摩羅什譯】
			十一  雜阿含經
			T24n1499 菩薩戒羯磨文 (1卷)【彌勒菩薩說 唐 玄奘譯】
			T23n1436 十誦比丘波羅提木叉戒本 (1卷)【姚秦 鳩摩羅什譯】
			T23n1439 十誦羯磨比丘要用 (1卷)【劉宋 僧璩撰出】
			T24n1462 善見律毘婆沙序品 (18卷)【蕭齊 僧伽跋陀羅譯】
			T30n1564 中論 (4卷)【龍樹菩薩造 梵志青目釋 姚秦 鳩摩羅什譯】
			T31n1600 辯中邊論 (3卷)【世親菩薩造 唐 玄奘譯】
			T31n1594 攝大乘論本 (3卷)【無著菩薩造 唐 玄奘譯】
			T25n1509 大智度論初序品 (100卷)【龍樹菩薩造 後秦 鳩摩羅什譯】
			T30n1579 瑜伽師地論 (100卷)【彌勒菩薩說 唐 玄奘譯】
			T31n1605 大乘阿毘達磨集論 (7卷)【無著菩薩造 唐 玄奘譯】
			T31n1590 唯識二十論 (1卷)【世親菩薩造 唐 玄奘譯】
			T31n1585 成唯識論 (10卷)【護法等菩薩造 唐 玄奘譯】
			T32n1628 因明正理門論本 (1卷)【大域龍菩薩造 唐 玄奘譯】
			T26n1542 阿毘達磨品類足論 (18卷)【尊者世友造 唐 玄奘譯】
			T49n2031 異部宗輪論 (1卷)【世友菩薩造 唐 玄奘譯】
		第二輯（八經六律十三論）
			T08n0229 佛說佛母寶德藏般若波羅蜜經 (3卷)【宋 法賢譯】
			K05n0016 能斷金剛般若波羅蜜多經 (1卷)【唐 玄奘譯】
			三  大方廣佛華嚴經十迴向品十一卷<唐實叉難陀譯>
			四  大般涅槃經師子吼菩薩品六卷<北涼曇無讖譯>
			五  無盡意菩薩經四卷<劉宋智嚴等譯>
			T14n0475 維摩詰所說經 (3卷)【姚秦 鳩摩羅什譯】
			七  佛說長阿含經第一分五卷<姚秦佛陀耶舍等譯>
			T04n0210 法句經 (2卷)【法救撰 吳 維祇難等譯】
			T22n1429 四分律比丘戒本 (1卷)【後秦 佛陀耶舍譯】
			T22n1422a 彌沙塞五分戒本 (1卷)【劉宋 佛陀什等譯】
			T24n1460 解脫戒經 (1卷)【元魏 般若流支譯】
			T24n1454 根本說一切有部戒經 (1卷)【唐 義淨譯】
			T22n1426 摩訶僧祇律大比丘戒本 (1卷)【東晉 佛陀跋陀羅譯】
			T24n1458 根本薩婆多部律攝 (14卷)【尊者勝友造 唐 義淨譯】
			T30n1568 十二門論 (1卷)【龍樹菩薩造 姚秦 鳩摩羅什譯】
			T30n1569 百論 (2卷)【提婆菩薩造 婆藪開士釋 姚秦 鳩摩羅什譯】
			十七  廣百論本附教誡弟子品釋二卷<本聖天造釋護法造唐玄奘譯>
			T30n1567 大乘中觀釋論(第1卷-第9卷) (9卷)【安慧菩薩造 宋 惟淨等譯】
			K41n1482 大乘中觀釋論(第10卷-第18卷) (9卷)【安慧菩薩造 宋 惟淨等譯】
			T31n1611 究竟一乘寶性論 (4卷)【後魏 勒那摩提譯】
			T32n1662 菩提行經 (4卷)【龍樹菩薩集頌 宋 天息災譯】
			二十  瑜伽師地論攝決擇分中五識身相應地意地七卷<彌勒說唐玄奘譯>
			T31n1604 大乘莊嚴經論 (13卷)【無著菩薩造 唐 波羅頗蜜多羅譯】
			T31n1625 觀所緣論釋 (1卷)【護法菩薩造 唐 義淨譯】
			T26n1530 佛地經論 (7卷)【親光菩薩等造 唐 玄奘譯】
			T32n1630 因明入正理論 (1卷)【商羯羅主菩薩造 唐 玄奘譯】
			T32n1646 成實論 (16卷)【訶梨跋摩造 姚秦 鳩摩羅什譯】
			T29n1558 阿毘達磨俱舍論 (30卷)【尊者世親造 唐 玄奘譯】
		第三輯（十經二律九論）
			一  大般若經第十六分
			二  華嚴行位七品讀
			T15n0642 佛說首楞嚴三昧經 (2卷)【姚秦 鳩摩羅什譯】
			四  大寶積經普明菩薩會
			五  大般涅槃經正法分
			T13n0404 大集大虛空藏菩薩所問經 (8卷)【唐 不空譯】
			七  合部金光明經
			T04n0198 佛說義足經 (2卷)【吳 支謙譯】
			T16n0682 大乘密嚴經 (3卷)【唐 不空譯】
			十  中阿含經雙品
			T24n1489 清淨毘尼方廣經 (1卷)【後秦 鳩摩羅什譯】
			T24n1453 根本說一切有部百一羯磨 (10卷)【唐 義淨譯】
			T26n1521 十住毘婆沙論 (17卷)【聖者龍樹造 後秦 鳩摩羅什譯】
			T32n1660 菩提資糧論 (6卷)【龍樹本 自在比丘釋 隋 達磨笈多譯】
			T31n1607 六門教授習定論 (1卷)【無著本 世親釋 唐 義淨譯】
			T31n1602 顯揚聖教論 (20卷)【無著菩薩造 唐 玄奘譯】
			T30n1578 大乘掌珍論 (2卷)【清辯菩薩造 唐 玄奘譯】
			T31n1591 成唯識寶生論 (5卷)【護法菩薩造 唐 義淨譯】
			T28n1548 舍利弗阿毘曇論 (30卷)【姚秦 曇摩耶舍共曇摩崛多等譯】
			T25n1506 三法度論 (3卷)【東晉 僧伽提婆譯】
			T32n1648 解脫道論 (12卷)【優波底沙造 梁 僧伽婆羅譯】
			T12n0374 大般涅槃經 (40卷)【北涼 曇無讖譯】
