第一輯：短篇佛經彙編 經藏(218部)
	一、事缘經(51部)
		（一）本行部類（佛傳）(5部)
			T14n0496 佛說大迦葉本經(1 卷)〖西晉竺法護譯〗(4 紙半欠)
			T14n0512 佛說淨飯王般涅槃經(1 卷)〖劉宋沮渠京聲譯〗(6 紙半餘)
			T12n0392 佛滅度後棺斂葬送經(1 卷)〖失譯〗(3 紙欠)
			T12n0393 迦葉赴佛般涅槃經(1 卷)〖東晉竺曇無蘭譯〗(2 紙半)
			T12n0394 佛入涅槃密迹金剛力士哀戀經(1 卷)〖失譯〗(5 紙半)
		（二）本事部類（佛及弟子証道缘起）(6部)
			T14n0506 犍陀國王經(1 卷)〖後漢安世高譯〗(1 紙半欠)
			T14n0518 佛說旃陀越國王經(1 卷)〖劉宋沮渠京聲譯〗(2 紙半餘) 
			T14n0519 佛說摩達國王經(1 卷)〖劉宋沮渠京聲譯〗(1 紙餘) 
			T14n0522 普達王經(1 卷)〖失譯〗(3 紙餘) 
			T14n0551 佛說摩鄧女經(1 卷)〖後漢安世高譯〗(2 紙半欠)(楊選) 
			T14n0552 佛說摩登女解形中六事經(1 卷)〖失譯〗(2 紙餘) 
			T03n0176 佛說師子月佛本生經(1 卷)〖失譯〗(7 紙餘) 
		（三）因缘經（因果故事）(10部)
			T14n0497 佛說摩訶迦葉度貧母經(1 卷)〖劉宋求那跋陀羅譯〗(4 紙餘) 
			T14n0525 佛說長者子懊惱三處經(1 卷)〖後漢安世高譯〗(2 紙餘) 
			T14n0529 佛說阿鳩留經(1 卷)〖失譯〗(3 紙餘) 
			T14n0537 佛說越難經(1 卷)〖西晉聶承遠譯〗(2 紙餘) 
			T15n0596 佛說天王太子辟羅經(1 卷)〖失譯〗(1 紙半)
			T17n0797a 佛說貧窮老公經(1 卷)〖劉宋慧簡譯〗(2 紙半餘)
			T17n0797b 佛說貧窮老公經(1 卷)〖劉宋慧簡譯〗(2 紙半欠)
			T17n0805 佛說栴檀樹經(1 卷)〖失譯〗(2 紙餘)
			T16n0703 燈指因緣經(1 卷)〖姚秦鳩摩羅什譯〗(9 紙欠) 
			T17n0744 佛說除恐災患經(1 卷)〖伏秦聖堅譯〗(16 紙餘)
			T14n0553 佛說㮈女祇域因緣經(1 卷)〖後漢安世高譯〗(17 紙欠) 
			T14n0554 佛說奈女耆婆經(1 卷)〖後漢安世高譯〗(13 紙欠)
		（四）未曾有經（稀有事）(8部)
			T02n0149 佛說阿難同學經(1 卷)〖後漢安世高譯〗(3 紙欠) 
			T14n0511 佛說蓱沙王五願經(1 卷)〖吳支謙譯〗(6 紙半) 
			T14n0517 佛說末羅王經(1 卷)〖劉宋沮渠京聲譯〗(1 紙半欠)
			T14n0539 盧至長者因緣經(1 卷)〖失譯〗(10 紙餘)
			T14n0541 佛說佛大僧大經(1 卷)〖劉宋沮渠京聲譯〗(6 紙餘)
			T15n0597 龍王兄弟經(1 卷)〖吳支謙譯〗(2 紙欠) 
			T14n0555a 五母子經(1 卷)〖吳支謙譯〗(2 紙欠)(津選)
			T14n0555b 五母子經(1 卷)〖吳支謙譯〗(1 紙半)
			T17n0750 沙彌羅經(1 卷)〖失譯〗(1 紙半欠)勘同0555
			T14n0531 佛說長者音悅經(1 卷)〖吳支謙譯〗(5 紙欠) 
		（五）授記經(13部) 
			T03n0180 佛說過去世佛分衛經(1 卷)〖西晉竺法護譯〗(1 紙餘) 
			T14n0573 差摩婆帝授記經(1 卷)〖元魏菩提流支譯〗(4 紙欠) 
			T14n0507 佛說未生冤經(1 卷)〖吳支謙譯〗(3 紙餘) 
			T14n0508 阿闍世王問五逆經(1 卷)〖西晉法炬譯〗(4 紙半) 
			T14n0509 阿闍世王授決經(1 卷)〖西晉法炬譯〗(3 紙半欠)(津選)
			T14n0510 採花違王上佛授決號妙花經(1 卷)〖東晉竺曇無蘭譯〗(2 紙欠)勘同0509
			T14n0520 佛說薩羅國經(1 卷)〖失譯〗(3 紙餘) 
			T14n0527 佛說逝童子經(1 卷)〖西晉支法度譯〗(3 紙餘)(津選)勘同0526
			T14n0526 佛說長者子制經(1 卷)〖後漢安世高譯〗(3 紙半欠)
			T14n0528 佛說菩薩逝經(1 卷)〖西晉白法祖譯〗(3 紙半)勘同0526
			T14n0546 佛說金耀童子經(1 卷)〖宋天息災譯〗(7 紙半欠) 
			T14n0556 佛說七女經(1 卷)〖吳支謙譯〗(6 紙欠) 
			T14n0557 佛說龍施女經(1 卷)〖吳支謙譯〗(2 紙欠)(津選) 
			T14n0558 佛說龍施菩薩本起經(1 卷)〖西晉竺法護譯〗(4 紙半餘)勘同0557
			T14n0569 佛說心明經(1 卷)〖西晉竺法護譯〗(3 紙欠) 
			T14n0572 佛說長者法志妻經(1 卷)〖失譯〗(3 紙) 
			T17n0809 佛說乳光佛經(1 卷)〖西晉竺法護譯〗(6 紙欠)(津選) 
			T17n0808 佛說犢子經(1 卷)〖吳支謙譯〗(1 紙半欠)勘同809
		（六）本生部類(9部) 
			T03n0163 佛說妙色王因緣經(1 卷)〖唐義淨譯〗(3 紙) 
			T03n0164 佛說師子素駄娑王斷肉經(1 卷)〖唐智嚴譯〗(3 紙餘) 
			T03n0166 佛說月光菩薩經(1 卷)〖宋法賢譯〗(5 紙餘) 
			T03n0169 佛說月明菩薩經(1 卷)〖吳支謙譯〗(3 紙欠) 
			T03n0172 佛說菩薩投身飴餓虎起塔因緣經(1 卷)〖北涼法盛譯〗(11 紙餘) 
			T03n0178 前世三轉經(1 卷)〖西晉法炬譯〗(6 紙半餘)(津選) 
			T03n0179 銀色女經(1 卷)〖元魏佛陀扇多譯〗(6 紙)勘同0178
			T03n0182b 佛説鹿母經(1 卷)〖西晉竺法護譯〗(8 紙欠)(楊選) 
			T03n0182a 佛說鹿母經(1 卷)〖西晉竺法護譯〗(3 紙餘)
			T03n0183 一切智光明仙人慈心因緣不食肉經(1 卷)〖失譯〗(4 紙餘)
			T14n0426 佛說千佛因緣經(1 卷)〖後秦鳩摩羅什譯〗(19 紙餘)
	二、説法經（167部）
		（一）佛法概要 （23部）
			（一）佛法概要（17部）
				T17n0819 佛說法常住經(1 卷)〖失譯〗（1 紙）
				T16n0714 緣起聖道經 (1卷)〖 唐 玄奘譯〗（4紙餘）
				T15n0599 佛為海龍王說法印經(1 卷)〖唐義淨譯〗（半紙餘）
				T17n0801 佛說無常經 (1卷)〖 唐 義淨譯〗（5紙餘）
				T17n0763 佛說法乘義決定經(3 卷)〖宋金總持等譯〗（19 紙欠）（楊選）
				T17n0762 佛說決定義經(1 卷)〖宋法賢譯〗（10 紙餘）勘同0763
				T17n0798 佛說進學經(1 卷)〖劉宋沮渠京聲譯〗（1 紙欠）
				T17n0770 佛說四不可得經(1 卷)〖西晉竺法護譯〗(4 紙半欠)
				T15n0631 佛說法律三昧經(1 卷)〖吳支謙譯〗(6 紙半餘)
				T17n0820 佛說演道俗業經(1 卷)〖伏秦聖堅譯〗(10 紙餘)
				T17n0782 佛說十號經(1 卷)〖宋天息災譯〗（2 紙餘）
				T16n0718 佛說分別緣生經(1 卷)〖宋法天譯〗（2 紙）
				T15n0655 佛說勝義空經 (1卷)〖 宋 施護等譯〗（1紙） 
				T08n0251 般若波羅蜜多心經(1 卷)〖唐玄奘譯〗（1 紙欠）（津選）
				T08n0250 摩訶般若波羅蜜大明咒經(1 卷)〖姚秦鳩摩羅什譯〗（1 紙欠）
				T08n0252 普遍智藏般若波羅蜜多心經(1 卷)〖唐法月重譯〗（1 紙半餘）
				T08n0253 般若波羅蜜多心經(1 卷)〖唐般若共利言等譯〗（1 紙半）
				T08n0254 般若波羅蜜多心經(1 卷)〖唐智慧輪譯〗（1 紙半）
				T08n0255 般若波羅蜜多心經(1 卷)〖唐法成譯〗（1 紙半）
				T08n0256 唐梵飜對字音般若波羅蜜多心經(1 卷)〖〗（2 紙餘）
				T08n0257 佛說聖佛母般若波羅蜜多經(1 卷)〖宋施護譯〗（1 紙半餘）
				T17n0766 佛說法身經(1 卷)〖宋法賢譯〗（4 紙欠）
				T17n0827 佛說懈怠耕者經(1 卷)〖劉宋惠簡譯〗(1 紙餘)
				T17n0772 大乘四法經（1 卷）〖唐地婆訶羅譯〗（津選）（1 紙欠）
				T17n0773 佛說菩薩修行四法經（1 卷）〖唐地婆訶羅譯〗（1 紙欠）堪同0772
				T15n0600 十善業道經(1 卷)〖唐實叉難陀譯〗（5 紙）（津選）
				T15n0601 佛為娑伽羅龍王所說大乘經(1 卷)〖宋施護譯〗（8 紙餘） 
			（二）法住經（6部）
				T12n0390 佛臨涅槃記法住經(1 卷)〖唐玄奘譯〗（4 紙欠）
				T12n0395 佛說當來變經(1 卷)〖西晉竺法護譯〗（2 紙欠）
				T12n0396 佛說法滅盡經(1 卷)〖失譯〗（2 紙餘）
				T14n0494 阿難七夢經(1 卷)〖東晉竺曇無蘭譯〗（1 紙餘）
				T17n0738 佛說分別經(1 卷)〖西晉竺法護譯〗（5 紙欠）
				T24n1481 佛說五恐怖世經(1 卷)〖宋沮渠京聲譯〗（1 紙餘）（聲聞律藏勘入）
		（二）第一时教（58部）
			一）正法念處部類（人天乘經）（35部）
				1、业道經（描述六道轮回）（5部）
					T17n0724 佛說罪業應報教化地獄經(1 卷)〖後漢安世高譯〗（5 紙半餘）
					T17n0741 五苦章句經(1 卷)〖東晉竺曇無蘭譯〗（15 紙欠）
					T17n0745 佛說雜藏經(1 卷)〖東晉法顯譯〗（9 紙欠）（津選）
					T17n0746 餓鬼報應經(1 卷)〖失譯〗(六紙欠)（6 紙欠）勘同0745
					T17n0734 佛說鬼問目連經(1 卷)〖後漢安世高譯〗（3 紙）勘同0745
					T17n0747b 佛說輪轉五道罪福報應經(1 卷)〖劉宋求那跋陀羅譯〗 （4 紙餘）（楊選）
					T17n0747a 佛說罪福報應經(1 卷)〖劉宋求那跋陀羅譯〗（3 紙餘）
					T17n0759 佛說較量壽命經(1 卷)〖宋天息災譯〗（10 紙欠）
				2、人道正法經（为人處事的正确方法（7部）
					T16n0684 佛說父母恩難報經(1 卷)〖後漢安世高譯〗（1 紙欠）
					T16n0687 佛說孝子經(1 卷)〖失譯〗（2 紙餘）
					T01n0017 佛說善生子經(1 卷)〖宋支法度譯〗（8 紙餘）勘同0016
					T01n0016 佛說尸迦羅越六方禮經(1 卷)〖後漢安世高譯〗 （5 紙欠）勘出中33 善生經
					T02n0150B 佛說九橫經(1 卷)〖後漢安世高譯〗（1 紙餘）
					T14n0524 佛為優填王說王法政論經(1 卷)〖唐不空譯〗（8 紙欠）
					T14n0544 辯意長者子經(1 卷)〖後魏法場譯〗（9 紙半）
					T17n0742 佛說自愛經(1 卷)〖東晉竺曇無蘭譯〗（4 紙半欠）
				3、布施福報經（6部）
					T15n0592 天請問經(1 卷)〖唐玄奘譯〗（2 紙欠）
					T16n0705 佛說布施經(1 卷)〖宋法賢譯〗（2 紙餘）
					T17n0740 佛說頞多和多耆經(1 卷)〖失譯〗（1 紙餘）
					T16n0701 佛說溫室洗浴眾僧經(1 卷)〖後漢安世高譯〗(3 紙半欠)
					T16n0683 佛說諸德福田經(1 卷)〖西晉法立法炬共譯〗（5 紙半餘）
					T14n0493 佛說阿難四事經(1 卷)〖吳支謙譯〗（3 紙餘）
				4、法會福德經（5部）
					T17n0777 佛說賢者五福德經(1 卷)〖西晉白法祖譯〗（1 紙欠）
					T17n0733 佛說堅意經(1 卷)〖後漢安世高譯〗（1 紙半欠）
					T16n0685 佛說盂蘭盆經(1 卷)〖西晉竺法護譯〗（2 紙欠）（津選）
					T16n0686 佛說報恩奉盆經(1 卷)〖失譯〗（1 紙欠）
					T12n0391 般泥洹後灌臘經(1 卷)〖西晉竺法護譯〗（1 紙）
					T17n0748 佛說護淨經(1 卷)〖失譯〗（2 紙餘）
				5、斋戒福德經（12部）
					T15n0595 佛說嗟韈曩法天子受三歸依獲免惡道經(1 卷)〖宋法天譯〗（3 紙餘）
					T14n0542 佛說耶祇經(1 卷)〖劉宋沮渠京聲譯〗（2 紙欠）
					T24n1477 佛說戒消災經(1 卷)〖吳支謙譯〗（3 紙半餘）
					T17n0826 弟子死復生經(1 卷)〖劉宋沮渠京聲譯〗（5 紙半）
					T17n0791 佛說出家緣經(1 卷)〖後漢安世高譯〗（1 紙半餘）
					T14n0581 佛說八師經(1 卷)〖吳支謙譯〗（4 紙欠）
					T14n0584 長爪梵志請問經(1 卷)〖唐義淨譯〗（2 紙半欠）
					T16n0707 佛說出家功德經(1 卷)〖失譯〗（5 紙欠）
					T14n0492b 阿難問事佛吉凶經(1 卷)〖後漢安世高譯〗（6 紙餘）（津選）
					T14n0492a 佛說阿難問事佛吉凶經(1 卷)〖後漢安世高譯〗（5 紙欠）
					T17n0739 佛說慢法經(1 卷)〖西晉法炬譯〗（1 紙餘）
					T14n0495 佛說阿難分別經(1 卷)〖伏秦法堅譯〗（5 紙餘）
					T14n0538 佛說呵雕阿那鋡經(1 卷)〖東晉竺曇無蘭譯〗（1 紙半餘）
					T17n0767 佛說三品弟子經(1 卷)〖吳支謙譯〗（2 紙餘）
					T15n0590 佛說四天王經(1 卷)〖劉宋智嚴共寶雲譯〗（2 紙餘）
			二）阿含部類（小乘經)（23部）
				1、勘入阿含部（18部）
					T14n0499 佛為阿支羅迦葉自化作苦經(1 卷)〖失譯〗（2 紙欠）
					T12n0389 佛垂般涅槃略說教誡經(1 卷)〖姚秦鳩摩羅什譯〗（5 紙餘）
					T01n0097 廣義法門經(1 卷)〖陳真諦譯〗（8 紙餘）
					T01n0098 佛說普法義經(1 卷)〖後漢安世高譯〗（8 紙欠）勘同0097
					T02n0151 佛說阿含正行經(1 卷)〖後漢安世高譯〗（3 紙餘）
					T17n0743 佛說忠心經(1 卷)〖東晉竺曇無蘭譯〗（5 紙）
					T14n0500 羅云忍辱經(1 卷)〖西晉法炬譯〗（3 紙餘） 
					T14n0503 比丘避女惡名欲自殺經(1 卷)〖西晉法炬譯〗（1 紙）
					T14n0504 比丘聽施經(1 卷)〖東晉竺曇無蘭譯〗（2 紙半餘）
					T14n0523 佛說五王經(1 卷)〖失譯〗（4 紙半）
					T14n0582 佛說孫多耶致經(1 卷)〖吳支謙譯〗（2 紙）
					T17n0751a 佛說五無反復經(1 卷)〖劉宋沮渠京聲譯〗（2 紙餘）（津選）
					T17n0751b 佛說五無返復經(1 卷)〖劉宋沮渠京聲譯〗（2 紙餘）
					T17n0752 佛說五無返復經(1 卷)〖劉宋沮渠京聲譯〗（2 紙）
					T17n0737 所欲致患經(1 卷)〖西晉竺法護譯〗（5 紙餘）
					T17n0799 佛說略教誡經(1 卷)〖唐義淨譯〗（1 紙餘）
					T17n0753 十二品生死經(1 卷)〖劉宋求那跋陀羅譯〗（1 紙欠）
					T17n0792 佛說法受塵經(1 卷)〖後漢安世高譯〗（1 紙欠）
					T17n0735 佛說四願經(1 卷)〖吳支謙譯〗(4 紙半欠)
					T17n0736 佛說四自侵經(1 卷)〖西晉竺法護譯〗（4 紙餘）
					T04n0217 佛說譬喻經(1 卷)〖唐義淨譯〗（1 紙餘）
					T04n0218 佛說灌頂王喻經(1 卷)〖宋施護等譯〗（1 紙）
				2、説戒律經（5部）
					T04n0214 佛說猘狗經(1 卷)〖吳支謙譯〗（1 紙半餘）
					T04n0215 佛說群牛譬經(1 卷)〖西晉法炬譯〗（1 紙半欠）
					T04n0216 佛說大魚事經〖東晉竺曇無蘭譯〗（1 紙半欠）
					T14n0521 佛說梵摩難國王經(1 卷)〖失譯〗（1 紙餘）
					T24n1497 佛說大乘戒經（1 卷）〖宋施護譯〗（1 紙）
		（三）第二时教 （62部）
			一）功德本愿淨土經 （21部）
				1、功德經（10部）
					T14n0578 無垢優婆夷問經(1 卷)〖後魏瞿曇般若流支譯〗（2 紙半）
					T16n0700 右繞佛塔功德經(1 卷)〖唐實叉難陀譯〗（3 紙餘）
					T16n0702 佛說施燈功德經(1 卷)〖高齊那連提耶舍譯〗（14 紙欠）
					T16n0698 浴佛功德經(1 卷)〖唐義淨譯〗（3 紙半欠）（津選）勘同0697
					T16n0697 佛說浴像功德經(1 卷)〖唐寶思惟譯〗（2 紙半餘）
					T16n0695 佛說灌洗佛形像經(1 卷)〖西晉法炬譯〗（2 紙半欠）
					T16n0696 佛說摩訶刹頭經(1 卷)〖西秦聖堅譯〗（3 紙）勘同0695
					T16n0693 佛說造立形像福報經(1 卷)〖失譯〗（3 紙半餘）（津選）勘同692
					T16n0692 佛說作佛形像經(1 卷)〖失譯〗（2 紙餘）
					T16n0694 佛說大乘造像功德經(2 卷)〖唐提雲般若譯〗（19 紙半）
					T14n0548 佛說金光王童子經(1 卷)〖宋法賢譯〗（3 紙餘）
					T16n0699 佛說造塔功德經(1 卷)〖唐地婆訶羅譯〗（1 紙餘）
					T16n0704 佛說樓閣正法甘露鼓經(1 卷)〖宋天息災譯〗（4 紙欠）
					T16n0691 最無比經(1 卷)〖唐玄奘譯〗（8 紙）（津選）勘同0690
					T16n0690 佛說稀有挍量功德經(1 卷)〖隋闍那崛多譯〗（5 紙餘）
				2、佛名功德經（7部）
					T14n0435 佛說滅十方冥經(1 卷)〖西晉竺法護譯〗（6 紙欠）
					T14n0431 八佛名號經(1 卷)〖隋闍那崛多譯〗（4 紙餘）
					T14n0427 佛說八吉祥神咒經(1 卷)〖吳支謙譯〗（3 紙欠）
					T14n0428 佛說八陽神咒經(1 卷)〖西晉竺法護譯〗（3 紙欠）
					T14n0429 佛說八部佛名經(1 卷)〖元魏瞿曇般若流支譯〗（2 紙半餘）
					T14n0430 八吉祥經(1 卷)〖梁僧伽羅譯〗（2 紙餘）
					T14n0432 佛說十吉祥經(1 卷)〖失譯〗（1 紙半欠）
					T14n0490 佛說八大菩薩經(1 卷)〖宋法賢譯〗（1 紙半餘）
					T14n0437 大乘寶月童子問法經(1 卷)〖宋施護譯〗（4 紙餘）
					T14n0444 佛說百佛名經(1 卷)〖隋那連提耶舍譯〗（6 紙欠）
					T14n0438 佛說大乘大方廣佛冠經(2 卷)〖宋法護等譯〗（8 紙餘）
					T14n0436 受持七佛名號所生功德經(1 卷)〖唐玄奘譯〗（4 紙欠）
				3、淨土經（4部）
					T14n0454 佛說彌勒下生成佛經(1 卷)〖後秦鳩摩羅什譯〗（6 紙半）（津選）
					T14n0453 佛說彌勒下生經(1 卷)〖西晉竺法護譯〗（7 紙半）
					T14n0455 佛說彌勒下生成佛經(1 卷)〖唐義淨譯〗（7 紙半）勘同0454
					T14n0456 佛說彌勒大成佛經(1 卷)〖姚秦鳩摩羅什譯〗(17 紙半)
					T14n0457 佛說彌勒來時經(1 卷)〖失譯〗（2 紙半欠）勘同0454
					T14n0452 佛說觀彌勒菩薩上生兜率天經(1 卷)〖宋沮渠京聲譯〗（8 紙欠）
					T12n0366 佛說阿彌陀經(1 卷)〖姚秦鳩摩羅什譯〗（5 紙餘）（津選）
					T12n0367 稱讚淨土佛攝受經(1 卷)〖唐玄奘譯〗（9 紙餘）勘同0366
					T12n0365 佛說觀無量壽佛經（1 卷）〖宋畺良耶舍譯〗（17 紙欠） 
			二）初机大乘經（外凡夫位）（11部）
				1、褒扬大乘（3部）
					T15n0646 入定不定印經(1 卷)〖唐義淨譯〗(14 紙半)(津選)
					T15n0645 不必定入定入印經(1 卷)〖元魏瞿曇般若流支譯〗(19 紙)勘同0646
					T17n0840 稱讚大乘功德經(1 卷)〖唐玄奘譯〗(4 紙餘)(津選)
					T17n0841 說妙法決定業障經(1 卷)〖唐智嚴譯〗(3 紙欠)勘同0840
					T16n0661 大乘百福相經(1 卷)〖唐地婆訶羅譯〗(6 紙餘)(津選)
					T16n0662 大乘百福莊嚴相經(1 卷)〖唐地婆訶羅譯〗(8 紙欠)勘同0661
					T14n0473 佛說妙吉祥菩薩所問大乘法螺經(1 卷)〖宋法賢譯〗(6 紙欠)
				2、劝發菩提心（2部）
					T17n0837 佛說出生菩提心經(1 卷)〖隋闍那崛多譯〗(津選)(14 紙餘)
					T17n0838 佛說發菩提心破諸魔經(2 卷)〖宋施護譯〗(15 紙)勘同0837
					T17n0822 佛說諸法勇王經(1 卷)〖劉宋曇摩蜜多譯〗(18 紙半)(津選)
					T17n0823 佛說一切法高王經(1 卷)〖元魏瞿曇般若流支譯〗(20 紙餘)勘同0822
					T17n0824 諸法最上王經(1 卷)〖隋闍那崛多譯〗(24 紙半)勘同0822
				4、菩薩廣行（6部）
					T17n0774 大乘四法經(1 卷)〖唐實叉難陀譯〗(8 紙)
					T17n0812 菩薩行五十緣身經(1 卷)〖西晉竺法護譯〗(5 紙半餘)
					T17n0825 佛說甚深大迴向經(1 卷)〖失譯〗(4 紙欠)
					T17n0844 佛說大方廣未曾有經善巧方便品(1 卷)〖宋施護譯〗(4 紙欠) 
					T14n0570 佛說賢首經(1 卷)〖西秦聖堅譯〗(2 紙半餘)
					T14n0564 佛說轉女身經(1 卷)〖劉宋曇摩蜜多譯〗(19 紙餘)(津選)
					T14n0562 佛說無垢賢女經(1 卷)〖西晉竺法護譯〗(3 紙欠)
					T14n0563 佛說腹中女聽經(1 卷)〖北涼曇無讖譯〗(2 紙半餘)
			三）二时教菩薩道（詳説贤位兼及地上）（30部）
				T14n0532 私呵昧經(1 卷)〖吳支謙譯〗(12 紙餘)
				（1）般若經（4部）
					T08n0248 佛說五十頌聖般若波羅蜜經(1 卷)〖宋施護譯〗(2 紙欠)
					T08n0247 佛說了義般若波羅蜜多經(1 卷)〖宋施護譯〗(2 紙半欠)
					T08n0235 金剛般若波羅蜜經(1 卷)〖姚秦鳩摩羅什譯〗(11 紙欠)(楊選)
					T08n0236a 金剛般若波羅蜜經(1 卷)〖元魏菩提流支譯〗(12 紙欠)
					T08n0236b 金剛般若波羅蜜經(1 卷)〖元魏菩提流支譯〗(11 紙餘)
					T08n0237 金剛般若波羅蜜經(1 卷)〖陳真諦譯〗(11 紙餘)
					T08n0238 金剛能斷般若波羅蜜經(1 卷)〖隋芨多譯〗(14 紙)
					T08n0239 佛說能斷金剛般若波羅蜜多經(1 卷)〖唐義淨譯〗(11 紙餘) 
					T08n0234 佛說濡首菩薩無上清淨分衛經(2 卷)〖宋翔公譯〗(14 紙欠) 
				（2）勘入般若部類（11部）
					T20n1195 大聖文殊師利菩薩讚佛法身禮（1 卷）〖唐不空譯〗（4 紙餘）
					T17n0830 大乘遍照光明藏無字法門經(1 卷)〖唐地婆訶羅再譯〗(6 紙欠)(津選)
					T17n0828 無字寶篋經(1 卷)〖元魏菩提流支譯〗(5 紙餘)
					T17n0829 大乘離文字普光明藏經(1 卷)〖唐地婆訶羅譯〗(4 紙餘)勘同0828
					T17n0814 佛說象腋經(1 卷)〖劉宋曇摩蜜多譯〗(17 紙欠)(津選)
					T17n0813 佛說無希望經(1 卷)〖西晉竺法護譯〗(20 紙)勘同0814
					T14n0484 不思議光菩薩所說經(1 卷)〖後秦鳩摩羅什譯〗(13 紙餘)
					T24n1494 佛說淨業障經（1 卷）〖失譯〗（15 紙欠）
					T17n0832 佛語經(1 卷)〖元魏菩提流支譯〗(3 紙)
					T14n0580 佛說長者女菴提遮師子吼了義經(1 卷)〖失譯〗(6 紙半欠)
					T14n0472 佛說大乘善見變化文殊師利問法經(1 卷)〖宋天息災譯〗(5 紙半餘)
					T14n0471 佛說文殊尸利行經(1 卷)〖隋豆那掘多譯〗(7 紙半餘)(津選)
					T14n0470 佛說文殊師利巡行經(1 卷)〖元魏菩提流支譯〗(6 紙)勘同0471
					T15n0591 商主天子所問經(1 卷)〖隋闍那崛多譯〗(16 紙餘)
					T14n0488 寶授菩薩菩提行經(1 卷)〖宋法賢譯〗(12 紙欠)
				（3）分別甚深菩薩行經（2部）
					T14n0460 佛說文殊師利淨律經（1 卷）〖西晉竺法護譯〗（12 紙半）
					T24n1489 清淨毘尼方廣經（1 卷）〖後秦鳩摩羅什譯〗（16 紙餘）
					T24n1490 寂調音所問經（1 卷）〖宋法海譯〗（17 紙餘）
					T15n0589 佛說魔逆經(1 卷)〖西晉竺法護譯〗(17 紙半)
				（4）發菩提心經（7部）
					T14n0574 佛說堅固女經(1 卷)〖隋那連提耶舍譯〗(5 紙餘)
					T17n0846 外道問聖大乘法無我義經(1 卷)〖宋法天譯〗(3 紙欠)
					T17n0834 大威燈光仙人問疑經(1 卷)〖隋闍那崛多等譯〗(14 紙餘)(津選)
					T17n0833 第一義法勝經(1 卷)〖元魏瞿曇般若流支譯〗(14 紙欠) 
					T14n0458 文殊師利問菩薩署經(1 卷)〖後漢支婁迦讖譯〗(19 紙) 
					T14n0571 佛說婦人遇辜經(1 卷)〖乞伏秦沙門聖堅譯〗(1 紙半欠)
					T14n0583 佛說黑氏梵志經(1 卷)〖吳支謙譯〗(3 紙)
					T12n0372 佛說如幻三摩地無量印法門經(3 卷)〖宋施護等譯〗（19 紙半）
				（5）証无生法忍經（4部）
					T09n0275 大乘方廣總持經(1 卷)〖隋毘尼多流支譯〗(13 紙欠)(津選)
					T09n0274 佛說濟諸方等學經(1 卷)〖西晉竺法護譯〗(13 紙半)
					T17n0811 佛說決定總持經（1卷8紙半）〖西晉月氏三藏竺法護譯〗（楊選）
					T17n0831 謗佛經（1卷7紙欠）〖元魏天竺三藏菩提流支譯〗 
					T21n1342 佛說無崖際總持法門經（1卷14紙余）〖西秦沙門聖堅譯〗（楊選）
					T21n1343 尊勝菩薩所問一切諸法入無量門陀羅尼經〖北齊居士萬天懿譯〗（1卷18紙半餘）
					T14n0533 菩薩生地經(1 卷)〖吳支謙譯〗(3 紙欠)
				（6）入不思議境界經（1部）
					T15n0648 寂照神變三摩地經(1 卷)〖唐玄奘譯〗(12 紙半)
		（四）第三时教（詳講地上兼及地前）（18部）
			一）三时教道次第（1部）
				T10n0308 佛說大方廣菩薩十地經(1 卷)〖元魏吉迦夜譯〗(7 紙欠)
			二）三时教義理（深密部類，唯識經）（10部）
				1、缘生經（7部）
					T17n0758 佛說諸行有為經(1 卷)〖宋法天譯〗(1 紙半餘)
					T14n0530 佛說須摩提長者經(1 卷)〖吳支謙譯〗(8 紙半欠)
					T14n0516 佛說勝軍王所問經(1 卷)〖宋施護譯〗(5 紙欠)(津選)
					T14n0514 佛說諫王經(1 卷)〖劉宋沮渠京聲譯〗(3 紙半欠)勘同0516
					T14n0515 如來示教勝軍王經(1 卷)〖唐玄奘譯〗(7 紙欠)勘同0516
					T15n0593 佛為勝光天子說王法經(1 卷)〖唐義淨譯〗(6 紙欠)勘同0516
					T17n0796 佛說見正經(1 卷)〖東晉竺曇無蘭譯〗(7 紙欠)
					T14n0577 佛說大乘流轉諸有經(1 卷)〖唐義淨譯〗(2 紙餘)(津選)勘同575
					T14n0575 佛說大方等修多羅王經(1 卷)〖後魏菩提流支譯〗(2 紙欠)
					T14n0576 佛說轉有經(1 卷)〖元魏佛陀扇多譯〗(2 紙欠)勘同575
					T16n0711 大乘舍黎娑擔摩經(1 卷)〖宋施護譯〗(6 紙餘)(津選)
					T16n0708 了本生死經(1 卷)〖吳支謙譯〗(4 紙餘)勘同0711
					T16n0709 佛說稻芉經(1 卷)〖失譯〗(6 紙餘)勘同0711
					T16n0710 慈氏菩薩所說大乘緣生稻𦼮喻經(1 卷)〖唐不空譯〗(7 紙餘)勘同0711
					T16n0712 佛說大乘稻芉經(1 卷)〖失譯〗(8 紙餘)勘同0711
					T14n0568 有德女所問大乘經(1 卷)〖唐菩提流志譯〗(3 紙半餘)(津選)勘同0567
					T14n0567 佛說梵志女首意經(1 卷)〖西晉竺法護譯〗(4 紙半)
				2、法相經（2部）
					T14n0559 佛說老女人經(1 卷)〖吳支謙譯〗(2 紙欠)(津選)
					T14n0560 佛說老母女六英經(1 卷)〖劉宋求那跋陀羅譯〗(1 紙)勘同559
					T14n0561 佛說老母經(1 卷)〖失譯〗(2 紙欠)勘同559
					T15n0654 佛說入無分別法門經(1 卷)〖宋施護譯〗(4 紙餘)
				3、深密經（1部）
					T16n0680 佛說佛地經(1 卷)〖唐玄奘譯〗(9 紙欠) 
			三） 三时教菩薩行經 （2部）
				T14n0464 文殊師利問菩提經(1 卷)〖姚秦鳩摩羅什譯〗(6 紙半)(津選)
				T14n0465 伽耶山頂經(1 卷)〖元魏菩提流支譯〗(9 紙半)勘同0464
				T14n0466 佛說象頭精舍經(1 卷)〖隋毘尼多流支譯〗(8 紙半)勘同0464
				T14n0467 大乘伽耶山頂經(1 卷)〖唐菩提流志譯〗(8 紙欠)勘同0464
				T15n0644 佛說金剛三昧本性清淨不壞不滅經(1 卷)〖失譯〗(7 紙欠)
			四）华嚴部類（5部）
				T14n0547 大花嚴長者問佛那羅延力經(1 卷)〖唐般若共利言譯〗(1 紙)
				T17n0807 佛說內藏百寶經(1 卷)〖後漢支婁迦讖譯〗(7 紙半欠)
				T17n0836 大方廣師子吼經(1 卷)〖唐地婆訶羅譯〗(4 紙半欠)(津選)
				T17n0835 如來師子吼經(1 卷)〖元魏佛陀扇多譯〗(5 紙餘)勘同0836
				T10n0298 大方廣普賢所說經(1 卷)〖唐實叉難陀譯〗(4 紙欠)
				T10n0304 大方廣入如來智德不思議經(1 卷)〖唐實叉難陀譯〗(13 紙欠)(津選)
				T10n0302 度諸佛境界智光嚴經(1 卷)〖失譯〗(16 紙欠)勘同0304
				T10n0303 佛華嚴入如來德智不思議境界經(2 卷)〖隋闍那崛多譯〗(20 紙餘)勘同0304 
		（五）法华涅槃时教（圆教、佛乘）（6部）
			一）法性如来藏經（4部）
				T16n0668 佛說不增不減經(1 卷)〖元魏菩提流支譯〗(6 紙欠)
				T12n0355 入法界體性經(1 卷)〖隋闍那崛多譯〗(9 紙欠)(津選)勘同0356
				T12n0356 佛說寶積三昧文殊師利菩薩問法身經(1 卷)〖後漢安世高譯〗(5紙半)
				T13n0413 百千頌大集經地藏菩薩請問法身讚(1 卷)〖唐不空譯〗(9 紙欠) 
				T16n0667 大方廣如來藏經(1 卷)〖唐不空譯〗(16 紙半)(楊選)
				T16n0666 大方等如來藏經(1 卷)〖東晉佛陀跋陀羅譯〗(10 紙半餘)勘同0667
			二）法华經類（2部）
				T09n0276 無量義經(1 卷)〖蕭齊曇摩伽陀耶舍譯〗(18 紙餘)
				T09n0269 佛說法華三昧經(1 卷)〖宋涼州沙門智嚴譯〗(13 紙餘)
第二輯：中篇佛經彙編 經藏 (58部)
	（二）第一时教(3部)
		T17n0790 佛說孛經抄(1 卷)〖吳支謙譯〗（22 紙）
		T17n0729 佛說分別善惡所起經(1 卷)〖後漢安世高譯〗（20 紙餘）
		T17n0757 佛說身毛喜豎經(1 卷)〖宋惟淨等譯〗（25 紙半餘）
	（三）第二时教(27部)
		一）功德本愿淨土經 (6部)
			T14n0433 佛說寶網經(1 卷)〖西晉竺法護譯〗（27 紙餘）
			T11n0313 阿閦佛國經(2 卷)〖後漢支婁迦讖譯〗（37 紙半）堪同不動會
			T12n0360 佛說無量壽經(2 卷)〖曹魏康僧鎧譯〗（楊選）（41 紙）勘同大寶積經無量壽如來會
			T12n0361 佛說無量清淨平等覺經(4 卷)〖後漢支婁迦讖譯〗（62 紙欠）堪同0360
			T12n0362 佛說阿彌陀三耶三佛薩樓佛檀過度人道經(2 卷)〖吳支謙譯〗(54紙欠)堪同0360
			T12n0363 佛說大乘無量壽莊嚴經(3 卷)〖宋法賢譯〗（26 紙）堪同0360 
			T14n0451 藥師琉璃光七佛本願功德經(2 卷)〖唐義淨譯〗（津選）（28 紙）
			T14n0449 佛說藥師如來本願經(1 卷)〖隋達摩笈多譯〗（10 紙餘）
			T14n0450 藥師琉璃光如來本願功德經(1 卷)〖唐玄奘譯〗（11 紙半）
			T13n0412 地藏菩薩本願經(2 卷)〖唐實叉難陀譯〗（37 紙欠）
			T13n0405 虛空藏菩薩經(1 卷)〖姚秦佛陀耶舍譯〗（26 紙餘）
			T13n0406 佛說虛空藏菩薩神咒經(1 卷)〖失譯〗（17 紙欠）堪同0405
			T13n0407 虛空藏菩薩神咒經(1 卷)〖宋曇摩蜜多譯〗（16 紙餘）堪同0405
			T13n0408 虛空孕菩薩經(2 卷)〖隋闍那崛多譯〗（29 紙欠）堪同0405
		二）初机大乘經（外凡夫位）(4部)
			T13n0422 大集譬喻王經(2 卷)〖隋闍那崛多譯〗（32 紙半欠）
			T17n0754 佛說未曾有因緣經(2 卷)〖蕭齊曇景譯〗（39 紙半）
			T17n0821 大方廣如來祕密藏經(2 卷)〖失譯〗（24 紙半欠）
			T14n0579 優婆夷淨行法門經(2 卷)〖失譯〗（34 紙欠） 
		三）二时教菩薩道（詳説贤位兼及地上）(17部)
			2、般若部類(7部)
				T08n0260 佛說開覺自性般若波羅蜜多經(4 卷)〖宋惟淨等譯〗（30 紙欠）
				T14n0566 樂瓔珞莊嚴方便品經(1 卷)〖姚秦曇摩耶舍譯〗（26 紙欠）（津選）
				T14n0565 順權方便經(2 卷)〖西晉竺法護譯〗（27 紙）堪同0566
				T14n0479 善思童子經(2 卷)〖隋闍那崛多譯〗（津選）（29 紙餘）
				T14n0477 佛說大方等頂王經(1 卷)〖西晉竺法護譯〗（27 紙欠）
				T14n0478 大乘頂王經(1 卷)〖梁月婆首那譯〗（25 紙欠）堪同0477
				T15n0647 力莊嚴三昧經(3 卷)〖隋那連提耶舍譯〗（36 紙欠）
				T12n0359 佛說大乘入諸佛境界智光明莊嚴經(5 卷)〖宋法護等譯〗（津選）（35紙餘）
				T12n0357 如來莊嚴智慧光明入一切佛境界經(2 卷)〖元魏曇摩流支譯〗（33 紙餘）
				T12n0358 度一切諸佛境界智嚴經(1 卷)〖梁僧伽婆羅等譯〗(半卷)（11紙）堪同0359 
				T15n0588 佛說須真天子經(4 卷)〖西晉竺法護譯〗（46 紙半）
				T14n0462 大方廣寶篋經(3 卷)〖劉宋求那跋陀羅譯〗（津選）（42 紙欠）
				T14n0461 佛說文殊師利現寶藏經(2 卷)〖西晉竺法護譯〗（41 紙半）堪同0462
			3、方廣部類（廣説菩薩行）(10部)
				（1）發菩提心經(3部)
					T14n0543 佛說巨力長者所問大乘經(3 卷)〖劉宋智吉祥等譯〗（22 紙餘）
					T17n0818 大莊嚴法門經(2 卷)〖隋那連提耶舍譯〗（津選）（25 紙半）
					T17n0817 佛說大淨法門經(1 卷)〖西晉竺法護譯〗（25 紙欠）堪同0818
					T17n0843 佛說大乘不思議神通境界經(3 卷)〖宋施護譯〗（26 紙餘）
				（2）証无生法忍經(3部)
					T12n0382 集一切福德三昧經(3 卷)〖姚秦鳩摩羅什譯〗（津選）（46 紙半）
					T12n0381 等集眾德三昧經(3 卷)〖西晉竺法護譯〗（47 紙半欠）堪同0382
					T13n0420 自在王菩薩經(2 卷)〖姚秦鳩摩羅什譯〗（津選）（32 紙半）
					T13n0421 奮迅王問經(2 卷)〖元魏瞿曇般若流支譯〗（39 紙餘）堪同0420
					T17n0810 諸佛要集經(2 卷)〖西晉竺法護譯〗（41 紙餘）
				（3）入不思議境界經(4部)
					T15n0634 佛說大乘智印經(5 卷)〖宋智吉祥等譯〗（津選）（41 紙）
					T15n0632 佛說慧印三昧經(1 卷)〖吳支謙譯〗（22 紙半餘）堪同0634
					T15n0633 佛說如來智印經(1 卷)〖失譯〗（19 紙餘）堪同0634
					T15n0621 佛說佛印三昧經(1 卷)〖後漢安世高譯〗（2 紙半）
					T15n0636 無極寶三昧經(2 卷)〖西晉竺法護譯〗（津選）（33 紙）
					T15n0637 佛說寶如來三昧經(2 卷)〖東晉祇多蜜譯〗（40 紙欠）堪同0636
					T15n0638 佛說超日明三昧經(2卷) 〖西晉聶承遠譯〗（50紙）
					T15n0630 佛說成具光明定意經(1 卷)〖後漢支曜譯〗（21 紙餘）
		四）第三时教（詳講地上兼及地前）(7部)
			一）三时教道次第(2部)
				T24n1485 菩薩瓔珞本業經（2 卷）〖姚秦竺佛念譯〗（38 紙餘）
				T08n0246 仁王護國般若波羅蜜多經(2 卷)〖唐不空譯〗（津選）（32 紙半餘）
				T08n0245 佛說仁王般若波羅蜜經(2 卷)〖姚秦鳩摩羅什譯〗（27 紙餘）
			二）三时教義理（深密部類，唯識經）(2部)
				T16n0717 分別緣起初勝法門經 (2 卷)〖唐玄奘譯〗（23 紙）（楊選）
				T16n0716 緣生初勝分法本經(2 卷)〖隋達摩笈多譯〗（20 紙餘）堪同0717
				T15n0650 諸法無行經(2 卷)〖姚秦鳩摩羅什譯〗（津選）（35 紙欠）
				T15n0651 佛說諸法本無經(3 卷)〖隋闍那崛多譯〗（37 紙餘）堪同0650
				T15n0652 佛說大乘隨轉宣說諸法經(3 卷)〖宋紹德等譯〗（26 紙餘）堪同0650
			三）三时教菩薩行經(2部)
				T16n0673 大乘同性經(2 卷)〖周闍那耶舍譯〗（津選）（37 紙欠）
				T16n0674 證契大乘經(2 卷)〖唐地婆訶羅譯〗（32 紙半）堪同0673
				T15n0642 佛說首楞嚴三昧經(2 卷)〖姚秦鳩摩羅什譯〗（48 紙半）
			四）华嚴部類(1部)
				T17n0815 佛昇忉利天為母說法經(3 卷)〖西晉竺法護譯〗（津選）（36 紙半欠）
				T17n0816 佛說道神足無極變化經(4 卷)〖西晉安法欽譯〗（51 紙半）堪同0815
		五）法华涅槃时教（圆教、佛乘）(8部)
			一）法性如来藏經(3部)
				T08n0233 文殊師利所說般若波羅蜜經(1 卷)〖梁僧伽婆羅譯〗（20 紙余）（楊選）
				T08n0232 文殊師利所說摩訶般若波羅蜜經(2 卷)〖梁曼陀羅仙譯〗（19 紙半）
				T09n0270 大法鼓經(2 卷)〖劉宋求那跋陀羅譯〗（30 紙欠） 
				T16n0669 佛說無上依經(2 卷)〖梁真諦譯〗（津選）（29 紙半欠）
				T16n0688 佛說未曾有經(1 卷)〖失譯〗（3 紙欠）
				T16n0689 甚稀有經(1 卷)〖唐玄奘譯〗（4 紙半餘）堪同688
			三）涅槃經類(2部)
				T12n0385 中陰經(2 卷)〖姚秦竺佛念譯〗（35 紙半欠）
				T12n0378 佛說方等般泥洹經(2 卷)〖西晉竺法護譯〗（津選）（50 紙欠）
				T12n0379 四童子三昧經(3 卷)〖隋闍那崛多譯〗（48 紙半欠）堪同0378
			四）佛乘總要(3部)
				T17n0839 占察善惡業報經(2 卷)〖隋菩提燈譯〗（楊選）（27 紙餘）
				T09n0273 金剛三昧經(1 卷)〖失譯〗（26 紙餘）
				T17n0842 大方廣圓覺修多羅了義經(1 卷)〖唐佛陀多羅譯〗（27 紙）
第三輯：戒定慧經典彙編 律藏（廣義，詳説行持方法）
	一、律藏（狭義，律典） (15部)
		（一）居士戒律 (6部)
			T17n0769 佛說四輩經（1 卷）〖西晉竺法護譯〗（2 紙半餘）
			T24n1476 佛說優婆塞五戒相經（1 卷）〖宋求那跋摩譯〗（13 紙半欠）
			T14n0501 佛說沙曷比丘功德經（1 卷）〖西晉法炬譯〗（2 紙餘）
			T24n1486 受十善戒經（1 卷）〖失譯〗（17 紙欠）
			T24n1498 佛說八種長養功德經（1 卷）〖宋施護等譯〗（1 紙餘）
			T17n0727 十不善業道經（1 卷）〖宋日稱等譯〗（1 紙餘）
			T18n0916 受五戒八戒文（1 卷）〖〗（3 紙欠）
		（二）菩薩戒藏(9部)
			T24n1502 菩薩受齋經（1 卷）〖西晉聶道真譯〗（2 紙餘）
			T24n1503 優婆塞五戒威儀經（1 卷）〖宋求那跋摩譯〗（14 紙餘）
			T30n1583 菩薩善戒經（1 卷）〖劉宋求那跋摩譯〗（14 紙欠）
			T24n1488 優婆塞戒經（7 卷）〖北涼曇無讖譯〗（124 紙半欠）
			T24n1484 梵網經（2 卷）〖後秦鳩摩羅什譯〗（38 紙半餘）
			T14n0468 文殊師利問經（2 卷）〖梁僧伽婆羅譯〗（50 紙餘）
			T14n0469 文殊問經字母品第十四（1 卷）〖唐不空譯〗（2 紙餘）堪出0468文殊問經
			T24n1487 佛說菩薩內戒經（1 卷）〖宋求那跋摩譯〗（16 紙餘）
			T24n1501 菩薩戒本（1 卷）〖唐玄奘譯〗（17 紙欠）（楊選）堪同涼譯戒本
			T24n1500 菩薩戒本（1 卷）〖北涼曇無讖譯〗（10 紙欠）
			T24n1499 菩薩戒羯磨文（1 卷）〖唐玄奘譯〗（5 紙半欠）
	二、禮忏法(31部)
		（一）禮忏供养法(10部)
			T14n0483 三曼陀跋陀羅菩薩經（1 卷）〖西晉聶道真譯〗（6 紙半）
			T24n1491 菩薩藏經（1 卷）〖梁僧伽婆羅譯〗（9 紙餘）
			T24n1492 佛說舍利弗悔過經（1 卷）〖後漢安世高譯〗（4 紙餘）
			T24n1493 大乘三聚懺悔經（1 卷）〖隋闍那崛多共笈多等譯〗（12 紙欠）
			T14n0459 佛說文殊悔過經（1 卷）〖西晉竺法護譯〗（20 紙欠）
			T14n0486 師子莊嚴王菩薩請問經（1 卷）〖唐那提譯〗（3 紙餘）
			T14n0487 離垢慧菩薩所問禮佛法經（1 卷）〖唐那提譯〗（4 紙半餘）
			T32n1685 佛說八大靈塔名號經（1 卷）〖宋法賢譯〗（1 紙半欠）
			T24n1504 菩薩五法懺悔文（1 卷）〖失譯〗（1 紙半）
			T12n0326 佛說三十五佛名禮懺文（1 卷）〖唐不空譯〗（2 紙欠）堪出優波離會
			T14n0491 六菩薩亦當誦持經(1 卷)〖失譯〗（1 紙半欠）
			T32n1689 請賓頭盧法（1 卷）〖劉宋慧簡譯〗（1 紙半）
		（二）頌贊發愿(13部)
			T12n0373 後出阿彌陀佛偈（1 卷）〖失譯〗（十四偈）（1 紙）
			T32n1675 讚法界頌（1 卷）〖宋施護譯〗（6 紙餘）
			T32n1678 佛三身讚（1 卷）〖宋法賢譯〗（1 紙欠）（楊選）
			T32n1677 三身梵讚（1 卷）〖宋法賢譯〗（1 紙餘）
			T32n1679 佛一百八名讚（1 卷）〖宋法天譯〗（2 紙餘）
			T32n1680 一百五十讚佛頌（1 卷）〖唐義淨譯〗（11 紙欠）
			T32n1681 佛吉祥德讚（3 卷）〖宋施護譯〗（21 紙餘）
			T19n0942 釋迦佛讚（1 卷）〖清達喇嘛薩穆丹達爾吉譯〗（2 紙餘）
			T20n1052 讚觀世音菩薩頌（1 卷）〖唐慧智譯〗（3 紙欠）
			T20n1053 聖觀自在菩薩功德讚（1 卷）〖宋施護譯〗（3 紙餘）
			T20n1198 聖者文殊師利發菩提心願文（1 卷）〖元智慧譯〗（半紙餘）
			T32n1676 廣大發願頌（1 卷）〖宋施護等譯〗（1 紙半餘）
			T20n1144 佛說彌勒菩薩發願王偈（1 卷）〖清工布查布譯〗（4 紙餘）
			T19n0935 極樂願文（1 卷）〖清逹喇嘛嘎卜楚薩木丹達爾吉譯〗（4 紙餘）
		（三）佛名經(8部)
			T14n0439 佛說諸佛經(1 卷)〖宋施護譯〗（3 紙餘）
			T14n0445 佛說不思議功德諸佛所護念經(2 卷)〖失譯〗（25 紙半）
			T14n0446a 過去莊嚴劫千佛名經(1 卷)〖失譯〗（19 紙餘）（楊選）
			T14n0446b 過去莊嚴劫千佛名經(1 卷)〖失譯〗（14 紙半）
			T14n0447a 現在賢劫千佛名經(1 卷)〖失譯〗（22 紙半）（楊選）
			T14n0447b 現在賢劫千佛名經(1 卷)〖失譯〗（13 紙半餘）
			T14n0448a 未來星宿劫千佛名經(1 卷)〖失譯〗（16 紙餘）（楊選）
			T14n0448b 未來星宿劫千佛名經(1 卷)〖失譯〗（16 紙餘）
			T14n0440 佛說佛名經(12 卷)〖元魏菩提流支譯〗（楊選）（210 紙餘）
			T14n0441 佛說佛名經(30 卷)〖〗（379 頁半）
			T14n0442 十方千五百佛名經(1 卷)〖失譯〗(18 紙餘)
			T14n0443 五千五百佛名神咒除障滅罪經（8 卷）〖隋闍那崛多譯〗（108 紙欠）
	三、建造法 (8部)
		T17n0785 得道梯橙錫杖經（1 卷）〖失譯〗（5 紙半欠）
		T17n0786 佛說木槵子經（1 卷）〖失譯〗（1 紙餘）
		T17n0787 曼殊室利咒藏中校量數珠功德經（1 卷）〖唐義淨譯〗（楊選）
		T17n0788 佛說校量數珠功德經（1 卷）〖唐寶思惟譯〗（1 紙半）
		T17n0789 金剛頂瑜伽念珠經（1 卷）〖唐不空譯〗（1 紙餘）
		T21n1418 佛說一切如來安像三昧儀軌經（1 卷）〖宋施護譯〗（7 紙餘）
		X01n0028 佛說造像量度經（1 卷）〖清工布查布譯〗（2 紙半欠）
		T21n1419 佛說造像量度經解（1 卷）〖清工布查布譯解〗（50 紙半欠有多圖）
		T21n1322 新集浴像儀軌（1 卷）〖唐慧琳述〗（3 紙餘）
	四、禅藏（29部）
		（一）声闻乘禅法經典(16部)
			T15n0604 佛說禪行三十七品經（1 卷）〖後漢安世高譯〗（2 紙餘）
			T15n0605 禪行法想經（1 卷）〖後漢安世高譯〗（1 紙欠）
			T15n0612 身觀經（1 卷）〖西晉竺法護譯〗（2 紙欠）
			T15n0610 佛說內身觀章句經（1 卷）〖失譯〗（4 紙欠）
			T15n0615 菩薩訶色欲法經（1 卷）〖姚秦鳩摩羅什譯〗（半紙餘）
			T15n0611 法觀經（1 卷）〖西晉竺法護譯〗（5 紙欠）
			T01n0096 佛說治意經（1 卷）〖失譯〗（1 紙欠）
			T15n0608 小道地經（1 卷）〖後漢支曜譯〗（3 紙半）
			T15n0609 禪要經（1 卷）〖失譯〗（4 紙）
			T15n0603 陰持入經（2 卷）〖後漢安世高譯〗（22 紙）
			T15n0602 佛說大安般守意經（2 卷）〖後漢安世高譯〗（31 紙欠）
			T15n0614 坐禪三昧經（2 卷）〖姚秦鳩摩羅什譯〗（48 紙半）
			T15n0616 禪法要解（2 卷）〖姚秦鳩摩羅什譯〗（34 紙）
			T15n0619 五門禪經要用法（1 卷）〖劉宋曇摩蜜多譯〗（22 紙欠）
			T15n0606 修行道地經（7 卷）〖西晉竺法護譯〗（147 紙欠）
			T15n0607 道地經（1 卷）〖後漢安世高譯〗（18 紙欠）
			T15n0618 達摩多羅禪經（2 卷）〖東晉佛陀跋陀羅譯〗（74 紙半）
		（二）大乘禅法經典（13部）
			T13n0409 觀虛空藏菩薩經（1 卷）〖劉宋曇摩蜜多譯〗（2 紙）
			T20n1161 佛說觀藥王藥上二菩薩經（1卷）〖宋西域三藏畺良耶舍譯〗（18紙欠）
			T14n0463 佛說文殊師利般涅槃經（1 卷）〖西晉聶道真譯〗（4 紙欠）
			T09n0277 佛說觀普賢菩薩行法經（1 卷）〖劉宋曇無蜜多譯〗（15 紙欠）
			T10n0301 大方廣如來不思議境界經(1 卷)〖唐實叉難陀譯〗(9 紙半餘)(津選)
			T10n0300 大方廣佛華嚴經不思議佛境界分(1 卷)〖唐提雲般若譯〗(11紙餘)堪同0301
			T10n0306 大方廣佛花嚴經修慈分(1 卷)〖唐提雲般若等譯〗(6 紙半餘)
			T13n0417 佛說般舟三昧經(1 卷)〖後漢支婁迦讖譯〗（15 頁欠）
			T15n0643 佛說觀佛三昧海經(10 卷)〖東晉佛陀跋陀羅譯〗（154紙餘）
			T15n0613 禪祕要法經（3 卷）〖姚秦鳩摩羅什等譯〗（81 紙）
			T15n0620 治禪病祕要法（2 卷）〖劉宋沮渠京聲譯〗（28 紙）
			T15n0617 思惟略要法（1 卷）〖姚秦鳩摩羅什譯〗（9 紙）
			T32n1655 止觀門論頌（1 卷）〖唐義淨譯〗（5 紙半）
			T31n1607 六門教授習定論（1 卷）〖唐義淨譯〗（10 紙欠）
第四輯：事緣類中長篇佛經彙編 經藏 (13部中篇)(51部長篇--从第四到第八輯)
	一、中篇事缘經 (13部)
		（一）本行部類（佛傳）(5部)
			T04n0196 中本起經(2 卷)〖後漢曇果共康孟詳譯〗（48 紙餘）
			T04n0198 佛說義足經(2 卷)〖吳支謙譯〗（46 紙半）
			T12n0383 摩訶摩耶經(2 卷)〖蕭齊沙門釋曇景譯〗（30 紙餘）
			T12n0386 蓮華面經(2 卷)〖隋那連提耶舍譯〗（22 紙欠）
			T12n0377 大般涅槃經後分(2 卷)〖唐若那跋陀羅譯〗（36 紙半）
		（二）本事部類（佛及弟子証道缘起）(2部)
			T04n0197 佛說興起行經(2 卷)〖後漢康孟詳譯〗（31 紙）
			T04n0199 佛五百弟子自說本起經(1 卷)〖西晉竺法護譯〗（27 紙半）
		（三）因缘經（因果故事）(2部)
			T14n0545 佛說德護長者經(2 卷)〖隋那連提耶舍譯〗（津選）（30 紙半）
			T14n0534 佛說月光童子經(1 卷)〖西晉竺法護譯〗（8 紙半欠）
			T14n0535 佛說申日經(1 卷)〖西晉竺法護譯〗（4 紙半）堪同0534
			T14n0536 申日兒本經(1 卷)〖劉宋求那跋陀羅譯〗（2 紙半欠）堪同0534
			T14n0549 佛說光明童子因緣經(4 卷)〖宋施護譯〗（32 紙欠）
			T14n0540b 佛說樹提伽經(1 卷)〖劉宋求那跋陀羅譯〗(2 紙半餘)
			T14n0540a 佛說樹提伽經(1 卷)〖劉宋求那跋陀羅譯〗(2 紙半)
		（五）受記經 (1部)
			T14n0480 佛說月上女經(2 卷)〖隋闍那崛多譯〗（26 紙）
		（六）本生部類(3部)
			T03n0170 佛說德光太子經(1 卷)〖西晉竺法護譯〗（20 紙餘）
			T03n0173 佛說福力太子因緣經(4 卷)〖宋施護譯〗（24 紙餘）
			T03n0155 佛說菩薩本行經(3 卷)〖失譯〗（46 紙）
			T03n0162 金色王經(1 卷)〖東魏瞿曇般若流支譯〗(8 紙欠)
	二、長篇事缘經（7部）
		T03n0189 過去現在因果經(4 卷)〖劉宋求那跋陀羅譯〗（津選）（98紙半）
		T03n0184 修行本起經(2 卷)〖後漢竺大力共康孟詳譯〗（35 紙欠）
		T03n0185 佛說太子瑞應本起經(2 卷)〖吳支謙譯〗（31 紙半）
		T03n0188 異出菩薩本起經(1 卷)〖西晉聶道真譯〗(10 紙欠)
		T14n0498 佛說初分說經(2 卷)〖宋施護譯〗（16 紙）
		T03n0191 佛說眾許摩訶帝經(13 卷)〖宋法賢譯〗（131 紙欠）
		T03n0187 方廣大莊嚴經(12 卷)〖唐地婆訶羅譯〗（津選）（235紙餘）
		T03n0186 佛說普曜經(8 卷)〖西晉竺法護譯〗（165 欠）
		T14n0550 金色童子因緣經(12 卷)〖宋惟淨等譯〗（86 紙半餘）
		T03n0152 六度集經(8 卷)〖吳康僧會譯〗（津選）（154 紙）
		T03n0171 太子須大拏經〖西秦聖堅譯〗（1卷15紙半）勘出0152第2卷
		T03n0174 佛説菩薩睒子經)〖失譯〗（1卷6紙余）勘同六2卷
		T03n0175a 佛説睒子經〖西秦聖堅譯〗（1卷5紙余）
		T03n0175b 睒子經〖乞伏秦聖堅譯〗（1卷5紙半）
		T03n0175c 佛説睒子經〖姚秦聖堅譯〗（1卷5紙半）
		T03n0167 佛説太子慕魄經〖後漢安世高譯〗（1卷5紙）勘出0152第4卷
		T03n0168 佛説太子墓魄經〖西晉竺法護譯〗（1卷3紙欠）
		T03n0181a 佛説九色鹿經〖吴支謙譯〗（1卷2紙）勘同0152第6卷
		T03n0181b 佛説九色鹿經〖吴支謙譯〗（1卷2紙）
		T03n0177 佛説大意經〖劉宋求那跋陀羅譯〗（1卷5紙欠）勘出0152第1卷
		T03n0161 长壽王經〖失譯〗（1卷6紙半欠）勘出0152第1卷
		T03n0165 佛説頂生王因缘經〖宋施護等譯〗（6卷40紙半欠）勘出0152第2卷
		T04n0202 賢愚經(13 卷)〖元魏慧覺等譯〗（288 紙）
		T03n0154 生經(5 卷)〖西晉竺法護譯〗（116 紙）
第五輯：菩薩廣行長篇佛經彙編
	三、長篇説法經（44部）
		T17n0765 本事經(7 卷)〖唐玄奘譯〗（111 紙餘）
		T14n0434 佛說稱揚諸佛功德經(3 卷)〖元魏吉迦夜譯〗（54 紙欠）
		T13n0411 大乘大集地藏十輪經(10 卷)〖唐玄奘譯〗（津選）（170紙）
		T13n0410 大方廣十輪經(8 卷)〖失譯〗（117 紙半）堪同0411
		T12n0380 大悲經(5 卷)〖高齊那連提耶舍譯〗（83 紙餘）
		T03n0157 悲華經(10 卷)〖北涼曇無讖譯〗（津選）（200 紙餘）
		T03n0158 大乘悲分陀利經(8 卷)〖失譯〗（166 紙半）堪同0157
		T03n0156 大方便佛報恩經(7 卷)〖失譯〗（126 餘）
		T14n0425 賢劫經(8 卷)〖西晉竺法護譯〗（194 紙半欠）
		T16n0660 佛說寶雨經(10 卷)〖唐達摩流支譯〗（津選）（135 紙半）
		T16n0658 寶雲經(7 卷)〖梁曼陀羅仙譯〗（96 紙欠）堪同0660
		T16n0659 大乘寶雲經(7 卷)〖梁曼陀羅仙共僧伽婆羅譯〗（127紙半）
		T14n0489 佛說除蓋障菩薩所問經(20卷)〖宋法護等譯〗(142紙半餘)堪是寶雲經廣本
第六輯：第二时教方廣部類長篇佛經彙編
	（1）發菩提心經（4部）
		T15n0653 佛藏經（3 卷）〖姚秦鳩摩羅什譯〗（68 紙欠）
		T13n0416 大方等大集經賢護分(5 卷)〖隋阇那崛多譯〗（津選）（77紙半）
		T13n0417 佛說般舟三昧經(1 卷)〖後漢支婁迦讖譯〗（15 紙欠）
		T13n0418 般舟三昧經(3 卷)〖後漢支婁迦讖譯〗（50 紙半欠）
		T13n0419 拔陂菩薩經(1 卷)〖失譯〗（13 紙半）堪同般舟三昧經初四品
		T13n0415 大方等大集經菩薩念佛三昧分(10 卷)〖隋達磨芨多譯〗（津選）（125紙半）
		T13n0414 菩薩念佛三昧經(5 卷)〖劉宋功德直譯〗（111 紙欠）堪同0415
		T16n0657 佛說華手經(10 卷)〖姚秦鳩摩羅什譯〗（245 紙半）
	（2）証无生法忍經（7部）
		T15n0598 佛說海龍王經(4 卷)〖西晉竺法護譯〗（79 紙欠）
		T15n0600 十善業道經（1卷)〖唐實叉難陀譯〗（5紙）
		T15n0601 佛為娑伽羅龍王所說大乘經（1卷）〖宋施護譯〗（8紙余）
		T15n0625 大樹緊那羅王所問經(4 卷)〖姚秦鳩摩羅什譯〗（64 紙半）
		T15n0624 佛說伅真陀羅所問如來三昧經(3 卷)〖後漢支婁迦讖譯〗（57 紙欠）
		T15n0586 思益梵天所問經(4 卷)〖姚秦鳩摩羅什譯〗（津選）（87紙）
		T15n0585 持心梵天所問經(4 卷)〖西晉竺法護譯〗（96 紙餘）
		T15n0587 勝思惟梵天所問經(6 卷)〖元魏菩提流支譯〗（103紙）堪同0585
		T15n0649 觀察諸法行經(4 卷)〖隋阇那崛多譯〗（66 紙欠）
		T15n0628 佛說未曾有正法經(6 卷)〖宋法天譯〗（63 紙欠）
		T15n0626 佛說阿阇世王經(2 卷)〖後漢支婁迦讖譯〗（52 紙餘）堪同0628
		T15n0627 文殊支利普超三昧經(3 卷)〖西晉竺法護譯〗（65 紙半）堪同0628
		T15n0629 佛說放缽經(1 卷)〖失譯〗（6 紙餘）堪同0628
		T13n0403 阿差末菩薩經(7 卷)〖西晉竺法護譯〗（94 紙）
		T15n0635 佛說弘道廣顯三昧經(4 卷)〖西晉竺法護譯〗（56 紙餘）
	（3）入不思議境界經（3部）
		T15n0639 月燈三昧經(10 卷)〖高齊那連提耶舍譯〗（210 紙）
		T15n0640 佛說月燈三昧經(1 卷)〖劉宋先公譯〗（9 紙半）堪同0639
		T15n0641 佛說月燈三昧經(1 卷)〖劉宋先公譯〗（17 紙半）堪同0639
		T14n0475 維摩詰所說經(3 卷)〖姚秦鳩摩羅什譯〗（津選）（62紙欠）
		T14n0474 佛說維摩詰經(2 卷)〖吳支謙譯〗（54 紙欠）堪同0475
		T14n0476 說無垢稱經(6 卷)〖唐玄奘譯〗（92 紙欠）堪同0475
		T14n0485 無所有菩薩經(4 卷)〖隋阇那崛多等譯〗（72 紙欠）
	（4）菩薩道經集
		T11n0310 大寶積經 (120卷)【唐 菩提流志譯】
		T13n0397 大方等大集經 (60卷)【北涼 曇無讖譯】
第七輯：第三时教長篇佛經彙編
	二）三时教義理（深密部類，唯識經）（4部）
		T14n0482 持世經(4 卷)〖姚秦鳩摩羅什譯〗（74 紙欠）堪同0481
		T14n0481 持人菩薩經(4 卷)〖西晉竺法護譯〗（51 紙）
		T16n0676 解深密經(5 卷)〖唐玄奘譯〗（津選）（70 紙欠）
		T16n0675 深密解脫經(5 卷)〖元魏菩提流支譯〗（68 紙半）堪同0676
		T16n0677 佛說解節經(1 卷)〖陳真諦譯〗（9 紙半）堪是0676少分
		T16n0678 相續解脫地波羅蜜了義經(1 卷)〖劉宋求那跋陀羅譯〗(半卷)（10紙餘）
		T16n0679 相續解脫如來所作隨順處了義經(1卷)〖劉宋求那跋陀羅譯〗(半卷)（7 紙欠）
		T16n0682 大乘密嚴經(3 卷)〖唐不空譯〗（津選？）（86 紙欠）
		T16n0681 大乘密嚴經(3 卷)〖唐地婆訶羅譯〗（72 紙）堪同0682
		T16n0670 楞伽阿跋多羅寶經(4 卷)〖劉宋求那跋陀羅譯〗（津選）（103 紙半）
		T16n0671 入楞伽經(10 卷)〖元魏菩提流支譯〗（216 紙欠）堪同0670
		T16n0672 大乘入楞伽經(7 卷)〖唐實叉難陀譯〗（160 紙欠）堪同0670
	三）三时教菩薩行經（5部）
		T08n0261 大乘理趣六波罗蜜多經(10 卷)〖唐般若譯〗（156 紙欠）
		T30n1582 菩薩善戒經(9 卷)〖劉宋求那跋摩譯〗（161 紙半欠）（從論藏堪入）
		T30n1581 菩薩地持經(10 卷)〖北涼曇無讖譯〗（214 紙餘）（從論藏堪入）
		T30n1583 菩薩善戒經（1卷）〖宋求那跋摩譯〗 (14紙欠） 
		T03n0159 大乘本生心地觀經(8 卷)〖唐般若譯〗（122 紙半欠）
		T10n0309 最勝問菩薩十住除垢斷結經(10 卷)〖姚秦竺佛念譯〗（244紙餘）
		T16n0656 菩薩瓔珞經(14 卷)〖姚秦竺佛念譯〗（378 紙欠）
	四）华嚴部類 （2部）
		T10n0299 大方廣總持寶光明經(5 卷)〖宋法天譯〗（63 紙欠）
		T10n0305 信力入印法門經(5 卷)〖元魏曇摩流支譯〗（91 紙餘）堪是華嚴經別品
	（五）法华涅槃时教（圆教、佛乘）（11部）
		一）法性如来藏經  （2部）
			T08n0231 胜天王般若波罗蜜經(7 卷)〖陳月婆首那譯〗（117 紙欠）
			T02n0120 央掘魔羅經(4 卷)〖劉宋求那跋陀羅譯〗（96 紙餘）
		二）法华經類（4部）
			T09n0268 佛說廣博嚴淨不退轉輪經(6 卷)〖劉宋智嚴譯〗（94 紙欠）
			T09n0266 佛說阿惟越致遮經(3 卷)〖西晉竺法護譯〗（83 紙餘）堪同0268
			T09n0267 不退轉法輪經(4 卷)〖失譯〗（84 紙半）堪同0268
			T09n0272 大薩遮尼乾子所說經(10 卷)〖元魏菩提流支譯〗（147紙欠）
			T09n0271 佛說菩薩行方便境界神通變化經(3 卷)〖劉宋求那跋陀羅譯〗（48 紙餘）堪同0272 
			T09n0262 妙法蓮華經(7 卷)〖姚秦鳩摩羅什譯〗（津選）（181 紙半）
			T09n0263 正法华經（10卷)〖西晉竺法護譯〗(215紙欠）
			T09n0264 添品妙法莲华經（7卷)〖隋闍那崛多共笈多等譯〗(184紙）
			T09n0265 薩昙分陀利經〖失譯〗（1卷3紙余）勘同宝塔品少分及提婆达多品
			T13n0424 佛說大集會正法經(5 卷)〖宋施護譯〗（津選）（64 紙欠）
			T13n0423 僧伽吒經(4 卷)〖元魏月婆首那譯〗（51 紙半餘）堪同0424
		三）涅槃經類 （4部）
			T16n0665 金光明最勝王經(10 卷)〖唐義淨譯〗（津選）（161 紙半餘）
			T16n0663 金光明經(4 卷)〖北涼曇無讖譯〗（70 紙）堪同0665
			T16n0664 合部金光明經(8 卷)〖隋寶貴合〗（127 紙餘）
			T10n0307 佛說莊嚴菩提心經 (1 卷)〖姚秦 鳩摩羅什譯〗（6 紙）堪同金光明經淨地陀羅尼品
			T17n0761 佛說法集經(6 卷)〖元魏菩提流支譯〗（122 紙半）   
			T12n0387 大方等無想經(6 卷)〖北涼曇無讖譯〗（89 紙）
			T12n0388 大雲無想經(9 卷)〖姚秦竺佛念譯〗（殘本，僅第9卷）（10 紙欠）
			T12n0384 菩薩從兜術天降神母胎說廣普經(7 卷)〖姚秦竺佛念譯〗（130 紙餘）
		四）佛乘總要 （1部）
			T19n0945 大佛頂如來密因修證了義諸菩薩萬行首楞嚴經(10 卷)〖唐般刺蜜帝譯〗（147 紙餘）
第九輯：雜藏彙編 （40部）
	一、說法類輯集經（17部）
		T17n0779 佛說八大人覺經(1 卷)〖後漢安世高譯〗(1 紙) 
		T17n0764 佛說法集名數經（1 卷）〖宋施護譯〗（6 紙餘）
		T17n0726 六趣輪回經(1 卷)〖宋日稱等譯〗(7 紙半)堪歸論藏(楊選)
		T17n0725 佛說六道伽陀經(1 卷)〖宋法天譯〗(7 紙餘)堪歸論藏
		T17n0731 佛說十八泥犁經(1 卷)〖後漢安世高譯〗(5 紙餘)
		T17n0793 佛說佛醫經(1 卷)〖吳竺律炎共支越譯〗(3 紙半)
		T17n0771 四品學法經(1 卷)〖劉宋求那跋陀羅譯〗（2 紙欠）
		T17n0795 佛治身經（1 卷）〖失譯〗（1 紙欠）
		T17n0784 四十二章經(1 卷)〖後漢迦葉摩騰共法蘭譯〗(6 紙餘)
		T17n0732 佛說罵意經(1 卷)〖後漢安世高譯〗(14 紙)
		T17n0768 三慧經(1 卷)〖失譯〗(11 紙半)
		T17n0730 佛說處處經(1 卷)〖後漢安世高譯〗(14 紙餘)
		T17n0760 惟日雜難經(1 卷)〖吳支謙譯〗(14 紙)
		T04n0194 僧伽羅刹所集經(3 卷)〖符秦僧伽跋澄等譯〗（89 紙餘）
		T32n1671 福蓋正行所集經(12 卷)〖宋日稱等譯〗（78 紙半餘）論藏堪入
		T17n0778 佛說菩薩內習六波羅蜜經(1 卷)〖後漢嚴佛調譯〗(2 紙半餘)
		T08n0230 聖八千頌般若波羅蜜多一百八名真實圓義陀羅尼經(1 卷)〖宋施護等譯〗(2 紙半)
		T17n0847 大乘修行菩薩行門諸經要集(3 卷)〖唐智嚴譯〗（84 紙餘）
	二、似經論（7部）
		T17n0723 分別業報略經(1 卷)〖劉宋僧伽跋摩譯〗(一卷)(12 紙半)
		T32n1686 賢聖集伽陀一百頌（1 卷）〖宋天息災譯〗（7 紙餘）
		T32n1692 勝軍化世百瑜伽他經(1 卷)〖宋天息災譯〗(7 紙欠)論藏堪入
		T32n1674 龍樹菩薩勸誡王頌(1 卷)〖唐義淨譯〗(9 紙餘)(楊選)論藏堪入
		T32n1672 龍樹菩薩為禪陀迦王說法要偈(1 卷)〖宋求那跋摩譯〗(8 紙欠)
		T32n1673 勸發諸王要偈(1 卷)〖宋僧伽跋摩譯〗(9 紙半餘)
		T32n1690 賓頭盧突羅闍為優陀延王說法經(1 卷)〖劉宋求那跋陀羅譯〗(8紙余)
		T17n0728 諸法集要經(10 卷)〖宋日稱等譯〗（176 紙餘）
		T32n1670b 那先比丘經(3 卷)〖失譯〗（46 紙半）論藏堪入
		T32n1670a 那先比丘經(2 卷)〖失譯〗（29 紙餘） 
	三、事緣類輯集經（16部）
		1、因缘經等輯集經 （6部）
			T04n0195 佛說十二遊經(1 卷)〖東晉迦留陀伽譯〗(5 紙欠)
			T04n0192 佛所行讚(5 卷)〖北涼曇無讖譯〗（161 紙餘）
			T04n0193 佛本行經(7 卷)〖宋釋寶雲譯〗（182 紙）
			T17n0806 佛說枯樹經(1 卷)〖失譯〗(半紙餘)
			T32n1650 辟支佛因緣論(2 卷)〖失譯〗（23 紙欠）論藏堪入
			T04n0200 撰集百緣經(10 卷)〖吳支謙譯〗（162 紙）
			T03n0153 菩薩本緣經(3 卷)〖吳支謙譯〗（53 紙餘）
		2、杂譬喻集（10部）
			T04n0204 雜譬喻經（1卷）〖後漢月支沙門支婁迦讖譯〗（10紙半余）
			T04n0205 雜譬喻經(2 卷)〖失譯〗（24 紙餘）
			T04n0206 舊雜譬喻經(2 卷)〖吳康僧會譯〗（36 紙餘）
			T04n0207 雜譬喻經(1 卷)〖道略集〗（26 紙半）
			T04n0208 眾經撰雜譬喻(2 卷)〖姚秦鳩摩羅什譯〗（35 紙欠）
			T04n0209 百喻經(4 卷)〖蕭齊求那毘地譯〗（45 紙欠）
			T16n0720 無明羅剎集(3 卷)〖失譯〗（23 紙餘）
			T04n0203 雜寶藏經(10 卷)〖元魏吉迦夜共曇曜譯〗（157 紙）
			T04n0201 大莊嚴論經(15 卷)〖後秦鳩摩羅什譯〗（274 紙）
			T04n0212 出曜經 (30卷)〖 姚秦 竺佛念譯〗（楊選）（499紙）
			T04n0210 法句經 (2卷)〖 吳 維祇難等譯〗（49紙餘）
			T04n0211 法句譬喻經 (4卷)〖 西晉 法炬共法立譯〗（102紙餘）
			T04n0213 法集要頌經 (4卷)〖 宋 天息災譯〗（68紙餘）堪同0210
第十輯：聲聞乘論彙編（62部）
	一、 聲聞乘論（7部）
		T32n1644 佛說立世阿毘曇論 (10卷)〖陳真諦譯〗（159紙欠）
		T26n1536 阿毘達磨集異門足論 (20卷)〖唐玄奘譯〗（259紙半餘） 
		T28n1548 舍利弗阿毘曇論（30卷)〖姚秦 曇摩耶舍共曇摩崛多等譯〗(581紙欠） 
		T26n1537 阿毘達磨法蘊足論 (12卷)〖唐玄奘譯〗（180紙半餘） 
		T28n1549 尊婆須蜜菩薩所集論 (10卷)〖符秦僧伽跋澄等譯〗（260紙半餘）
		T26n1544 阿毘達磨發智論 (20卷)〖唐玄奘譯〗（342紙）（津選）
		T26n1543 阿毘曇八犍度論 (30卷)〖符秦僧伽提婆共竺佛念譯〗（438紙欠）
		T28n1547 鞞婆沙論 (14卷)〖符秦僧伽跋澄譯〗（322紙半餘）
		T29n1558 阿毘達磨俱舍論 （30卷)〖唐玄奘譯〗(475紙半欠） 
		T29n1559 阿毗达磨俱舍释論（22卷)〖陳真諦譯〗(447紙半余）
		T29n1560 阿毗达磨俱舍論本頌（1卷)〖唐玄奘譯〗(42紙半欠）
十一輯：中短篇大乘聖者論彙編(40部)
	二、短篇大乘論（40部）
		一）馬鳴菩薩論（2部）
			T32n1667 大乘起信論 (2卷)〖唐實叉難陀譯〗（23紙餘）（津選） 
			T32n1666 大乘起信論 (1卷)〖梁真諦譯〗（24紙餘）
			T32n1643 尼乾子問無我義經 (1卷)〖宋日稱譯〗（3紙餘） 
		二）龍樹菩薩論（9部）
			T32n1654 因緣心論頌.因緣心論釋 (1卷)〖〗（3紙餘） 
			T32n1661 菩提心離相論 (1卷)〖宋施護譯〗（7紙餘）
			T30n1573 壹輸盧迦論 (1卷)〖後魏瞿曇般若留支譯〗（3紙欠） 
			T30n1574 大乘破有論 (1卷)〖宋施護譯〗（1紙半欠）  
			T30n1575 六十頌如理論 (1卷)〖宋施護譯〗（5紙欠） 
			T30n1568 十二門論 (1卷)〖姚秦鳩摩羅什譯〗（24紙餘） 
			T32n1631 迴諍論(1卷)〖後魏毘目智仙共瞿曇流支譯〗（29紙餘） 
			T30n1576 大乘二十頌論 (1卷)〖宋施護譯〗（2紙欠） 
			T32n1656 寶行王正論 (1卷)〖陳真諦譯〗（36紙欠）  
		三）提婆菩薩論（5部）
			T30n1572 百字論 (1卷)〖後魏菩提流支譯〗（8紙欠） 
			T30n1569 百論 (2卷)〖姚秦鳩摩羅什譯〗（42紙） 
			T30n1577 大丈夫論 (2卷)〖北涼道泰譯〗（34紙餘） 
			T32n1639 提婆菩薩破楞伽經中外道小乘四宗論〖後魏菩提流支譯〗（5紙欠） 
			T32n1640 提婆菩薩釋楞伽經中外道小乘涅槃論〖後魏菩提流支譯〗（5紙欠） 
		四）彌勒菩薩論（1部）
			T31n1601    辯中邊論頌 (1卷)〖唐玄奘譯〗（8紙餘） 
		五）無著菩薩論（3部）
			T25n1514 能斷金剛般若波羅蜜多經論頌 (1卷)〖唐義淨譯〗（5紙半餘） 
			T25n1510b 金剛般若波羅蜜經論 (3卷)〖隋達磨笈多譯〗（45紙欠） 
			T25n1510a 金剛般若論 (2卷)〖隋達磨笈多譯〗（28紙欠）
			T30n1565 順中論義入大般若波羅蜜經初品法門(2卷)〖元魏瞿曇般若流支譯〗（32紙餘） 
		六）世親菩薩論（20部）
			T26n1529 遺教經論 (1卷)〖陳真諦譯〗（25紙欠） 
			T26n1533 轉法輪經憂波提舍 (1卷)〖元魏毘目智仙譯〗（9紙餘） 
			T26n1534 三具足經憂波提舍（1卷）〖元魏天竺三藏毘目智仙等譯〗(16紙半余)
			T25n1513 能斷金剛般若波羅蜜多經論釋 (3卷)〖唐義淨譯〗（29紙半餘） 
			T25n1511 金剛般若波羅蜜經論 (3卷)〖元魏菩提流支譯〗（48紙餘）（津選） 
			T26n1531 文殊師利菩薩問菩提經論 (2卷)〖元魏菩提流支譯〗（27紙半欠） 
			T26n1526 寶髻經四法憂波提舍 (1卷)〖元魏毘目智仙譯〗（11紙） 
			T26n1524 無量壽經優波提舍 (1卷)〖元魏菩提流支譯〗（7紙半） 
			T26n1519 妙法蓮華經憂波提舍 (2卷)〖後魏菩提留支共曇林等譯〗（29紙欠）（津選） 
			T26n1520 妙法蓮華經論優波提舍 (1卷)〖元魏勒那摩提共僧朗等譯〗（28紙）
			T26n1527 涅槃論 (1卷)〖元魏達磨菩提譯〗（10紙欠） ）
			T26n1528 涅槃經本有今無偈論 (1卷)〖陳真諦譯〗（5紙半餘）  
			T31n1612 大乘五蘊論 (1卷)〖唐玄奘譯〗（7紙餘）
			T31n1614 大乘百法明門論 (1卷)〖唐玄奘譯〗（1紙半欠） 
			T31n1609 大乘成業論 (1卷)〖唐玄奘譯〗（15紙半余）（楊選） 
			T31n1608 業成就論 (1卷)〖元魏毘目智仙譯〗（11紙餘）
			T31n1600 辯中邊論 (3卷)〖唐玄奘譯〗（40紙欠）（楊選）
			T31n1599 中邊分別論 (2卷)〖陳真諦譯〗（40紙欠）
			T31n1588 唯識論 (1卷)〖後魏瞿曇般若流支譯〗（19紙）（津選）
			T31n1590 唯識二十論 (1卷)〖唐玄奘譯〗（8紙半）
			T31n1589 大乘唯識論 (1卷)〖陳真諦譯〗（11紙餘）
			T31n1587 轉識論 (1卷)〖陳真諦譯〗（6紙半餘） 
			T31n1618 顯識論 (1卷)〖陳真諦譯〗（12紙欠） 
			T31n1617 三無性論 (2卷)〖陳真諦譯〗（34紙欠） 
			T31n1586 唯識三十論頌 (1卷)〖唐玄奘譯〗（4紙餘）
	二、中篇大乘論（10部）
		一）馬鳴菩薩論（1部） 
			T32n1669 大宗地玄文本論 (20卷)〖陳真諦譯〗（74紙欠） 
		二）龍樹菩薩論（3部） 
			T30n1564 中論 (4卷)〖姚秦鳩摩羅什譯〗（115紙欠） 
			T32n1660 菩提資糧論 (6卷)〖隋達磨笈多譯〗（72紙欠）
			T32n1662 菩提行經 (4卷)〖宋天息災譯〗（55紙欠） 
		五）無著菩薩論（2部）
			T31n1594 攝大乘論本 (3卷)〖唐玄奘譯〗（58紙餘）（津選）
			T31n1592 攝大乘論 (2卷)〖後魏佛陀扇多譯〗（46紙餘）
			T31n1593 攝大乘論 (3卷)〖陳真諦譯〗（58紙餘）
			T31n1605 大乘阿毘達磨集論 (7卷)〖唐玄奘譯〗（94紙餘）
		六）世親菩薩論（4部）
			T26n1532 勝思惟梵天所問經論 (4卷)〖後魏菩提流支譯〗（55紙餘） 
			T31n1597 攝大乘論釋 (10卷)〖唐玄奘譯〗（177紙餘）（津選） 
			T31n1595 攝大乘論釋 (15卷)〖陳真諦譯〗（350紙半欠）
			T31n1596 攝大乘論釋論 (10卷)〖隋笈多共行炬等譯〗（150紙餘）
			T31n1610 佛性論 (4卷)〖陳真諦譯〗（78紙餘）
			T31n1611 究竟一乘寶性論 (4卷)〖後魏勒那摩提譯〗（106紙欠）
	二、長篇大乘論（5部）
		二）龍樹菩薩論（3部） 
			T32n1668 釋摩訶衍論 (10卷)〖姚秦筏提摩多譯〗（229紙餘）
			T26n1521 十住毘婆沙論 (17卷)〖後秦鳩摩羅什譯〗（307紙餘）
		五）無著菩薩論（2部）
			T31n1604 大乘莊嚴經論 (13卷)〖唐波羅頗蜜多羅譯〗（215紙欠） 
			T31n1602 顯揚聖教論 (20卷)〖唐玄奘譯〗（309紙餘） 
			T31n1603 顯揚聖教論頌 (1卷)〖唐玄奘譯〗（18紙欠） 
		六）世親菩薩論（4部）
			T26n1522 十地經論 (12卷)〖後魏菩提流支等譯〗（239紙半餘） 
