第一輯：短篇佛經彙編 经藏(218部)
	一、事缘经(51部)
		（一）本行部类（佛传）(5部)
			T14n0496 佛說大迦葉本經(1 卷)〖西晉竺法護譯〗(4 紙半欠)
			T14n0512 佛說淨飯王般涅槃經(1 卷)〖劉宋沮渠京聲譯〗(6 紙半餘)
			T12n0392 佛滅度後棺斂葬送經(1 卷)〖失譯〗(3 紙欠)
			T12n0393 迦葉赴佛般涅槃經(1 卷)〖東晉竺曇無蘭譯〗(2 紙半)
			T12n0394 佛入涅槃密迹金剛力士哀戀經(1 卷)〖失譯〗(5 紙半)
		（二）本事部类（佛及弟子证道缘起）(6部)
			T14n0506 犍陀國王經(1 卷)〖後漢安世高譯〗(1 紙半欠)
			T14n0518 佛說旃陀越國王經(1 卷)〖劉宋沮渠京聲譯〗(2 紙半餘) 
			T14n0519 佛說摩達國王經(1 卷)〖劉宋沮渠京聲譯〗(1 紙餘) 
			T14n0522 普達王經(1 卷)〖失譯〗(3 紙餘) 
			T14n0551 佛說摩鄧女經(1 卷)〖後漢安世高譯〗(2 紙半欠)(楊選) 
			T14n0552 佛說摩登女解形中六事經(1 卷)〖失譯〗(2 紙餘) 
			T03n0176 佛說師子月佛本生經(1 卷)〖失譯〗(7 紙餘) 
		（三）因缘经（因果故事）(10部)
			T14n0497 佛說摩訶迦葉度貧母經(1 卷)〖劉宋求那跋陀羅譯〗(4 紙餘) 
			T14n0525 佛說長者子懊惱三處經(1 卷)〖後漢安世高譯〗(2 紙餘) 
			T14n0529 佛說阿鳩留經(1 卷)〖失譯〗(3 紙餘) 
			T14n0537 佛說越難經(1 卷)〖西晉聶承遠譯〗(2 紙餘) 
			T15n0596 佛說天王太子辟羅經(1 卷)〖失譯〗(1 紙半)
			T17n0797a 佛說貧窮老公經(1 卷)〖劉宋慧簡譯〗(2 紙半餘)
			T17n0797b 佛說貧窮老公經(1 卷)〖劉宋慧簡譯〗(2 紙半欠)
			T17n0805 佛說栴檀樹經(1 卷)〖失譯〗(2 紙餘)
			T16n0703 燈指因緣經(1 卷)〖姚秦鳩摩羅什譯〗(9 紙欠) 
			T17n0744 佛說除恐災患經(1 卷)〖伏秦聖堅譯〗(16 紙餘)
			T14n0553 佛說㮈女祇域因緣經(1 卷)〖後漢安世高譯〗(17 紙欠) 
			T14n0554 佛說奈女耆婆經(1 卷)〖後漢安世高譯〗(13 紙欠)
		（四）未曾有经（稀有事）(8部)
			T02n0149 佛說阿難同學經(1 卷)〖後漢安世高譯〗(3 紙欠) 
			T14n0511 佛說蓱沙王五願經(1 卷)〖吳支謙譯〗(6 紙半) 
			T14n0517 佛說末羅王經(1 卷)〖劉宋沮渠京聲譯〗(1 紙半欠)
			T14n0539 盧至長者因緣經(1 卷)〖失譯〗(10 紙餘)
			T14n0541 佛說佛大僧大經(1 卷)〖劉宋沮渠京聲譯〗(6 紙餘)
			T15n0597 龍王兄弟經(1 卷)〖吳支謙譯〗(2 紙欠) 
			T14n0555a 五母子經(1 卷)〖吳支謙譯〗(2 紙欠)(津選)
			T14n0555b 五母子經(1 卷)〖吳支謙譯〗(1 紙半)
			T17n0750 沙彌羅經(1 卷)〖失譯〗(1 紙半欠)勘同0555
			T14n0531 佛說長者音悅經(1 卷)〖吳支謙譯〗(5 紙欠) 
		（五）授记经(13部) 
			T03n0180 佛說過去世佛分衛經(1 卷)〖西晉竺法護譯〗(1 紙餘) 
			T14n0573 差摩婆帝授記經(1 卷)〖元魏菩提流支譯〗(4 紙欠) 
			T14n0507 佛說未生冤經(1 卷)〖吳支謙譯〗(3 紙餘) 
			T14n0508 阿闍世王問五逆經(1 卷)〖西晉法炬譯〗(4 紙半) 
			T14n0509 阿闍世王授決經(1 卷)〖西晉法炬譯〗(3 紙半欠)(津選)
			T14n0510 採花違王上佛授決號妙花經(1 卷)〖東晉竺曇無蘭譯〗(2 紙欠)勘同0509
			T14n0520 佛說薩羅國經(1 卷)〖失譯〗(3 紙餘) 
			T14n0527 佛說逝童子經(1 卷)〖西晉支法度譯〗(3 紙餘)(津選)勘同0526
			T14n0526 佛說長者子制經(1 卷)〖後漢安世高譯〗(3 紙半欠)
			T14n0528 佛說菩薩逝經(1 卷)〖西晉白法祖譯〗(3 紙半)勘同0526
			T14n0546 佛說金耀童子經(1 卷)〖宋天息災譯〗(7 紙半欠) 
			T14n0556 佛說七女經(1 卷)〖吳支謙譯〗(6 紙欠) 
			T14n0557 佛說龍施女經(1 卷)〖吳支謙譯〗(2 紙欠)(津選) 
			T14n0558 佛說龍施菩薩本起經(1 卷)〖西晉竺法護譯〗(4 紙半餘)勘同0557
			T14n0569 佛說心明經(1 卷)〖西晉竺法護譯〗(3 紙欠) 
			T14n0572 佛說長者法志妻經(1 卷)〖失譯〗(3 紙) 
			T17n0809 佛說乳光佛經(1 卷)〖西晉竺法護譯〗(6 紙欠)(津選) 
			T17n0808 佛說犢子經(1 卷)〖吳支謙譯〗(1 紙半欠)勘同809
		（六）本生部类(9部) 
			T03n0163 佛說妙色王因緣經(1 卷)〖唐義淨譯〗(3 紙) 
			T03n0164 佛說師子素駄娑王斷肉經(1 卷)〖唐智嚴譯〗(3 紙餘) 
			T03n0166 佛說月光菩薩經(1 卷)〖宋法賢譯〗(5 紙餘) 
			T03n0169 佛說月明菩薩經(1 卷)〖吳支謙譯〗(3 紙欠) 
			T03n0172 佛說菩薩投身飴餓虎起塔因緣經(1 卷)〖北涼法盛譯〗(11 紙餘) 
			T03n0178 前世三轉經(1 卷)〖西晉法炬譯〗(6 紙半餘)(津選) 
			T03n0179 銀色女經(1 卷)〖元魏佛陀扇多譯〗(6 紙)勘同0178
			T03n0182b 佛说鹿母經(1 卷)〖西晉竺法護譯〗(8 紙欠)(楊選) 
			T03n0182a 佛說鹿母經(1 卷)〖西晉竺法護譯〗(3 紙餘)
			T03n0183 一切智光明仙人慈心因緣不食肉經(1 卷)〖失譯〗(4 紙餘)
			T14n0426 佛說千佛因緣經(1 卷)〖後秦鳩摩羅什譯〗(19 紙餘)
	二、说法经（167部）
		（一）佛法概要 （23部）
			（一）佛法概要（17部）
				T17n0819 佛說法常住經(1 卷)〖失譯〗（1 紙）
				T16n0714 緣起聖道經 (1卷)〖 唐 玄奘譯〗（4紙餘）
				T15n0599 佛為海龍王說法印經(1 卷)〖唐義淨譯〗（半紙餘）
				T17n0801 佛說無常經 (1卷)〖 唐 義淨譯〗（5紙餘）
				T17n0763 佛說法乘義決定經(3 卷)〖宋金總持等譯〗（19 紙欠）（楊選）
				T17n0762 佛說決定義經(1 卷)〖宋法賢譯〗（10 紙餘）勘同0763
				T17n0798 佛說進學經(1 卷)〖劉宋沮渠京聲譯〗（1 紙欠）
				T17n0770 佛說四不可得經(1 卷)〖西晉竺法護譯〗(4 紙半欠)
				T15n0631 佛說法律三昧經(1 卷)〖吳支謙譯〗(6 紙半餘)
				T17n0820 佛說演道俗業經(1 卷)〖伏秦聖堅譯〗(10 紙餘)
				T17n0782 佛說十號經(1 卷)〖宋天息災譯〗（2 紙餘）
				T16n0718 佛說分別緣生經(1 卷)〖宋法天譯〗（2 紙）
				T15n0655 佛說勝義空經 (1卷)〖 宋 施護等譯〗（1紙） 
				T08n0251 般若波羅蜜多心經(1 卷)〖唐玄奘譯〗（1 紙欠）（津選）
				T08n0250 摩訶般若波羅蜜大明咒經(1 卷)〖姚秦鳩摩羅什譯〗（1 紙欠）
				T08n0252 普遍智藏般若波羅蜜多心經(1 卷)〖唐法月重譯〗（1 紙半餘）
				T08n0253 般若波羅蜜多心經(1 卷)〖唐般若共利言等譯〗（1 紙半）
				T08n0254 般若波羅蜜多心經(1 卷)〖唐智慧輪譯〗（1 紙半）
				T08n0255 般若波羅蜜多心經(1 卷)〖唐法成譯〗（1 紙半）
				T08n0256 唐梵飜對字音般若波羅蜜多心經(1 卷)〖〗（2 紙餘）
				T08n0257 佛說聖佛母般若波羅蜜多經(1 卷)〖宋施護譯〗（1 紙半餘）
				T17n0766 佛說法身經(1 卷)〖宋法賢譯〗（4 紙欠）
				T17n0827 佛說懈怠耕者經(1 卷)〖劉宋惠簡譯〗(1 紙餘)
				T17n0772 大乘四法經（1 卷）〖唐地婆訶羅譯〗（津選）（1 紙欠）
				T17n0773 佛說菩薩修行四法經（1 卷）〖唐地婆訶羅譯〗（1 紙欠）堪同0772
				T15n0600 十善業道經(1 卷)〖唐實叉難陀譯〗（5 紙）（津選）
				T15n0601 佛為娑伽羅龍王所說大乘經(1 卷)〖宋施護譯〗（8 紙餘） 
			（二）法住经（6部）
				T12n0390 佛臨涅槃記法住經(1 卷)〖唐玄奘譯〗（4 紙欠）
				T12n0395 佛說當來變經(1 卷)〖西晉竺法護譯〗（2 紙欠）
				T12n0396 佛說法滅盡經(1 卷)〖失譯〗（2 紙餘）
				T14n0494 阿難七夢經(1 卷)〖東晉竺曇無蘭譯〗（1 紙餘）
				T17n0738 佛說分別經(1 卷)〖西晉竺法護譯〗（5 紙欠）
				T24n1481 佛說五恐怖世經(1 卷)〖宋沮渠京聲譯〗（1 紙餘）（聲聞律藏勘入）
		（二）第一时教（58部）
			一）正法念处部类（人天乘经）（35部）
				1、业道经（描述六道轮回）（5部）
					T17n0724 佛說罪業應報教化地獄經(1 卷)〖後漢安世高譯〗（5 紙半餘）
					T17n0741 五苦章句經(1 卷)〖東晉竺曇無蘭譯〗（15 紙欠）
					T17n0745 佛說雜藏經(1 卷)〖東晉法顯譯〗（9 紙欠）（津選）
					T17n0746 餓鬼報應經(1 卷)〖失譯〗(六紙欠)（6 紙欠）勘同0745
					T17n0734 佛說鬼問目連經(1 卷)〖後漢安世高譯〗（3 紙）勘同0745
					T17n0747b 佛說輪轉五道罪福報應經(1 卷)〖劉宋求那跋陀羅譯〗 （4 紙餘）（楊選）
					T17n0747a 佛說罪福報應經(1 卷)〖劉宋求那跋陀羅譯〗（3 紙餘）
					T17n0759 佛說較量壽命經(1 卷)〖宋天息災譯〗（10 紙欠）
				2、人道正法经（为人处事的正确方法（7部）
					T16n0684 佛說父母恩難報經(1 卷)〖後漢安世高譯〗（1 紙欠）
					T16n0687 佛說孝子經(1 卷)〖失譯〗（2 紙餘）
					T01n0017 佛說善生子經(1 卷)〖宋支法度譯〗（8 紙餘）勘同0016
					T01n0016 佛說尸迦羅越六方禮經(1 卷)〖後漢安世高譯〗 （5 紙欠）勘出中33 善生經
					T02n0150B 佛說九橫經(1 卷)〖後漢安世高譯〗（1 紙餘）
					T14n0524 佛為優填王說王法政論經(1 卷)〖唐不空譯〗（8 紙欠）
					T14n0544 辯意長者子經(1 卷)〖後魏法場譯〗（9 紙半）
					T17n0742 佛說自愛經(1 卷)〖東晉竺曇無蘭譯〗（4 紙半欠）
				3、布施福报经（6部）
					T15n0592 天請問經(1 卷)〖唐玄奘譯〗（2 紙欠）
					T16n0705 佛說布施經(1 卷)〖宋法賢譯〗（2 紙餘）
					T17n0740 佛說頞多和多耆經(1 卷)〖失譯〗（1 紙餘）
					T16n0701 佛說溫室洗浴眾僧經(1 卷)〖後漢安世高譯〗(3 紙半欠)
					T16n0683 佛說諸德福田經(1 卷)〖西晉法立法炬共譯〗（5 紙半餘）
					T14n0493 佛說阿難四事經(1 卷)〖吳支謙譯〗（3 紙餘）
				4、法会福德经（5部）
					T17n0777 佛說賢者五福德經(1 卷)〖西晉白法祖譯〗（1 紙欠）
					T17n00733 佛說堅意經(1 卷)〖後漢安世高譯〗（1 紙半欠）
					T16n0685 佛說盂蘭盆經(1 卷)〖西晉竺法護譯〗（2 紙欠）（津選）
					T16n0686 佛說報恩奉盆經(1 卷)〖失譯〗（1 紙欠）
					T12n0391 般泥洹後灌臘經(1 卷)〖西晉竺法護譯〗（1 紙）
					T17n0748 佛說護淨經(1 卷)〖失譯〗（2 紙餘）
				5、斋戒福德经（12部）
					T15n0595 佛說嗟韈曩法天子受三歸依獲免惡道經(1 卷)〖宋法天譯〗（3 紙餘）
					T14n0542 佛說耶祇經(1 卷)〖劉宋沮渠京聲譯〗（2 紙欠）
					T24n1477 佛說戒消災經(1 卷)〖吳支謙譯〗（3 紙半餘）
					T17n0826 弟子死復生經(1 卷)〖劉宋沮渠京聲譯〗（5 紙半）
					T17n0791 佛說出家緣經(1 卷)〖後漢安世高譯〗（1 紙半餘）
					T14n0581 佛說八師經(1 卷)〖吳支謙譯〗（4 紙欠）
					T14n0584 長爪梵志請問經(1 卷)〖唐義淨譯〗（2 紙半欠）
					T16n0707 佛說出家功德經(1 卷)〖失譯〗（5 紙欠）
					T14n0492b 阿難問事佛吉凶經(1 卷)〖後漢安世高譯〗（6 紙餘）（津選）
					T14n0492a 佛說阿難問事佛吉凶經(1 卷)〖後漢安世高譯〗（5 紙欠）
					T17n0739 佛說慢法經(1 卷)〖西晉法炬譯〗（1 紙餘）
					T14n0495 佛說阿難分別經(1 卷)〖伏秦法堅譯〗（5 紙餘）
					T14n0538 佛說呵雕阿那鋡經(1 卷)〖東晉竺曇無蘭譯〗（1 紙半餘）
					T17n0767 佛說三品弟子經(1 卷)〖吳支謙譯〗（2 紙餘）
					T15n0590 佛說四天王經(1 卷)〖劉宋智嚴共寶雲譯〗（2 紙餘）
			二）阿含部类（小乘经)（23部）
				1、勘入阿含部（18部）
					T14n0499 佛為阿支羅迦葉自化作苦經(1 卷)〖失譯〗（2 紙欠）
					T12n0389 佛垂般涅槃略說教誡經(1 卷)〖姚秦鳩摩羅什譯〗（5 紙餘）
					T01n0097 廣義法門經(1 卷)〖陳真諦譯〗（8 紙餘）
					T01n0098 佛說普法義經(1 卷)〖後漢安世高譯〗（8 紙欠）勘同0097
					T02n0151 佛說阿含正行經(1 卷)〖後漢安世高譯〗（3 紙餘）
					T17n0743 佛說忠心經(1 卷)〖東晉竺曇無蘭譯〗（5 紙）
					T14n0500 羅云忍辱經(1 卷)〖西晉法炬譯〗（3 紙餘） 
					T14n0503 比丘避女惡名欲自殺經(1 卷)〖西晉法炬譯〗（1 紙）
					T14n0504 比丘聽施經(1 卷)〖東晉竺曇無蘭譯〗（2 紙半餘）
					T14n0523 佛說五王經(1 卷)〖失譯〗（4 紙半）
					T14n0582 佛說孫多耶致經(1 卷)〖吳支謙譯〗（2 紙）
					T17n0751a 佛說五無反復經(1 卷)〖劉宋沮渠京聲譯〗（2 紙餘）（津選）
					T17n0751b 佛說五無返復經(1 卷)〖劉宋沮渠京聲譯〗（2 紙餘）
					T17n0752 佛說五無返復經(1 卷)〖劉宋沮渠京聲譯〗（2 紙）
					T17n0737 所欲致患經(1 卷)〖西晉竺法護譯〗（5 紙餘）
					T17n0799 佛說略教誡經(1 卷)〖唐義淨譯〗（1 紙餘）
					T17n0753 十二品生死經(1 卷)〖劉宋求那跋陀羅譯〗（1 紙欠）
					T17n0792 佛說法受塵經(1 卷)〖後漢安世高譯〗（1 紙欠）
					T17n0735 佛說四願經(1 卷)〖吳支謙譯〗(4 紙半欠)
					T17n0736 佛說四自侵經(1 卷)〖西晉竺法護譯〗（4 紙餘）
					T04n0217 佛說譬喻經(1 卷)〖唐義淨譯〗（1 紙餘）
					T04n0218 佛說灌頂王喻經(1 卷)〖宋施護等譯〗（1 紙）
				2、说戒律经（5部）
					T04n0214 佛說猘狗經(1 卷)〖吳支謙譯〗（1 紙半餘）
					T04n0215 佛說群牛譬經(1 卷)〖西晉法炬譯〗（1 紙半欠）
					T04n0216 佛說大魚事經〖東晉竺曇無蘭譯〗（1 紙半欠）
					T14n0521 佛說梵摩難國王經(1 卷)〖失譯〗（1 紙餘）
					T24n1497 佛說大乘戒經（1 卷）〖宋施護譯〗（1 紙）
		（三）第二时教 （62部）
			一）功德本愿净土经 （21部）
				1、功德经（10部）
					T14n0578 無垢優婆夷問經(1 卷)〖後魏瞿曇般若流支譯〗（2 紙半）
					T16n0700 右繞佛塔功德經(1 卷)〖唐實叉難陀譯〗（3 紙餘）
					T16n0702 佛說施燈功德經(1 卷)〖高齊那連提耶舍譯〗（14 紙欠）
					T16n0698 浴佛功德經(1 卷)〖唐義淨譯〗（3 紙半欠）（津選）勘同0697
					T16n0697 佛說浴像功德經(1 卷)〖唐寶思惟譯〗（2 紙半餘）
					T16n0695 佛說灌洗佛形像經(1 卷)〖西晉法炬譯〗（2 紙半欠）
					T16n0696 佛說摩訶刹頭經(1 卷)〖西秦聖堅譯〗（3 紙）勘同0695
					T16n0693 佛說造立形像福報經(1 卷)〖失譯〗（3 紙半餘）（津選）勘同692
					T16n0692 佛說作佛形像經(1 卷)〖失譯〗（2 紙餘）
					T16n0694 佛說大乘造像功德經(2 卷)〖唐提雲般若譯〗（19 紙半）
					T14n0548 佛說金光王童子經(1 卷)〖宋法賢譯〗（3 紙餘）
					T16n0699 佛說造塔功德經(1 卷)〖唐地婆訶羅譯〗（1 紙餘）
					T16n0704 佛說樓閣正法甘露鼓經(1 卷)〖宋天息災譯〗（4 紙欠）
					T16n0691 最無比經(1 卷)〖唐玄奘譯〗（8 紙）（津選）勘同0690
					T16n0690 佛說稀有挍量功德經(1 卷)〖隋闍那崛多譯〗（5 紙餘）
				2、佛名功德经（7部）
					T14n0435 佛說滅十方冥經(1 卷)〖西晉竺法護譯〗（6 紙欠）
					T14n0431 八佛名號經(1 卷)〖隋闍那崛多譯〗（4 紙餘）
					T14n0427 佛說八吉祥神咒經(1 卷)〖吳支謙譯〗（3 紙欠）
					T14n0428 佛說八陽神咒經(1 卷)〖西晉竺法護譯〗（3 紙欠）
					T14n0429 佛說八部佛名經(1 卷)〖元魏瞿曇般若流支譯〗（2 紙半餘）
					T14n0430 八吉祥經(1 卷)〖梁僧伽羅譯〗（2 紙餘）
					T14n0432 佛說十吉祥經(1 卷)〖失譯〗（1 紙半欠）
					T14n0490 佛說八大菩薩經(1 卷)〖宋法賢譯〗（1 紙半餘）
					T14n0437 大乘寶月童子問法經(1 卷)〖宋施護譯〗（4 紙餘）
					T14n0444 佛說百佛名經(1 卷)〖隋那連提耶舍譯〗（6 紙欠）
					T14n0438 佛說大乘大方廣佛冠經(2 卷)〖宋法護等譯〗（8 紙餘）
					T14n0436 受持七佛名號所生功德經(1 卷)〖唐玄奘譯〗（4 紙欠）
				3、净土经（4部）
					T14n0454 佛說彌勒下生成佛經(1 卷)〖後秦鳩摩羅什譯〗（6 紙半）（津選）
					T14n0453 佛說彌勒下生經(1 卷)〖西晉竺法護譯〗（7 紙半）
					T14n0455 佛說彌勒下生成佛經(1 卷)〖唐義淨譯〗（7 紙半）勘同0454
					T14n0456 佛說彌勒大成佛經(1 卷)〖姚秦鳩摩羅什譯〗(17 紙半)
					T14n0457 佛說彌勒來時經(1 卷)〖失譯〗（2 紙半欠）勘同0454
					T14n0452 佛說觀彌勒菩薩上生兜率天經(1 卷)〖宋沮渠京聲譯〗（8 紙欠）
					T12n0366 佛說阿彌陀經(1 卷)〖姚秦鳩摩羅什譯〗（5 紙餘）（津選）
					T12n0367 稱讚淨土佛攝受經(1 卷)〖唐玄奘譯〗（9 紙餘）勘同0366
					T12n0365 佛說觀無量壽佛經（1 卷）〖宋畺良耶舍譯〗（17 紙欠） 
			二）初机大乘经（外凡夫位）（11部）
				1、褒扬大乘（3部）
					T15n0646 入定不定印經(1 卷)〖唐義淨譯〗(14 紙半)(津選)
					T15n0645 不必定入定入印經(1 卷)〖元魏瞿曇般若流支譯〗(19 紙)勘同0646
					T17n0840 稱讚大乘功德經(1 卷)〖唐玄奘譯〗(4 紙餘)(津選)
					T17n0841 說妙法決定業障經(1 卷)〖唐智嚴譯〗(3 紙欠)勘同0840
					T16n0661 大乘百福相經(1 卷)〖唐地婆訶羅譯〗(6 紙餘)(津選)
					T16n0662 大乘百福莊嚴相經(1 卷)〖唐地婆訶羅譯〗(8 紙欠)勘同0661
					T14n0473 佛說妙吉祥菩薩所問大乘法螺經(1 卷)〖宋法賢譯〗(6 紙欠)
				2、劝发菩提心（2部）
					T17n0837 佛說出生菩提心經(1 卷)〖隋闍那崛多譯〗(津選)(14 紙餘)
					T17n0838 佛說發菩提心破諸魔經(2 卷)〖宋施護譯〗(15 紙)勘同0837
					T17n0822 佛說諸法勇王經(1 卷)〖劉宋曇摩蜜多譯〗(18 紙半)(津選)
					T17n0823 佛說一切法高王經(1 卷)〖元魏瞿曇般若流支譯〗(20 紙餘)勘同0822
					T17n0824 諸法最上王經(1 卷)〖隋闍那崛多譯〗(24 紙半)勘同0822
				4、菩萨广行（6部）
					T17n0774 大乘四法經(1 卷)〖唐實叉難陀譯〗(8 紙)
					T17n0812 菩薩行五十緣身經(1 卷)〖西晉竺法護譯〗(5 紙半餘)
					T17n0825 佛說甚深大迴向經(1 卷)〖失譯〗(4 紙欠)
					T17n0844 佛說大方廣未曾有經善巧方便品(1 卷)〖宋施護譯〗(4 紙欠) 
					T14n0570 佛說賢首經(1 卷)〖西秦聖堅譯〗(2 紙半餘)
					T14n0564 佛說轉女身經(1 卷)〖劉宋曇摩蜜多譯〗(19 紙餘)(津選)
					T14n0562 佛說無垢賢女經(1 卷)〖西晉竺法護譯〗(3 紙欠)
					T14n0563 佛說腹中女聽經(1 卷)〖北涼曇無讖譯〗(2 紙半餘)
			三）二时教菩萨道（详说贤位兼及地上）（30部）
				T14n0532 私呵昧經(1 卷)〖吳支謙譯〗(12 紙餘)
				2、般若部类 （17部）
					（1）般若经（4部）
						T08n0248 佛說五十頌聖般若波羅蜜經(1 卷)〖宋施護譯〗(2 紙欠)
						T08n0247 佛說了義般若波羅蜜多經(1 卷)〖宋施護譯〗(2 紙半欠)
						T08n0235 金剛般若波羅蜜經(1 卷)〖姚秦鳩摩羅什譯〗(11 紙欠)(楊選)
						T08n0236a 金剛般若波羅蜜經(1 卷)〖元魏菩提流支譯〗(12 紙欠)
						T08n0236b 金剛般若波羅蜜經(1 卷)〖元魏菩提流支譯〗(11 紙餘)
						T08n0237 金剛般若波羅蜜經(1 卷)〖陳真諦譯〗(11 紙餘)
						T08n0238 金剛能斷般若波羅蜜經(1 卷)〖隋芨多譯〗(14 紙)
						T08n0239 佛說能斷金剛般若波羅蜜多經(1 卷)〖唐義淨譯〗(11 紙餘) 
						T08n0234 佛說濡首菩薩無上清淨分衛經(2 卷)〖宋翔公譯〗(14 紙欠) 
					（2）勘入般若部类（11部）
						T20n1195 大聖文殊師利菩薩讚佛法身禮（1 卷）〖唐不空譯〗（4 紙餘）
						T17n0830 大乘遍照光明藏無字法門經(1 卷)〖唐地婆訶羅再譯〗(6 紙欠)(津選)
						T17n0828 無字寶篋經(1 卷)〖元魏菩提流支譯〗(5 紙餘)
						T17n0829 大乘離文字普光明藏經(1 卷)〖唐地婆訶羅譯〗(4 紙餘)勘同0828
						T17n0814 佛說象腋經(1 卷)〖劉宋曇摩蜜多譯〗(17 紙欠)(津選)
						T17n0813 佛說無希望經(1 卷)〖西晉竺法護譯〗(20 紙)勘同0814
						T14n0484 不思議光菩薩所說經(1 卷)〖後秦鳩摩羅什譯〗(13 紙餘)
						T24n1494 佛說淨業障經（1 卷）〖失譯〗（15 紙欠）
						T17n0832 佛語經(1 卷)〖元魏菩提流支譯〗(3 紙)
						T14n0580 佛說長者女菴提遮師子吼了義經(1 卷)〖失譯〗(6 紙半欠)
						T14n0472 佛說大乘善見變化文殊師利問法經(1 卷)〖宋天息災譯〗(5 紙半餘)
						T14n0471 佛說文殊尸利行經(1 卷)〖隋豆那掘多譯〗(7 紙半餘)(津選)
						T14n0470 佛說文殊師利巡行經(1 卷)〖元魏菩提流支譯〗(6 紙)勘同0471
						T15n0591 商主天子所問經(1 卷)〖隋闍那崛多譯〗(16 紙餘)
						T14n0488 寶授菩薩菩提行經(1 卷)〖宋法賢譯〗(12 紙欠)
					（3）分别甚深菩萨行经（2部）
						T14n0460 佛說文殊師利淨律經（1 卷）〖西晉竺法護譯〗（12 紙半）
						T24n1489 清淨毘尼方廣經（1 卷）〖後秦鳩摩羅什譯〗（16 紙餘）
						T24n1490 寂調音所問經（1 卷）〖宋法海譯〗（17 紙餘）
						T15n0589 佛說魔逆經(1 卷)〖西晉竺法護譯〗(17 紙半)
				3、方广部类（广说菩萨行）（12部）
					（1）发菩提心经（7部）
						T14n0574 佛說堅固女經(1 卷)〖隋那連提耶舍譯〗(5 紙餘)
						T17n0846 外道問聖大乘法無我義經(1 卷)〖宋法天譯〗(3 紙欠)
						T17n0834 大威燈光仙人問疑經(1 卷)〖隋闍那崛多等譯〗(14 紙餘)(津選)
						T17n0833 第一義法勝經(1 卷)〖元魏瞿曇般若流支譯〗(14 紙欠) 
						T14n0458 文殊師利問菩薩署經(1 卷)〖後漢支婁迦讖譯〗(19 紙) 
						T14n0571 佛說婦人遇辜經(1 卷)〖乞伏秦沙門聖堅譯〗(1 紙半欠)
						T14n0583 佛說黑氏梵志經(1 卷)〖吳支謙譯〗(3 紙)
						T12n0372 佛說如幻三摩地無量印法門經(3 卷)〖宋施護等譯〗（19 紙半）
					（2）证无生法忍经（4部）
						T09n0275 大乘方廣總持經(1 卷)〖隋毘尼多流支譯〗(13 紙欠)(津選)
						T09n0274 佛說濟諸方等學經(1 卷)〖西晉竺法護譯〗(13 紙半)
						T17n0811 佛說決定總持經（1卷8紙半）〖西晉月氏三藏竺法護譯〗（楊選）
						T17n0831 謗佛經（1卷7紙欠）〖元魏天竺三藏菩提流支譯〗 
						T21n1342 佛說無崖際總持法門經（1卷14紙余）〖西秦沙門聖堅譯〗（楊選）
						T21n1343 尊勝菩薩所問一切諸法入無量門陀羅尼經〖北齊居士萬天懿譯〗（1卷18紙半餘）
						T14n0533 菩薩生地經(1 卷)〖吳支謙譯〗(3 紙欠)
					（3）入不思议境界经（1部）
						T15n0648 寂照神變三摩地經(1 卷)〖唐玄奘譯〗(12 紙半)
		（四）第三时教（详讲地上兼及地前）（18部）
			一）三时教道次第（1部）
				T10n0308 佛說大方廣菩薩十地經(1 卷)〖元魏吉迦夜譯〗(7 紙欠)
			二）三时教义理（深密部类，唯识经）（10部）
				1、缘生经（7部）
					T17n0758 佛說諸行有為經(1 卷)〖宋法天譯〗(1 紙半餘)
					T14n0530 佛說須摩提長者經(1 卷)〖吳支謙譯〗(8 紙半欠)
					T14n0516 佛說勝軍王所問經(1 卷)〖宋施護譯〗(5 紙欠)(津選)
					T14n0514 佛說諫王經(1 卷)〖劉宋沮渠京聲譯〗(3 紙半欠)勘同0516
					T14n0515 如來示教勝軍王經(1 卷)〖唐玄奘譯〗(7 紙欠)勘同0516
					T15n0593 佛為勝光天子說王法經(1 卷)〖唐義淨譯〗(6 紙欠)勘同0516
					T17n0796 佛說見正經(1 卷)〖東晉竺曇無蘭譯〗(7 紙欠)
					T14n0577 佛說大乘流轉諸有經(1 卷)〖唐義淨譯〗(2 紙餘)(津選)勘同575
					T14n0575 佛說大方等修多羅王經(1 卷)〖後魏菩提流支譯〗(2 紙欠)
					T14n0576 佛說轉有經(1 卷)〖元魏佛陀扇多譯〗(2 紙欠)勘同575
					T16n0711 大乘舍黎娑擔摩經(1 卷)〖宋施護譯〗(6 紙餘)(津選)
					T16n0708 了本生死經(1 卷)〖吳支謙譯〗(4 紙餘)勘同0711
					T16n0709 佛說稻芉經(1 卷)〖失譯〗(6 紙餘)勘同0711
					T16n0710 慈氏菩薩所說大乘緣生稻𦼮喻經(1 卷)〖唐不空譯〗(7 紙餘)勘同0711
					T16n0712 佛說大乘稻芉經(1 卷)〖失譯〗(8 紙餘)勘同0711
					T14n0568 有德女所問大乘經(1 卷)〖唐菩提流志譯〗(3 紙半餘)(津選)勘同0567
					T14n0567 佛說梵志女首意經(1 卷)〖西晉竺法護譯〗(4 紙半)
				2、法相经（2部）
					T14n0559 佛說老女人經(1 卷)〖吳支謙譯〗(2 紙欠)(津選)
					T14n0560 佛說老母女六英經(1 卷)〖劉宋求那跋陀羅譯〗(1 紙)勘同559
					T14n0561 佛說老母經(1 卷)〖失譯〗(2 紙欠)勘同559
					T15n0654 佛說入無分別法門經(1 卷)〖宋施護譯〗(4 紙餘)
				3、深密经（1部）
					T16n0680 佛說佛地經(1 卷)〖唐玄奘譯〗(9 紙欠) 
			三） 三时教菩萨行经 （2部）
				T14n0464 文殊師利問菩提經(1 卷)〖姚秦鳩摩羅什譯〗(6 紙半)(津選)
				T14n0465 伽耶山頂經(1 卷)〖元魏菩提流支譯〗(9 紙半)勘同0464
				T14n0466 佛說象頭精舍經(1 卷)〖隋毘尼多流支譯〗(8 紙半)勘同0464
				T14n0467 大乘伽耶山頂經(1 卷)〖唐菩提流志譯〗(8 紙欠)勘同0464
				T15n0644 佛說金剛三昧本性清淨不壞不滅經(1 卷)〖失譯〗(7 紙欠)
			四）华严部类（5部）
				T14n0547 大花嚴長者問佛那羅延力經(1 卷)〖唐般若共利言譯〗(1 紙)
				T17n0807 佛說內藏百寶經(1 卷)〖後漢支婁迦讖譯〗(7 紙半欠)
				T17n0836 大方廣師子吼經(1 卷)〖唐地婆訶羅譯〗(4 紙半欠)(津選)
				T17n0835 如來師子吼經(1 卷)〖元魏佛陀扇多譯〗(5 紙餘)勘同0836
				T10n0298 大方廣普賢所說經(1 卷)〖唐實叉難陀譯〗(4 紙欠)
				T10n0304 大方廣入如來智德不思議經(1 卷)〖唐實叉難陀譯〗(13 紙欠)(津選)
				T10n0302 度諸佛境界智光嚴經(1 卷)〖失譯〗(16 紙欠)勘同0304
				T10n0303 佛華嚴入如來德智不思議境界經(2 卷)〖隋闍那崛多譯〗(20 紙餘)勘同0304 
		（五）法华涅槃时教（圆教、佛乘）（6部）
			一）法性如来藏经（4部）
				T16n0668 佛說不增不減經(1 卷)〖元魏菩提流支譯〗(6 紙欠)
				T12n0355 入法界體性經(1 卷)〖隋闍那崛多譯〗(9 紙欠)(津選)勘同0356
				T12n0356 佛說寶積三昧文殊師利菩薩問法身經(1 卷)〖後漢安世高譯〗(5紙半)
				T13n0413 百千頌大集經地藏菩薩請問法身讚(1 卷)〖唐不空譯〗(9 紙欠) 
				T16n0667 大方廣如來藏經(1 卷)〖唐不空譯〗(16 紙半)(楊選)
				T16n0666 大方等如來藏經(1 卷)〖東晉佛陀跋陀羅譯〗(10 紙半餘)勘同0667
			二）法华经类（2部）
				T09n0276 無量義經(1 卷)〖蕭齊曇摩伽陀耶舍譯〗(18 紙餘)
				T09n0269 佛說法華三昧經(1 卷)〖宋涼州沙門智嚴譯〗(13 紙餘)
第二輯：中篇佛經彙編 经藏 (58部)
	（二）第一时教(3部)
		T17n0790 佛說孛經抄(1 卷)〖吳支謙譯〗（22 紙）
		T17n0729 佛說分別善惡所起經(1 卷)〖後漢安世高譯〗（20 紙餘）
		T17n0757 佛說身毛喜豎經(1 卷)〖宋惟淨等譯〗（25 紙半餘）
	（三）第二时教(27部)
		一）功德本愿净土经 (6部)
			T14n0433 佛說寶網經(1 卷)〖西晉竺法護譯〗（27 紙餘）
			T11n0313 阿閦佛國經(2 卷)〖後漢支婁迦讖譯〗（37 紙半）堪同不動會
			T12n0360 佛說無量壽經(2 卷)〖曹魏康僧鎧譯〗（楊選）（41 紙）勘同大寶積經無量壽如來會
			T12n0361 佛說無量清淨平等覺經(4 卷)〖後漢支婁迦讖譯〗（62 紙欠）堪同0360
			T12n0362 佛說阿彌陀三耶三佛薩樓佛檀過度人道經(2 卷)〖吳支謙譯〗(54紙欠)堪同0360
			T12n0363 佛說大乘無量壽莊嚴經(3 卷)〖宋法賢譯〗（26 紙）堪同0360 
			T14n0451 藥師琉璃光七佛本願功德經(2 卷)〖唐義淨譯〗（津選）（28 紙）
			T14n0449 佛說藥師如來本願經(1 卷)〖隋達摩笈多譯〗（10 紙餘）
			T14n0450 藥師琉璃光如來本願功德經(1 卷)〖唐玄奘譯〗（11 紙半）
			T13n0412 地藏菩薩本願經(2 卷)〖唐實叉難陀譯〗（37 紙欠）
			T13n0405 虛空藏菩薩經(1 卷)〖姚秦佛陀耶舍譯〗（26 紙餘）
			T13n0406 佛說虛空藏菩薩神咒經(1 卷)〖失譯〗（17 紙欠）堪同0405
			T13n0407 虛空藏菩薩神咒經(1 卷)〖宋曇摩蜜多譯〗（16 紙餘）堪同0405
			T13n0408 虛空孕菩薩經(2 卷)〖隋闍那崛多譯〗（29 紙欠）堪同0405
		二）初机大乘经（外凡夫位）(4部)
			T13n0422 大集譬喻王經(2 卷)〖隋闍那崛多譯〗（32 紙半欠）
			T17n0754 佛說未曾有因緣經(2 卷)〖蕭齊曇景譯〗（39 紙半）
			T17n0821 大方廣如來祕密藏經(2 卷)〖失譯〗（24 紙半欠）
			T14n0579 優婆夷淨行法門經(2 卷)〖失譯〗（34 紙欠） 
		三）二时教菩萨道（详说贤位兼及地上）(17部)
			2、般若部类(7部)
				T08n0260 佛說開覺自性般若波羅蜜多經(4 卷)〖宋惟淨等譯〗（30 紙欠）
				T14n0566 樂瓔珞莊嚴方便品經(1 卷)〖姚秦曇摩耶舍譯〗（26 紙欠）（津選）
				T14n0565 順權方便經(2 卷)〖西晉竺法護譯〗（27 紙）堪同0566
				T14n0479 善思童子經(2 卷)〖隋闍那崛多譯〗（津選）（29 紙餘）
				T14n0477 佛說大方等頂王經(1 卷)〖西晉竺法護譯〗（27 紙欠）
				T14n0478 大乘頂王經(1 卷)〖梁月婆首那譯〗（25 紙欠）堪同0477
				T15n0647 力莊嚴三昧經(3 卷)〖隋那連提耶舍譯〗（36 紙欠）
				T12n0359 佛說大乘入諸佛境界智光明莊嚴經(5 卷)〖宋法護等譯〗（津選）（35紙餘）
				T12n0357 如來莊嚴智慧光明入一切佛境界經(2 卷)〖元魏曇摩流支譯〗（33 紙餘）
				T12n0358 度一切諸佛境界智嚴經(1 卷)〖梁僧伽婆羅等譯〗(半卷)（11紙）堪同0359 
				T15n0588 佛說須真天子經(4 卷)〖西晉竺法護譯〗（46 紙半）
				T14n0462 大方廣寶篋經(3 卷)〖劉宋求那跋陀羅譯〗（津選）（42 紙欠）
				T14n0461 佛說文殊師利現寶藏經(2 卷)〖西晉竺法護譯〗（41 紙半）堪同0462
			3、方广部类（广说菩萨行）(10部)
				（1）发菩提心经(3部)
					T14n0543 佛說巨力長者所問大乘經(3 卷)〖劉宋智吉祥等譯〗（22 紙餘）
					T17n0818 大莊嚴法門經(2 卷)〖隋那連提耶舍譯〗（津選）（25 紙半）
					T17n0817 佛說大淨法門經(1 卷)〖西晉竺法護譯〗（25 紙欠）堪同0818
					T17n0843 佛說大乘不思議神通境界經(3 卷)〖宋施護譯〗（26 紙餘）
				（2）证无生法忍经(3部)
					T12n0382 集一切福德三昧經(3 卷)〖姚秦鳩摩羅什譯〗（津選）（46 紙半）
					T12n0381 等集眾德三昧經(3 卷)〖西晉竺法護譯〗（47 紙半欠）堪同0382
					T13n0420 自在王菩薩經(2 卷)〖姚秦鳩摩羅什譯〗（津選）（32 紙半）
					T13n0421 奮迅王問經(2 卷)〖元魏瞿曇般若流支譯〗（39 紙餘）堪同0420
					T17n0810 諸佛要集經(2 卷)〖西晉竺法護譯〗（41 紙餘）
				（3）入不思议境界经(4部)
					T15n0634 佛說大乘智印經(5 卷)〖宋智吉祥等譯〗（津選）（41 紙）
					T15n0632 佛說慧印三昧經(1 卷)〖吳支謙譯〗（22 紙半餘）堪同0634
					T15n0633 佛說如來智印經(1 卷)〖失譯〗（19 紙餘）堪同0634
					T15n0621 佛說佛印三昧經(1 卷)〖後漢安世高譯〗（2 紙半）
					T15n0636 無極寶三昧經(2 卷)〖西晉竺法護譯〗（津選）（33 紙）
					T15n0637 佛說寶如來三昧經(2 卷)〖東晉祇多蜜譯〗（40 紙欠）堪同0636
					T15n0638 佛說超日明三昧經(2卷) 〖西晉聶承遠譯〗（50紙）
					T15n0630 佛說成具光明定意經(1 卷)〖後漢支曜譯〗（21 紙餘）
		（四）第三时教（详讲地上兼及地前）(7部)
			一）三时教道次第(2部)
				T24n1485 菩薩瓔珞本業經（2 卷）〖姚秦竺佛念譯〗（38 紙餘）
				T08n0246 仁王護國般若波羅蜜多經(2 卷)〖唐不空譯〗（津選）（32 紙半餘）
				T08n0245 佛說仁王般若波羅蜜經(2 卷)〖姚秦鳩摩羅什譯〗（27 紙餘）
			二）三时教义理（深密部类，唯识经）(2部)
				T16n0717 分別緣起初勝法門經 (2 卷)〖唐玄奘譯〗（23 紙）（楊選）
				T16n0716 緣生初勝分法本經(2 卷)〖隋達摩笈多譯〗（20 紙餘）堪同0717
				T15n0650 諸法無行經(2 卷)〖姚秦鳩摩羅什譯〗（津選）（35 紙欠）
				T15n0651 佛說諸法本無經(3 卷)〖隋闍那崛多譯〗（37 紙餘）堪同0650
				T15n0652 佛說大乘隨轉宣說諸法經(3 卷)〖宋紹德等譯〗（26 紙餘）堪同0650
			三）三时教菩萨行经(2部)
				T16n0673 大乘同性經(2 卷)〖周闍那耶舍譯〗（津選）（37 紙欠）
				T16n0674 證契大乘經(2 卷)〖唐地婆訶羅譯〗（32 紙半）堪同0673
				T15n0642 佛說首楞嚴三昧經(2 卷)〖姚秦鳩摩羅什譯〗（48 紙半）
			四）华严部类(1部)
				T17n0815 佛昇忉利天為母說法經(3 卷)〖西晉竺法護譯〗（津選）（36 紙半欠）
				T17n0816 佛說道神足無極變化經(4 卷)〖西晉安法欽譯〗（51 紙半）堪同0815
		（五）法华涅槃时教（圆教、佛乘）(8部)
			一）法性如来藏经(3部)
				T08n0233 文殊師利所說般若波羅蜜經(1 卷)〖梁僧伽婆羅譯〗（20 紙余）（楊選）
				T08n0232 文殊師利所說摩訶般若波羅蜜經(2 卷)〖梁曼陀羅仙譯〗（19 紙半）
				T09n0270 大法鼓經(2 卷)〖劉宋求那跋陀羅譯〗（30 紙欠） 
				T16n0669 佛說無上依經(2 卷)〖梁真諦譯〗（津選）（29 紙半欠）
				T16n0688 佛說未曾有經(1 卷)〖失譯〗（3 紙欠）
				T16n0689 甚稀有經(1 卷)〖唐玄奘譯〗（4 紙半餘）堪同688

















