福嚴精舍三年閱經目錄(印順導師擬)
	第一年 甲
		T22n1421 《彌沙塞部和醯五分律》 (30卷) 【劉宋 佛陀什共竺道生等譯】
		T24n1476 《佛說優婆塞五戒相經》 (1卷) 【宋 求那跋摩譯】
		T24n1488 《優婆塞戒經》 (7卷) 【北涼 曇無讖譯】
		T17n0784 《四十二章經》 (1卷) 【後漢 迦葉摩騰共法蘭譯】
		T02n0099 《雜阿含經》 (50卷) 【劉宋 求那跋陀羅譯】
	第一年 乙
		T12n0375 《大般涅槃經》（南本初十卷） (36卷) 【宋 慧嚴等依泥洹經加之】
		T12n0374 《大般涅槃經》（北本初十一卷） (40卷) 【北涼 曇無讖譯】
		T10n0279 《大方廣佛華嚴經》（十地品） (80卷) 【唐 實叉難陀譯】
		T09n0262 《妙法蓮華經》 (7卷) 【姚秦 鳩摩羅什譯】
		T19n0945 《大佛頂如來密因修證了義諸菩薩萬行首楞嚴經》 (10卷) 【唐 般剌蜜帝譯】
		T07n0220 《大般若波羅蜜多經(第401卷-第600卷)》 (200卷) 【唐 玄奘譯】
		T08n0227 《小品般若波羅蜜經》 (10卷) 【後秦 鳩摩羅什譯】
		T13n0397 《大方等大集經》 (60卷) 【北涼 曇無讖譯】
		T11n0310 《大寶積經》 (120卷) 【唐 菩提流志譯】
		T15n0653 《佛藏經》 (3卷) 【姚秦 鳩摩羅什譯】
		T15n0625 《大樹緊那羅王所問經》 (4卷) 【姚秦 鳩摩羅什譯】
		T16n0658 《寶雲經》 (7卷) 【梁 曼陀羅仙譯】
		T16n0669 《佛說無上依經》 (2卷) 【梁 真諦譯】
		T17n0810 《諸佛要集經》 (2卷) 【西晉 竺法護譯】
		T15n0613 《禪祕要法經》 (3卷) 【姚秦 鳩摩羅什等譯】
		T16n0676 《解深密經》 (5卷) 【唐 玄奘譯】
	第一年 丙
		T30n1579 《瑜伽師地論》 (100卷) 【彌勒菩薩說 唐 玄奘譯】
		T36n1739 《新華嚴經論》 (40卷) 【唐 李通玄撰】
		T32n1634 《入大乘論》 (2卷) 【堅意菩薩造 北涼 道泰等譯】
		T31n1611 《究竟一乘寶性論》 (4卷) 【後魏 勒那摩提譯】
		T32n1646 《成實論》 (16卷) 【訶梨跋摩造 姚秦 鳩摩羅什譯】
		T26n1536 《阿毘達磨集異門足論》 (20卷) 【尊者舍利子說 唐 玄奘譯】
		T32n1666 《大乘起信論》 (1卷) 【馬鳴菩薩造 梁 真諦譯】
		T31n1594 《攝大乘論本》 (3卷) 【無著菩薩造 唐 玄奘譯】
		T30n1564 《中論》 (4卷) 【龍樹菩薩造 梵志青目釋 姚秦 鳩摩羅什譯】
	第二年 甲
		T10n0279 《大方廣佛華嚴經》（十住品、如來性起品） (80卷) 【唐 實叉難陀譯】
		T12n0375 《大般涅槃經》 (36卷) 【宋 慧嚴等依泥洹經加之】
		T12n0374 《大般涅槃經》 (40卷) 【北涼 曇無讖譯】
		T07n0220 《大般若波羅蜜多經(第401卷-第600卷)》 (200卷) 【唐 玄奘譯】
		T16n0665 《金光明最勝王經》 (10卷) 【唐 義淨譯】
		T38n1775 《注維摩詰經》 (10卷) 【後秦 僧肇撰】
		T12n0353 《勝鬘師子吼一乘大方便方廣經》 (1卷) 【劉宋 求那跋陀羅譯】
		T17n0842 《大方廣圓覺修多羅了義經》 (1卷) 【唐 佛陀多羅譯】
		T16n0717 《分別緣起初勝法門經》 (2卷) 【唐 玄奘譯】
		T18n0848 《大毘盧遮那成佛神變加持經》 (7卷) 【唐 善無畏．一行譯】
		T12n0389 《佛垂般涅槃略說教誡經》 (1卷) 【姚秦 鳩摩羅什譯】
	第二年 乙
		T30n1579 《瑜伽師地論》 (100卷) 【彌勒菩薩說 唐 玄奘譯】
		T28n1552 《雜阿毘曇心論》 (11卷) 【尊者法救造 宋 僧伽跋摩等譯】
		T25n1509 《大智度論》 (100卷) 【龍樹菩薩造 後秦 鳩摩羅什譯】
		T26n1519 《妙法蓮華經憂波提舍》 (2卷) 【大乘論師婆藪槃豆釋 後魏 菩提留支共曇林等譯】
		T31n1604 《大乘莊嚴經論》 (13卷) 【無著菩薩造 唐 波羅頗蜜多羅譯】
		T31n1606 《大乘阿毘達磨雜集論》 (16卷) 【安慧菩薩糅 唐 玄奘譯】
		T31n1600 《辯中邊論》 (3卷) 【世親菩薩造 唐 玄奘譯】
		T32n1659 《發菩提心經論》 (2卷) 【天親菩薩造 後秦 鳩摩羅什譯】
		T32n1660 《菩提資糧論》 (6卷) 【龍樹本 自在比丘釋 隋 達磨笈多譯】
		T25n1518 《佛母般若波羅蜜多圓集要義論》 (1卷) 【大域龍菩薩造 宋 施護等譯】
		T45n1858 《肇論》 (1卷) 【後秦 僧肇作】
		T44n1851 《大乘義章》 (20卷) 【隋 慧遠撰】
	第二年 丙
		T48n2008 《六祖大師法寶壇經》 (1卷) 【元 宗寶編】
		T34n1722 《法華遊意》 (1卷) 【隋 吉藏造】
		T48n2015 《禪源諸詮集都序》 (2卷) 【唐 宗密述】
		T37n1762 《阿彌陀經要解》 (1卷) 【明 智旭解】
		T37n1753 《觀無量壽佛經疏》 (4卷) 【唐 善導集記】
		T47n1957 《略論安樂淨土義》 (1卷) 【後魏 曇鸞撰】
		T47n1958 《安樂集》 (2卷) 【唐 道綽撰】
		T40n1812 《天台菩薩戒疏》 (3卷) 【唐 明曠刪補】
		T40n1806 《四分律比丘含注戒本》 (3卷) 【唐 道宣述】
		T11n0310 《大寶積經》 (120卷) 【唐 菩提流志譯】
		X60n1118 《沙彌律儀要略增註》 (2卷) 【清 弘贊註】
		T38n1777 《維摩經玄疏》 (6卷) 【隋 智顗撰】
		T46n1939 《教觀綱宗》 (1卷) 【明 智旭述】
		T46n1938 《天台傳佛心印記》 (1卷) 【元 懷則述】
		T45n1866 《華嚴一乘教義分齊章》 (4卷) 【唐 法藏述】
		T42n1826 《十二門論宗致義記》 (2卷) 【唐 法藏述】
		T45n1863 《能顯中邊慧日論》 (4卷) 【唐 慧沼撰】
		T39n1799 《首楞嚴義疏注經》 (10卷) 【宋 子璿集】
		T50n2059 《高僧傳》 (14卷) 【梁 慧皎撰】
	第三年 甲
		T10n0279 《大方廣佛華嚴經》 (80卷) 【唐 實叉難陀譯】
		T11n0320 《父子合集經》 (20卷) 【宋 日稱等譯】
		T11n0310 《大寶積經》 (120卷) 【唐 菩提流志譯】
		T13n0402 《寶星陀羅尼經》 (10卷) 【唐 波羅頗蜜多羅譯】
	第三年 乙
		T25n1509 《大智度論》 (100卷) 【龍樹菩薩造 後秦 鳩摩羅什譯】
		T26n1521 《十住毘婆沙論》 (17卷) 【聖者龍樹造 後秦 鳩摩羅什譯】
		T31n1585 《成唯識論》 (10卷) 【護法等菩薩造 唐 玄奘譯】
		T26n1530 《佛地經論》 (7卷) 【親光菩薩等造 唐 玄奘譯】
	第三年 丙
		X09n0245 《圓覺經大疏釋義鈔》 (13卷) 【唐 宗密撰】
		X09n0232 《華嚴經疏鈔玄談》 (9卷) 【唐 澄觀撰述】
		T33n1716 《妙法蓮華經玄義》 (10卷) 【隋 智顗說】
		T46n1916 《釋禪波羅蜜次第法門》 (10卷) 【隋 智顗說】
		T48n2016 《宗鏡錄》 (100卷) 【宋 延壽集】
		T48n2012A 《黃檗山斷際禪師傳心法要》 (1卷) 【唐 裴休集】
		T48n2012B 《黃檗斷際禪師宛陵錄》 (1卷) 【唐 裴休集】
	第三年 丁
		T50n2060 《續高僧傳》 (30卷) 【唐 道宣撰】
在家必讀內典(民國歐陽漸撰)
	T16n0684 一  佛說父母恩難報經 (1卷)【後漢 安世高譯】
	T03n0156 二  大方便佛報恩經·孝養品 (7卷)【失譯】
	T17n0790 三  佛說孛經抄 (1卷)【吳 支謙譯】
	T17n0820 四  佛說演道俗業經 (1卷)【乞伏秦 聖堅譯】
	T01n0017 五  善生子經 (1卷)【西晉 支法度譯】
	T24n1488_003 六  優婆塞戒經·受戒品(7卷)【北涼 曇無讖譯】
	T03n0182b 七  佛說鹿母經 (1卷)【西晉 竺法護譯】
	T03n0179 八  銀色女經 (1卷)【元魏 佛陀扇多譯】
	T02n0142b 九  玉耶女經 (1卷)【失譯】
	T14n0572 十  佛說長者法志妻經 (1卷)【失譯】
	T14n0556 十一 佛說七女經 (1卷)【吳 支謙譯】
	T14n0480 十二 佛說月上女經 (2卷)【隋 闍那崛多譯】
	T14n0579 十三 優婆夷淨行法門經 (2卷)【失譯】
	T17n0784 附錄 四十二章經 (1卷)【後漢 迦葉摩騰共法蘭譯】
閱藏禪修體驗版1.3(萬億禪寺般若研究所彙編)TB
	第一類 百善孝爲先
		T16n0684 佛說父母恩難報經 (1卷)【後漢 安世高譯】
	第二類 因果故事
		T17n0827 佛說懈怠耕者經 (1卷)【劉宋 惠簡譯】
	第三類 世界是這樣的
		T17n0784 四十二章經 (1卷)【後漢 迦葉摩騰共法蘭譯】
	第四類 依靠的地方
		T15n0595 佛說嗟襪曩法天子受三歸依獲免惡道經 (1卷)【宋 法天譯】
	第五類 素食與健康
		T17n0793 佛說佛醫經 (1卷)【吳 竺律炎共支越譯】
	第六類 慈悲是快樂的源泉
		T17n0844 佛說大方廣未曾有經·善巧方便品 (1卷)【宋 施護譯】
	第七類 智慧到彼岸
		T08n0251 般若波羅蜜多心經 (1卷)【唐 玄奘譯】
	第八類 師徒之間
		T12n0393 迦葉赴佛般涅槃經 (1卷)【東晉 竺曇無蘭譯】
	第九類 供香、供花、供燈和禮佛的殊勝功德
		T16n0705 佛說布施經 (1卷)【宋 法賢譯】
	第十類 禪修一下，讓我們的心靜下來
		T15n0604 佛說禪行三十七品經 (1卷)【後漢 安世高譯】
在家居士必讀的十部經典佛經(淨慧長老)
	B07n0013 吉祥經 (1卷)【法舫譯】 (原推薦为李荣熙居士翻)
	B07n0020 隨念三寶經淺說 (1卷)【法尊口述　雲根記】
	T17n0779 佛說八大人覺經 (1卷)【後漢 安世高譯】
	T01n0017 善生子經 (1卷)【西晉 支法度譯】
	T24n1488 優婆塞戒經 (7卷)【北涼 曇無讖譯】
	T09n0262_007 妙法蓮華經·觀世音菩薩普門品 (7卷)【姚秦 鳩摩羅什譯】
	T10n0293_040 大方廣佛華嚴經·入不思議解脫境界普賢行願品 (40卷)【唐 般若譯】
	T08n0251 般若波羅蜜多心經 (1卷)【唐 玄奘譯】
	T08n0235 金剛般若波羅蜜經 (1卷)【後秦 鳩摩羅什譯】
	T48n2008 六祖大師法寶壇經 (1卷)【元 宗寶編】
