01. Tipiṭaka (Mūla)  三藏
	01. Vinayapiṭaka 毘奈耶藏
		01. Pārājikapāḷi
			Verañjakaṇḍaṃ" action="cscd/vin01m.mul0.xml"
			1. Pā rā jikakaṇḍaṃ" action="cscd/vin01m.mul1.xml"
			2. Saṅghā disesakaṇḍaṃ" action="cscd/vin01m.mul2.xml"
			3. Aniyatakaṇḍaṃ" action="cscd/vin01m.mul3.xml"
			4. Nissaggiyakaṇḍaṃ" action="cscd/vin01m.mul4.xml"
		02. Pācittiyapāḷi
			5. Pā cittiyakaṇḍaṃ" action="cscd/vin02m1.mul0.xml" target="text"
			6. Pā ṭidesanī yakaṇḍaṃ" action="cscd/vin02m1.mul1.xml" target="text"
			7. Sekhiyakaṇḍaṃ" action="cscd/vin02m1.mul2.xml" target="text"
			8. Adhikaraṇasamathā " action="cscd/vin02m1.mul3.xml" target="text"
			1. Pā rā jikakaṇḍaṃ (bhikkhunī vibhaṅgo)" action="cscd/vin02m1.mul4.xml" target="text"
			2. Saṅghā disesakaṇḍaṃ (bhikkhunī vibhaṅgo)" action="cscd/vin02m1.mul5.xml" target="text"
			3. Nissaggiyakaṇḍaṃ (bhikkhunī vibhaṅgo)" action="cscd/vin02m1.mul6.xml" target="text"
			4. Pā cittiyakaṇḍaṃ (bhikkhunī vibhaṅgo)" action="cscd/vin02m1.mul7.xml" target="text"
			5. Pā ṭidesanī yakaṇḍaṃ (bhikkhunī vibhaṅgo)" action="cscd/vin02m1.mul8.xml" target="text"
			6. Sekhiyakaṇḍaṃ (bhikkhunī vibhaṅgo)" action="cscd/vin02m1.mul9.xml" target="text"
			7. Adhikaraṇasamathā  (bhikkhunī vibhaṅgo)" action="cscd/vin02m1.mul10.xml" target="text"</tree>
		03. Mahāvaggapāḷi 大品
			1. Mahā khandhako" action="cscd/vin02m2.mul0.xml" target="text"
			2. Uposathakkhandhako" action="cscd/vin02m2.mul1.xml" target="text"
			3. Vassū panā yikakkhandhako" action="cscd/vin02m2.mul2.xml" target="text"
			4. Pavā raṇā kkhandhako" action="cscd/vin02m2.mul3.xml" target="text"
			5. Cammakkhandhako" action="cscd/vin02m2.mul4.xml" target="text"
			6. Bhesajjakkhandhako" action="cscd/vin02m2.mul5.xml" target="text"
			7. Kathinakkhandhako" action="cscd/vin02m2.mul6.xml" target="text"
			8. Cī varakkhandhako" action="cscd/vin02m2.mul7.xml" target="text"
			9. Campeyyakkhandhako" action="cscd/vin02m2.mul8.xml" target="text"
			10. Kosambakakkhandhako" action="cscd/vin02m2.mul9.xml" target="text"</tree>
		04. Cūḷavaggapāḷi 小品
			1. Kammakkhandhakaṃ" action="cscd/vin02m3.mul0.xml" target="text"
			2. Pā rivā sikakkhandhakaṃ" action="cscd/vin02m3.mul1.xml" target="text"
			3. Samuccayakkhandhakaṃ" action="cscd/vin02m3.mul2.xml" target="text"
			4. Samathakkhandhakaṃ" action="cscd/vin02m3.mul3.xml" target="text"
			5. Khuddakavatthukkhandhakaṃ" action="cscd/vin02m3.mul4.xml" target="text"
			6. Senā sanakkhandhakaṃ" action="cscd/vin02m3.mul5.xml" target="text"
			7. Saṅghabhedakakkhandhakaṃ" action="cscd/vin02m3.mul6.xml" target="text"
			8. Vattakkhandhakaṃ" action="cscd/vin02m3.mul7.xml" target="text"
			9. Pā timokkhaṭṭhapanakkhandhakaṃ" action="cscd/vin02m3.mul8.xml" target="text"
			10. Bhikkhunikkhandhakaṃ" action="cscd/vin02m3.mul9.xml" target="text"
			11. Pañcasatikakkhandhakaṃ" action="cscd/vin02m3.mul10.xml" target="text"
			12. Sattasatikakkhandhakaṃ" action="cscd/vin02m3.mul11.xml" target="text"</tree>
		05. Parivārapāḷi  附隨
			Soḷasamahā vā ro" action="cscd/vin02m4.mul0.xml" target="text"
			Samuṭṭhā nasī sasaṅkhepo" action="cscd/vin02m4.mul1.xml" target="text"
			Antarapeyyā laṃ" action="cscd/vin02m4.mul2.xml" target="text"
			Khandhakapucchā vā ro" action="cscd/vin02m4.mul3.xml" target="text"
			Ekuttarikanayo" action="cscd/vin02m4.mul4.xml" target="text"
			Uposathā dipucchā vissajjanā " action="cscd/vin02m4.mul5.xml" target="text"
			Gā thā saṅgaṇikaṃ" action="cscd/vin02m4.mul6.xml" target="text"
			Adhikaraṇabhedo" action="cscd/vin02m4.mul7.xml" target="text"
			Aparagā thā saṅgaṇikaṃ" action="cscd/vin02m4.mul8.xml" target="text"
			Codanā kaṇḍaṃ" action="cscd/vin02m4.mul9.xml" target="text"
			Cū ḷasaṅgā mo" action="cscd/vin02m4.mul10.xml" target="text"
			Mahā saṅgā mo" action="cscd/vin02m4.mul11.xml" target="text"
			Kathinabhedo" action="cscd/vin02m4.mul12.xml" target="text"
			Upā lipañcakaṃ" action="cscd/vin02m4.mul13.xml" target="text"
			Atthā pattisamuṭṭhā naṃ" action="cscd/vin02m4.mul14.xml" target="text"
			Dutiyagā thā saṅgaṇikaṃ" action="cscd/vin02m4.mul15.xml" target="text"
			Sedamocanagā thā " action="cscd/vin02m4.mul16.xml" target="text"
			Pañcavaggo" action="cscd/vin02m4.mul17.xml" target="text"
	02. Suttapiṭaka  修多羅藏
		01. Dīghanikāya 長部
			01. Sīlakkhandhavaggapāḷi
				1. Brahmajā lasuttaṃ" action="cscd/s0101m.mul0.xml" target="text"
				2. Sā maññaphalasuttaṃ" action="cscd/s0101m.mul1.xml" target="text"
				3. Ambaṭṭhasuttaṃ" action="cscd/s0101m.mul2.xml" target="text"
				4. Soṇadaṇḍasuttaṃ" action="cscd/s0101m.mul3.xml" target="text"
				5. Kū ṭadantasuttaṃ" action="cscd/s0101m.mul4.xml" target="text"
				6. Mahā lisuttaṃ" action="cscd/s0101m.mul5.xml" target="text"
				7. Jā liyasuttaṃ" action="cscd/s0101m.mul6.xml" target="text"
				8. Mahā sī hanā dasuttaṃ" action="cscd/s0101m.mul7.xml" target="text"
				9. Poṭṭhapā dasuttaṃ" action="cscd/s0101m.mul8.xml" target="text"
				10. Subhasuttaṃ" action="cscd/s0101m.mul9.xml" target="text"
				11. Kevaṭṭasuttaṃ" action="cscd/s0101m.mul10.xml" target="text"
				12. Lohiccasuttaṃ" action="cscd/s0101m.mul11.xml" target="text"
				13. Tevijjasuttaṃ" action="cscd/s0101m.mul12.xml" target="text"</tree>
			02. Mahāvaggapāḷi
				1. Mahā padā nasuttaṃ" action="cscd/s0102m.mul0.xml" target="text"
				2. Mahā nidā nasuttaṃ" action="cscd/s0102m.mul1.xml" target="text"
				3. Mahā parinibbā nasuttaṃ" action="cscd/s0102m.mul2.xml" target="text"
				4. Mahā sudassanasuttaṃ" action="cscd/s0102m.mul3.xml" target="text"
				5. Janavasabhasuttaṃ" action="cscd/s0102m.mul4.xml" target="text"
				6. Mahā govindasuttaṃ" action="cscd/s0102m.mul5.xml" target="text"
				7. Mahā samayasuttaṃ" action="cscd/s0102m.mul6.xml" target="text"
				8. Sakkapañhasuttaṃ" action="cscd/s0102m.mul7.xml" target="text"
				9. Mahā satipaṭṭhā nasuttaṃ" action="cscd/s0102m.mul8.xml" target="text"
				10. Pā yā sisuttaṃ" action="cscd/s0102m.mul9.xml" target="text"</tree>
			03. Pāthikavaggapāḷi
				1. Pā thikasuttaṃ" action="cscd/s0103m.mul0.xml" target="text"
				2. Udumbarikasuttaṃ" action="cscd/s0103m.mul1.xml" target="text"
				3. Cakkavattisuttaṃ" action="cscd/s0103m.mul2.xml" target="text"
				4. Aggaññasuttaṃ" action="cscd/s0103m.mul3.xml" target="text"
				5. Sampasā danī yasuttaṃ" action="cscd/s0103m.mul4.xml" target="text"
				6. Pā sā dikasuttaṃ" action="cscd/s0103m.mul5.xml" target="text"
				7. Lakkhaṇasuttaṃ" action="cscd/s0103m.mul6.xml" target="text"
				8. Siṅgā lasuttaṃ" action="cscd/s0103m.mul7.xml" target="text"
				9. Āṭā nā ṭiyasuttaṃ" action="cscd/s0103m.mul8.xml" target="text"
				10. Saṅgī tisuttaṃ" action="cscd/s0103m.mul9.xml" target="text"
				11. Dasuttarasuttaṃ" action="cscd/s0103m.mul10.xml" target="text"
		02. Majjhimanikāya  中部
			01. Mūlapaṇṇāsapāḷi
				1. Mū lapariyā yavaggo" action="cscd/s0201m.mul0.xml" target="text"
				2. Sī hanā davaggo" action="cscd/s0201m.mul1.xml" target="text"
				3. Opammavaggo" action="cscd/s0201m.mul2.xml" target="text"
				4. Mahā yamakavaggo" action="cscd/s0201m.mul3.xml" target="text"
				5. Cū ḷayamakavaggo" action="cscd/s0201m.mul4.xml" target="text"
			02. Majjhimapaṇṇāsapāḷi
				1. Gahapativaggo" action="cscd/s0202m.mul0.xml" target="text"
				2. Bhikkhuvaggo" action="cscd/s0202m.mul1.xml" target="text"
				3. Paribbā jakavaggo" action="cscd/s0202m.mul2.xml" target="text"
				4. Rā javaggo" action="cscd/s0202m.mul3.xml" target="text"
				5. Brā hmaṇavaggo" action="cscd/s0202m.mul4.xml" target="text"
			03. Uparipaṇṇāsapāḷi
				1. Devadahavaggo" action="cscd/s0203m.mul0.xml" target="text"
				2. Anupadavaggo" action="cscd/s0203m.mul1.xml" target="text"
				3. Suññatavaggo" action="cscd/s0203m.mul2.xml" target="text"
				4. Vibhaṅgavaggo" action="cscd/s0203m.mul3.xml" target="text"
				5. Saḷā yatanavaggo" action="cscd/s0203m.mul4.xml" target="text"
		03. Saṃyuttanikāya  相應部
			01. Sagāthāvaggapāḷi    有偈品
				1. Devatā saṃyuttaṃ" action="cscd/s0301m.mul0.xml" target="text"
				2. Devaputtasaṃyuttaṃ" action="cscd/s0301m.mul1.xml" target="text"
				3. Kosalasaṃyuttaṃ" action="cscd/s0301m.mul2.xml" target="text"
				4. Mā rasaṃyuttaṃ" action="cscd/s0301m.mul3.xml" target="text"
				5. Bhikkhunī saṃyuttaṃ" action="cscd/s0301m.mul4.xml" target="text"
				6. Brahmasaṃyuttaṃ" action="cscd/s0301m.mul5.xml" target="text"
				7. Brā hmaṇasaṃyuttaṃ" action="cscd/s0301m.mul6.xml" target="text"
				8. Vaṅgī sasaṃyuttaṃ" action="cscd/s0301m.mul7.xml" target="text"
				9. Vanasaṃyuttaṃ" action="cscd/s0301m.mul8.xml" target="text"
				10. Yakkhasaṃyuttaṃ" action="cscd/s0301m.mul9.xml" target="text"
				11. Sakkasaṃyuttaṃ" action="cscd/s0301m.mul10.xml" target="text"
			02. Nidānavaggapāḷi  因緣品
				1. Nidā nasaṃyuttaṃ" action="cscd/s0302m.mul0.xml" target="text"
				2. Abhisamayasaṃyuttaṃ" action="cscd/s0302m.mul1.xml" target="text"
				3. Dhā tusaṃyuttaṃ" action="cscd/s0302m.mul2.xml" target="text"
				4. Anamataggasaṃyuttaṃ" action="cscd/s0302m.mul3.xml" target="text"
				5. Kassapasaṃyuttaṃ" action="cscd/s0302m.mul4.xml" target="text"
				6. Lā bhasakkā rasaṃyuttaṃ" action="cscd/s0302m.mul5.xml" target="text"
				7. Rā hulasaṃyuttaṃ" action="cscd/s0302m.mul6.xml" target="text"
				8. Lakkhaṇasaṃyuttaṃ" action="cscd/s0302m.mul7.xml" target="text"
				9. Opammasaṃyuttaṃ" action="cscd/s0302m.mul8.xml" target="text"
				10. Bhikkhusaṃyuttaṃ" action="cscd/s0302m.mul9.xml" target="text"
			03. Khandhavaggapāḷi  諸藴品
				1. Khandhasaṃyuttaṃ" action="cscd/s0303m.mul0.xml" target="text"
				2. Rā dhasaṃyuttaṃ" action="cscd/s0303m.mul1.xml" target="text"
				3. Diṭṭhisaṃyuttaṃ" action="cscd/s0303m.mul2.xml" target="text"
				4. Okkantasaṃyuttaṃ" action="cscd/s0303m.mul3.xml" target="text"
				5. Uppā dasaṃyuttaṃ" action="cscd/s0303m.mul4.xml" target="text"
				6. Kilesasaṃyuttaṃ" action="cscd/s0303m.mul5.xml" target="text"
				7. Sā riputtasaṃyuttaṃ" action="cscd/s0303m.mul6.xml" target="text"
				8. Nā gasaṃyuttaṃ" action="cscd/s0303m.mul7.xml" target="text"
				9. Supaṇṇasaṃyuttaṃ" action="cscd/s0303m.mul8.xml" target="text"
				10. Gandhabbakā yasaṃyuttaṃ" action="cscd/s0303m.mul9.xml" target="text"
				11. Valā hakasaṃyuttaṃ" action="cscd/s0303m.mul10.xml" target="text"
				12. Vacchagottasaṃyuttaṃ" action="cscd/s0303m.mul11.xml" target="text"
				13. Jhā nasaṃyuttaṃ" action="cscd/s0303m.mul12.xml" target="text"
			04. Saḷāyatanavaggapāḷi    六處品
				1. Saḷā yatanasaṃyuttaṃ" action="cscd/s0304m.mul0.xml" target="text"
				2. Vedanā saṃyuttaṃ" action="cscd/s0304m.mul1.xml" target="text"
				3. Mā tugā masaṃyuttaṃ" action="cscd/s0304m.mul2.xml" target="text"
				4. Jambukhā dakasaṃyuttaṃ" action="cscd/s0304m.mul3.xml" target="text"
				5. Sā maṇḍakasaṃyuttaṃ" action="cscd/s0304m.mul4.xml" target="text"
				6. Moggallā nasaṃyuttaṃ" action="cscd/s0304m.mul5.xml" target="text"
				7. Cittasaṃyuttaṃ" action="cscd/s0304m.mul6.xml" target="text"
				8. Gā maṇisaṃyuttaṃ" action="cscd/s0304m.mul7.xml" target="text"
				9. Asaṅkhatasaṃyuttaṃ" action="cscd/s0304m.mul8.xml" target="text"
				10. Abyā katasaṃyuttaṃ" action="cscd/s0304m.mul9.xml" target="text"
			05. Mahāvaggapāḷi  大品
				1. Maggasaṃyuttaṃ" action="cscd/s0305m.mul0.xml" target="text"
				2. Bojjhaṅgasaṃyuttaṃ" action="cscd/s0305m.mul1.xml" target="text"
				3. Satipaṭṭhā nasaṃyuttaṃ" action="cscd/s0305m.mul2.xml" target="text"
				4. Indriyasaṃyuttaṃ" action="cscd/s0305m.mul3.xml" target="text"
				5. Sammappadhā nasaṃyuttaṃ" action="cscd/s0305m.mul4.xml" target="text"
				6. Balasaṃyuttaṃ" action="cscd/s0305m.mul5.xml" target="text"
				7. Iddhipā dasaṃyuttaṃ" action="cscd/s0305m.mul6.xml" target="text"
				8. Anuruddhasaṃyuttaṃ" action="cscd/s0305m.mul7.xml" target="text"
				9. Jhā nasaṃyuttaṃ" action="cscd/s0305m.mul8.xml" target="text"
				10. Ānā pā nasaṃyuttaṃ" action="cscd/s0305m.mul9.xml" target="text"
				11. Sotā pattisaṃyuttaṃ" action="cscd/s0305m.mul10.xml" target="text"
				12. Saccasaṃyuttaṃ" action="cscd/s0305m.mul11.xml" target="text"
		04. Aṅguttaranikāya  增支部
			01. s0401m.mul.toc.xml" text="Ekakanipātapāḷi
				1. Rū pā divaggo" action="cscd/s0401m.mul0.xml" target="text"
				2. Nī varaṇappahā navaggo" action="cscd/s0401m.mul1.xml" target="text"
				3. Akammaniyavaggo" action="cscd/s0401m.mul2.xml" target="text"
				4. Adantavaggo" action="cscd/s0401m.mul3.xml" target="text"
				5. Paṇihitaacchavaggo" action="cscd/s0401m.mul4.xml" target="text"
				6. Accharā saṅghā tavaggo" action="cscd/s0401m.mul5.xml" target="text"
				7. Vī riyā rambhā divaggo" action="cscd/s0401m.mul6.xml" target="text"
				8. Kalyā ṇamittā divaggo" action="cscd/s0401m.mul7.xml" target="text"
				9. Pamā dā divaggo" action="cscd/s0401m.mul8.xml" target="text"
				10. Dutiyapamā dā divaggo" action="cscd/s0401m.mul9.xml" target="text"
				11. Adhammavaggo" action="cscd/s0401m.mul10.xml" target="text"
				12. Anā pattivaggo" action="cscd/s0401m.mul11.xml" target="text"
				13. Ekapuggalavaggo" action="cscd/s0401m.mul12.xml" target="text"
				14. Etadaggavaggo" action="cscd/s0401m.mul13.xml" target="text"
				15. Aṭṭhā napā ḷi" action="cscd/s0401m.mul14.xml" target="text"
				16. Ekadhammapā ḷi" action="cscd/s0401m.mul15.xml" target="text"
				17. Pasā dakaradhammavaggo" action="cscd/s0401m.mul16.xml" target="text"
				18. Aparaaccharā saṅghā tavaggo" action="cscd/s0401m.mul17.xml" target="text"
				19. Kā yagatā sativaggo" action="cscd/s0401m.mul18.xml" target="text"
				20. Amatavaggo" action="cscd/s0401m.mul19.xml" target="text"
			02. s0402m1.mul.toc.xml" text="Dukanipātapāḷi
				1. Kammakaraṇavaggo" action="cscd/s0402m1.mul0.xml" target="text"
				2. Adhikaraṇavaggo" action="cscd/s0402m1.mul1.xml" target="text"
				3. Bā lavaggo" action="cscd/s0402m1.mul2.xml" target="text"
				4. Samacittavaggo" action="cscd/s0402m1.mul3.xml" target="text"
				5. Parisavaggo" action="cscd/s0402m1.mul4.xml" target="text"
				(6) 1. Puggalavaggo" action="cscd/s0402m1.mul5.xml" target="text"
				(7) 2. Sukhavaggo" action="cscd/s0402m1.mul6.xml" target="text"
				(8) 3. Sanimittavaggo" action="cscd/s0402m1.mul7.xml" target="text"
				(9) 4. Dhammavaggo" action="cscd/s0402m1.mul8.xml" target="text"
				(10) 5. Bā lavaggo" action="cscd/s0402m1.mul9.xml" target="text"
				(11) 1. Āsā duppajahavaggo" action="cscd/s0402m1.mul10.xml" target="text"
				(12) 2. Āyā canavaggo" action="cscd/s0402m1.mul11.xml" target="text"
				(13) 3. Dā navaggo" action="cscd/s0402m1.mul12.xml" target="text"
				(14) 4. Santhā ravaggo" action="cscd/s0402m1.mul13.xml" target="text"
				(15) 5. Samā pattivaggo" action="cscd/s0402m1.mul14.xml" target="text"
				1. Kodhapeyyā laṃ" action="cscd/s0402m1.mul15.xml" target="text"
				2. Akusalapeyyā laṃ" action="cscd/s0402m1.mul16.xml" target="text"
				3. Vinayapeyyā laṃ" action="cscd/s0402m1.mul17.xml" target="text"
				4. Rā gapeyyā laṃ" action="cscd/s0402m1.mul18.xml" target="text"
			03. s0402m2.mul.toc.xml" text="Tikanipātapāḷi
				1. Bā lavaggo" action="cscd/s0402m2.mul0.xml" target="text"
				2. Rathakā ravaggo" action="cscd/s0402m2.mul1.xml" target="text"
				3. Puggalavaggo" action="cscd/s0402m2.mul2.xml" target="text"
				4. Devadū tavaggo" action="cscd/s0402m2.mul3.xml" target="text"
				5. Cū ḷavaggo" action="cscd/s0402m2.mul4.xml" target="text"
				(6) 1. Brā hmaṇavaggo" action="cscd/s0402m2.mul5.xml" target="text"
				(7) 2. Mahā vaggo" action="cscd/s0402m2.mul6.xml" target="text"
				(8) 3. Ānandavaggo" action="cscd/s0402m2.mul7.xml" target="text"
				(9) 4. Samaṇavaggo" action="cscd/s0402m2.mul8.xml" target="text"
				(10) 5. Loṇakapallavaggo" action="cscd/s0402m2.mul9.xml" target="text"
				(11) 1. Sambodhavaggo" action="cscd/s0402m2.mul10.xml" target="text"
				(12) 2. Āpā yikavaggo" action="cscd/s0402m2.mul11.xml" target="text"
				(13) 3. Kusinā ravaggo" action="cscd/s0402m2.mul12.xml" target="text"
				(14) 4. Yodhā jī vavaggo" action="cscd/s0402m2.mul13.xml" target="text"
				(15) 5. Maṅgalavaggo" action="cscd/s0402m2.mul14.xml" target="text"
				(16) 6. Acelakavaggo" action="cscd/s0402m2.mul15.xml" target="text"
				(17) 7. Kammapathapeyyā laṃ" action="cscd/s0402m2.mul16.xml" target="text"
				(18) 8. Rā gapeyyā laṃ" action="cscd/s0402m2.mul17.xml" target="text"
			04. s0402m3.mul.toc.xml" text="Catukkanipātapāḷi
				1. Bhaṇḍagā mavaggo" action="cscd/s0402m3.mul0.xml" target="text"
				2. Caravaggo" action="cscd/s0402m3.mul1.xml" target="text"
				3. Uruvelavaggo" action="cscd/s0402m3.mul2.xml" target="text"
				4. Cakkavaggo" action="cscd/s0402m3.mul3.xml" target="text"
				5. Rohitassavaggo" action="cscd/s0402m3.mul4.xml" target="text"
				(6) 1. Puññā bhisandavaggo" action="cscd/s0402m3.mul5.xml" target="text"
				(7) 2. Pattakammavaggo" action="cscd/s0402m3.mul6.xml" target="text"
				(8) 3. Apaṇṇakavaggo" action="cscd/s0402m3.mul7.xml" target="text"
				(9) 4. Macalavaggo" action="cscd/s0402m3.mul8.xml" target="text"
				(10) 5. Asuravaggo" action="cscd/s0402m3.mul9.xml" target="text"
				(11) 1. Valā hakavaggo" action="cscd/s0402m3.mul10.xml" target="text"
				(12) 2. Kesivaggo" action="cscd/s0402m3.mul11.xml" target="text"
				(13) 3. Bhayavaggo" action="cscd/s0402m3.mul12.xml" target="text"
				(14) 4. Puggalavaggo" action="cscd/s0402m3.mul13.xml" target="text"
				(15) 5. Ābhā vaggo" action="cscd/s0402m3.mul14.xml" target="text"
				(16) 1. Indriyavaggo" action="cscd/s0402m3.mul15.xml" target="text"
				(17) 2. Paṭipadā vaggo" action="cscd/s0402m3.mul16.xml" target="text"
				(18) 3. Sañcetaniyavaggo" action="cscd/s0402m3.mul17.xml" target="text"
				(19) 4. Brā hmaṇavaggo" action="cscd/s0402m3.mul18.xml" target="text"
				(20) 5. Mahā vaggo" action="cscd/s0402m3.mul19.xml" target="text"
				(21) 1. Sappurisavaggo" action="cscd/s0402m3.mul20.xml" target="text"
				(22) 2. Parisā vaggo" action="cscd/s0402m3.mul21.xml" target="text"
				(23) 3. Duccaritavaggo" action="cscd/s0402m3.mul22.xml" target="text"
				(24) 4. Kammavaggo" action="cscd/s0402m3.mul23.xml" target="text"
				(25) 5. Āpattibhayavaggo" action="cscd/s0402m3.mul24.xml" target="text"
				(26) 6. Abhiññā vaggo" action="cscd/s0402m3.mul25.xml" target="text"
				(27) 7. Kammapathavaggo" action="cscd/s0402m3.mul26.xml" target="text"
				(28) 8. Rā gapeyyā laṃ" action="cscd/s0402m3.mul27.xml" target="text"
			05. s0403m1.mul.toc.xml" text="Pañcakanipātapāḷi
				1. Sekhabalavaggo" action="cscd/s0403m1.mul0.xml" target="text"
				2. Balavaggo" action="cscd/s0403m1.mul1.xml" target="text"
				3. Pañcaṅgikavaggo" action="cscd/s0403m1.mul2.xml" target="text"
				4. Sumanavaggo" action="cscd/s0403m1.mul3.xml" target="text"
				5. Muṇḍarā javaggo" action="cscd/s0403m1.mul4.xml" target="text"
				(6) 1. Nī varaṇavaggo" action="cscd/s0403m1.mul5.xml" target="text"
				(7) 2. Saññā vaggo" action="cscd/s0403m1.mul6.xml" target="text"
				(8) 3. Yodhā jī vavaggo" action="cscd/s0403m1.mul7.xml" target="text"
				(9) 4. Theravaggo" action="cscd/s0403m1.mul8.xml" target="text"
				(10) 5. Kakudhavaggo" action="cscd/s0403m1.mul9.xml" target="text"
				(11) 1. Phā suvihā ravaggo" action="cscd/s0403m1.mul10.xml" target="text"
				(12) 2. Andhakavindavaggo" action="cscd/s0403m1.mul11.xml" target="text"
				(13) 3. Gilā navaggo" action="cscd/s0403m1.mul12.xml" target="text"
				(14) 4. Rā javaggo" action="cscd/s0403m1.mul13.xml" target="text"
				(15) 5. Tikaṇḍakī vaggo" action="cscd/s0403m1.mul14.xml" target="text"
				(16) 1. Saddhammavaggo" action="cscd/s0403m1.mul15.xml" target="text"
				(17) 2. Āghā tavaggo" action="cscd/s0403m1.mul16.xml" target="text"
				(18) 3. Upā sakavaggo" action="cscd/s0403m1.mul17.xml" target="text"
				(19) 4. Araññavaggo" action="cscd/s0403m1.mul18.xml" target="text"
				(20) 5. Brā hmaṇavaggo" action="cscd/s0403m1.mul19.xml" target="text"
				(21) 1. Kimilavaggo" action="cscd/s0403m1.mul20.xml" target="text"
				(22) 2. Akkosakavaggo" action="cscd/s0403m1.mul21.xml" target="text"
				(23) 3. Dī ghacā rikavaggo" action="cscd/s0403m1.mul22.xml" target="text"
				(24) 4. Āvā sikavaggo" action="cscd/s0403m1.mul23.xml" target="text"
				(25) 5. Duccaritavaggo" action="cscd/s0403m1.mul24.xml" target="text"
				(26) 6. Upasampadā vaggo" action="cscd/s0403m1.mul25.xml" target="text"
				1. Sammutipeyyā laṃ" action="cscd/s0403m1.mul26.xml" target="text"
				2. Sikkhā padapeyyā laṃ" action="cscd/s0403m1.mul27.xml" target="text"
				3. Rā gapeyyā laṃ" action="cscd/s0403m1.mul28.xml" target="text"
			06. s0403m2.mul.toc.xml" text="Chakkanipātapāḷi
				1. Āhuneyyavaggo" action="cscd/s0403m2.mul0.xml" target="text"
				2. Sā raṇī yavaggo" action="cscd/s0403m2.mul1.xml" target="text"
				3. Anuttariyavaggo" action="cscd/s0403m2.mul2.xml" target="text"
				4. Devatā vaggo" action="cscd/s0403m2.mul3.xml" target="text"
				5. Dhammikavaggo" action="cscd/s0403m2.mul4.xml" target="text"
				6. Mahā vaggo" action="cscd/s0403m2.mul5.xml" target="text"
				7. Devatā vaggo" action="cscd/s0403m2.mul6.xml" target="text"
				8. Arahattavaggo" action="cscd/s0403m2.mul7.xml" target="text"
				9. Sī tivaggo" action="cscd/s0403m2.mul8.xml" target="text"
				10. Ānisaṃsavaggo" action="cscd/s0403m2.mul9.xml" target="text"
				11. Tikavaggo" action="cscd/s0403m2.mul10.xml" target="text"
				12. Sā maññavaggo" action="cscd/s0403m2.mul11.xml" target="text"
				13. Rā gapeyyā laṃ" action="cscd/s0403m2.mul12.xml" target="text"
			07. s0403m3.mul.toc.xml" text="Sattakanipātapāḷi
				1. Dhanavaggo" action="cscd/s0403m3.mul0.xml" target="text"
				2. Anusayavaggo" action="cscd/s0403m3.mul1.xml" target="text"
				3. Vajjisattakavaggo" action="cscd/s0403m3.mul2.xml" target="text"
				4. Devatā vaggo" action="cscd/s0403m3.mul3.xml" target="text"
				5. Mahā yaññavaggo" action="cscd/s0403m3.mul4.xml" target="text"
				6. Abyā katavaggo" action="cscd/s0403m3.mul5.xml" target="text"
				7. Mahā vaggo" action="cscd/s0403m3.mul6.xml" target="text"
				8. Vinayavaggo" action="cscd/s0403m3.mul7.xml" target="text"
				9. Samaṇavaggo" action="cscd/s0403m3.mul8.xml" target="text"
				10. Āhuneyyavaggo" action="cscd/s0403m3.mul9.xml" target="text"
				11. Rā gapeyyā laṃ" action="cscd/s0403m3.mul10.xml" target="text"
			08. s0404m1.mul.toc.xml" text="Aṭṭhakādinipātapāḷi
				1. Mettā vaggo" action="cscd/s0404m1.mul0.xml" target="text"
				2. Mahā vaggo" action="cscd/s0404m1.mul1.xml" target="text"
				3. Gahapativaggo" action="cscd/s0404m1.mul2.xml" target="text"
				4. Dā navaggo" action="cscd/s0404m1.mul3.xml" target="text"
				5. Uposathavaggo" action="cscd/s0404m1.mul4.xml" target="text"
				(6) 1. Gotamī vaggo" action="cscd/s0404m1.mul5.xml" target="text"
				(7) 2. Bhū micā lavaggo" action="cscd/s0404m1.mul6.xml" target="text"
				(8) 3. Yamakavaggo" action="cscd/s0404m1.mul7.xml" target="text"
				(9) 4. Sativaggo" action="cscd/s0404m1.mul8.xml" target="text"
				(10) 5. Sā maññavaggo" action="cscd/s0404m1.mul9.xml" target="text"
				(11). Rā gapeyyā laṃ" action="cscd/s0404m1.mul10.xml" target="text"
			09. s0404m2.mul.toc.xml" text="Navakanipātapāḷi
				1. Sambodhivaggo" action="cscd/s0404m2.mul0.xml" target="text"
				2. Sī hanā davaggo" action="cscd/s0404m2.mul1.xml" target="text"
				3. Sattā vā savaggo" action="cscd/s0404m2.mul2.xml" target="text"
				4. Mahā vaggo" action="cscd/s0404m2.mul3.xml" target="text"
				5. Sā maññavaggo" action="cscd/s0404m2.mul4.xml" target="text"
				(6) 1. Khemavaggo" action="cscd/s0404m2.mul5.xml" target="text"
				(7) 2. Satipaṭṭhā navaggo" action="cscd/s0404m2.mul6.xml" target="text"
				(8) 3. Sammappadhā navaggo" action="cscd/s0404m2.mul7.xml" target="text"
				(9) 4. Iddhipā davaggo" action="cscd/s0404m2.mul8.xml" target="text"
				(10) 5. Rā gapeyyā laṃ" action="cscd/s0404m2.mul9.xml" target="text"
			10. s0404m3.mul.toc.xml" text="Dasakanipātapāḷi
				1. Ānisaṃsavaggo" action="cscd/s0404m3.mul0.xml" target="text"
				2. Nā thavaggo" action="cscd/s0404m3.mul1.xml" target="text"
				3. Mahā vaggo" action="cscd/s0404m3.mul2.xml" target="text"
				4. Upā livaggo" action="cscd/s0404m3.mul3.xml" target="text"
				5. Akkosavaggo" action="cscd/s0404m3.mul4.xml" target="text"
				(6) 1. Sacittavaggo" action="cscd/s0404m3.mul5.xml" target="text"
				(7) 2. Yamakavaggo" action="cscd/s0404m3.mul6.xml" target="text"
				(8) 3. Ākaṅkhavaggo" action="cscd/s0404m3.mul7.xml" target="text"
				(9) 4. Theravaggo" action="cscd/s0404m3.mul8.xml" target="text"
				(10) 5. Upā livaggo" action="cscd/s0404m3.mul9.xml" target="text"
				(11) 1. Samaṇasaññā vaggo" action="cscd/s0404m3.mul10.xml" target="text"
				(12) 2. Paccorohaṇivaggo" action="cscd/s0404m3.mul11.xml" target="text"
				(13) 3. Parisuddhavaggo" action="cscd/s0404m3.mul12.xml" target="text"
				(14) 4. Sā dhuvaggo" action="cscd/s0404m3.mul13.xml" target="text"
				(15) 5. Ariyavaggo" action="cscd/s0404m3.mul14.xml" target="text"
				(16) 1. Puggalavaggo" action="cscd/s0404m3.mul15.xml" target="text"
				(17) 2. Jā ṇussoṇivaggo" action="cscd/s0404m3.mul16.xml" target="text"
				(18) 3. Sā dhuvaggo" action="cscd/s0404m3.mul17.xml" target="text"
				(19) 4. Ariyamaggavaggo" action="cscd/s0404m3.mul18.xml" target="text"
				(20) 5. Aparapuggalavaggo" action="cscd/s0404m3.mul19.xml" target="text"
				(21) 1. Karajakā yavaggo" action="cscd/s0404m3.mul20.xml" target="text"
				(22) 2. Sā maññavaggo" action="cscd/s0404m3.mul21.xml" target="text"
				23. Rā gapeyyā laṃ" action="cscd/s0404m3.mul22.xml" target="text"
			11. s0404m4.mul.toc.xml" text="Ekādasakanipātapāḷi
				1. Nissayavaggo" action="cscd/s0404m4.mul0.xml" target="text"
				2. Anussativaggo" action="cscd/s0404m4.mul1.xml" target="text"
				3. Sā maññavaggo" action="cscd/s0404m4.mul2.xml" target="text"
				4. Rā gapeyyā laṃ" action="cscd/s0404m4.mul3.xml" target="text"
		05. Khuddakanikāya  小部
			01. s0501m.mul.toc.xml" text="Khuddakapāṭhapāḷi  小誦經
				1. Saraṇattayaṃ" action="cscd/s0501m.mul0.xml" target="text"
				2. Dasasikkhā padaṃ" action="cscd/s0501m.mul1.xml" target="text"
				3. Dvattiṃsā kā ro" action="cscd/s0501m.mul2.xml" target="text"
				4. Kumā rapañhā " action="cscd/s0501m.mul3.xml" target="text"
				5. Maṅgalasuttaṃ" action="cscd/s0501m.mul4.xml" target="text"
				6. Ratanasuttaṃ" action="cscd/s0501m.mul5.xml" target="text"
				7. Tirokuṭṭasuttaṃ" action="cscd/s0501m.mul6.xml" target="text"
				8. Nidhikaṇḍasuttaṃ" action="cscd/s0501m.mul7.xml" target="text"
				9. Mettasuttaṃ" action="cscd/s0501m.mul8.xml" target="text"
			02. s0502m.mul.toc.xml" text="Dhammapadapāḷi  法句經
				1. Yamakavaggo" action="cscd/s0502m.mul0.xml" target="text"
				2. Appamā davaggo" action="cscd/s0502m.mul1.xml" target="text"
				3. Cittavaggo" action="cscd/s0502m.mul2.xml" target="text"
				4. Pupphavaggo" action="cscd/s0502m.mul3.xml" target="text"
				5. Bā lavaggo" action="cscd/s0502m.mul4.xml" target="text"
				6. Paṇḍitavaggo" action="cscd/s0502m.mul5.xml" target="text"
				7. Arahantavaggo" action="cscd/s0502m.mul6.xml" target="text"
				8. Sahassavaggo" action="cscd/s0502m.mul7.xml" target="text"
				9. Pā pavaggo" action="cscd/s0502m.mul8.xml" target="text"
				10. Daṇḍavaggo" action="cscd/s0502m.mul9.xml" target="text"
				11. Jarā vaggo" action="cscd/s0502m.mul10.xml" target="text"
				12. Attavaggo" action="cscd/s0502m.mul11.xml" target="text"
				13. Lokavaggo" action="cscd/s0502m.mul12.xml" target="text"
				14. Buddhavaggo" action="cscd/s0502m.mul13.xml" target="text"
				15. Sukhavaggo" action="cscd/s0502m.mul14.xml" target="text"
				16. Piyavaggo" action="cscd/s0502m.mul15.xml" target="text"
				17. Kodhavaggo" action="cscd/s0502m.mul16.xml" target="text"
				18. Malavaggo" action="cscd/s0502m.mul17.xml" target="text"
				19. Dhammaṭṭhavaggo" action="cscd/s0502m.mul18.xml" target="text"
				20. Maggavaggo" action="cscd/s0502m.mul19.xml" target="text"
				21. Pakiṇṇakavaggo" action="cscd/s0502m.mul20.xml" target="text"
				22. Nirayavaggo" action="cscd/s0502m.mul21.xml" target="text"
				23. Nā gavaggo" action="cscd/s0502m.mul22.xml" target="text"
				24. Taṇhā vaggo" action="cscd/s0502m.mul23.xml" target="text"
				25. Bhikkhuvaggo" action="cscd/s0502m.mul24.xml" target="text"
				26. Brā hmaṇavaggo" action="cscd/s0502m.mul25.xml" target="text"
			03. s0503m.mul.toc.xml" text="Udānapāḷi  自說經
			04. s0504m.mul.toc.xml" text="Itivuttakapāḷi  如是語經
			05. s0505m.mul.toc.xml" text="Suttanipātapāḷi  經集
			06. s0506m.mul.toc.xml" text="Vimānavatthupāḷi  天宮事經
			07. s0507m.mul.toc.xml" text="Petavatthupāḷi  餓鬼事經
			08. s0508m.mul.toc.xml" text="Theragāthāpāḷi  長老偈經
			09. s0509m.mul.toc.xml" text="Therīgāthāpāḷi  長老尼偈經
			10. s0510m1.mul.toc.xml" text="Apadānapāḷi-1  譬喻經
			11. s0510m2.mul.toc.xml" text="Apadānapāḷi-2
			12. s0511m.mul.toc.xml" text="Buddhavaṃsapāḷi  佛種姓經
			13. s0512m.mul.toc.xml" text="Cariyāpiṭakapāḷi  所行藏經
			14. s0513m.mul.toc.xml" text="Jātakapāḷi-1  本生經
			15. s0514m.mul.toc.xml" text="Jātakapāḷi-2
			16. s0515m.mul.toc.xml" text="Mahāniddesapāḷi  大義釋
			17. s0516m.mul.toc.xml" text="Cūḷaniddesapāḷi  小義釋
			18. s0517m.mul.toc.xml" text="Paṭisambhidāmaggapāḷi 無礙解道
			19. s0519m.mul.toc.xml" text="Nettippakaraṇapāḷi  
			20. s0518m.nrf.toc.xml" text="Milindapañhapāḷi
			21. s0520m.nrf.toc.xml" text="Peṭakopadesapāḷi
	03. Abhidhammapiṭaka 阿毘達摩藏
		01. abh01m.mul.toc.xml" text="Dhammasaṅgaṇīpāḷi  法集論
		02. abh02m.mul.toc.xml" text="Vibhaṅgapāḷi  分別論
		03. abh03m1.mul.toc.xml" text="Dhātukathāpāḷi  界論
		04. abh03m2.mul.toc.xml" text="Puggalapaññattipāḷi  人施設論
		05. abh03m3.mul.toc.xml" text="Kathāvatthupāḷi  論事
		06.1 abh03m4.mul.toc.xml" text="Yamakapāḷi-1  雙論
		06.2 abh03m5.mul.toc.xml" text="Yamakapāḷi-2
		06.3 abh03m6.mul.toc.xml" text="Yamakapāḷi-3
		07.1. abh03m7.mul.toc.xml" text="Paṭṭhānapāḷi-1  發趣論
		07.2. abh03m8.mul.toc.xml" text="Paṭṭhānapāḷi-2
		07.3. abh03m9.mul.toc.xml" text="Paṭṭhānapāḷi-3
		07.4. abh03m10.mul.toc.xml" text="Paṭṭhānapāḷi-4
		07.5. abh03m11.mul.toc.xml" text="Paṭṭhānapāḷi-5
02. Aṭṭhakathā 義註
	Vinayapiṭaka (aṭṭhakathā)
		<tree src="./cscd/vin01a.att.toc.xml" text="Pārājikakaṇḍa-aṭṭhakathā"/>
		<tree src="./cscd/vin02a1.att.toc.xml" text="Pācittiya-aṭṭhakathā"/>
		<tree src="./cscd/vin02a2.att.toc.xml" text="Mahāvagga-aṭṭhakathā"/>
		<tree src="./cscd/vin02a3.att.toc.xml" text="Cūḷavagga-aṭṭhakathā"/>
		<tree src="./cscd/vin02a4.att.toc.xml" text="Parivāra-aṭṭhakathā"/>
	Suttapiṭaka (aṭṭhakathā)
		Dīgha nikāya (aṭṭhakathā)
			<tree src="./cscd/s0101a.att.toc.xml" text="Sīlakkhandhavagga-aṭṭhakathā"/>
			<tree src="./cscd/s0102a.att.toc.xml" text="Mahāvagga-aṭṭhakathā"/>
			<tree src="./cscd/s0103a.att.toc.xml" text="Pāthikavagga-aṭṭhakathā"/>
		Majjhimanikāya (aṭṭhakathā)
			<tree src="./cscd/s0201a.att.toc.xml" text="Mūlapaṇṇāsa-aṭṭhakathā"/>
			<tree src="./cscd/s0202a.att.toc.xml" text="Majjhimapaṇṇāsa-aṭṭhakathā"/>
			<tree src="./cscd/s0203a.att.toc.xml" text="Uparipaṇṇāsa-aṭṭhakathā"/>
		Saṃyuttanikāya (aṭṭhakathā)
			<tree src="./cscd/s0301a.att.toc.xml" text="Sagāthāvagga-aṭṭhakathā"/>
			<tree src="./cscd/s0302a.att.toc.xml" text="Nidānavagga-aṭṭhakathā"/>
			<tree src="./cscd/s0303a.att.toc.xml" text="Khandhavagga-aṭṭhakathā"/>
			<tree src="./cscd/s0304a.att.toc.xml" text="Saḷāyatanavagga-aṭṭhakathā"/>
			<tree src="./cscd/s0305a.att.toc.xml" text="Mahāvagga-aṭṭhakathā"/>
		Aṅguttaranikāya (aṭṭhakathā)
			<tree src="./cscd/s0401a.att.toc.xml" text="Ekakanipāta-aṭṭhakathā"/>
			<tree src="./cscd/s0402a.att.toc.xml" text="Duka-tika-catukkanipāta-aṭṭhakathā"/>
			<tree src="./cscd/s0403a.att.toc.xml" text="Pañcaka-chakka-sattakanipāta-aṭṭhakathā"/>
			<tree src="./cscd/s0404a.att.toc.xml" text="Aṭṭhakādinipāta-aṭṭhakathā"/>
		Khuddakanikāya (aṭṭhakathā)
			<tree src="./cscd/s0501a.att.toc.xml" text="Khuddakapāṭha-aṭṭhakathā"/>
			<tree src="./cscd/s0502a.att.toc.xml" text="Dhammapada-aṭṭhakathā"/>
			<tree src="./cscd/s0503a.att.toc.xml" text="Udāna-aṭṭhakathā"/>
			<tree src="./cscd/s0504a.att.toc.xml" text="Itivuttaka-aṭṭhakathā"/>
			<tree src="./cscd/s0505a.att.toc.xml" text="Suttanipāta-aṭṭhakathā"/>
			<tree src="./cscd/s0506a.att.toc.xml" text="Vimānavatthu-aṭṭhakathā"/>
			<tree src="./cscd/s0507a.att.toc.xml" text="Petavatthu-aṭṭhakathā"/>
			<tree src="./cscd/s0508a1.att.toc.xml" text="Theragāthā-aṭṭhakathā-1"/>
			<tree src="./cscd/s0508a2.att.toc.xml" text="Theragāthā-aṭṭhakathā-2"/>
			<tree src="./cscd/s0509a.att.toc.xml" text="Therīgāthā-aṭṭhakathā"/>
			<tree src="./cscd/s0510a.att.toc.xml" text="Apadāna-aṭṭhakathā"/>
			<tree src="./cscd/s0511a.att.toc.xml" text="Buddhavaṃsa-aṭṭhakathā"/>
			<tree src="./cscd/s0512a.att.toc.xml" text="Cariyāpiṭaka-aṭṭhakathā"/>
			<tree src="./cscd/s0513a1.att.toc.xml" text="Jātaka-aṭṭhakathā-1"/>
			<tree src="./cscd/s0513a2.att.toc.xml" text="Jātaka-aṭṭhakathā-2"/>
			<tree src="./cscd/s0513a3.att.toc.xml" text="Jātaka-aṭṭhakathā-3"/>
			<tree src="./cscd/s0513a4.att.toc.xml" text="Jātaka-aṭṭhakathā-4"/>
			<tree src="./cscd/s0514a1.att.toc.xml" text="Jātaka-aṭṭhakathā-5"/>
			<tree src="./cscd/s0514a2.att.toc.xml" text="Jātaka-aṭṭhakathā-6"/>
			<tree src="./cscd/s0514a3.att.toc.xml" text="Jātaka-aṭṭhakathā-7"/>
			<tree src="./cscd/s0515a.att.toc.xml" text="Mahāniddesa-aṭṭhakathā"/>
			<tree src="./cscd/s0516a.att.toc.xml" text="Cūḷaniddesa-aṭṭhakathā"/>
			<tree src="./cscd/s0517a.att.toc.xml" text="Paṭisambhidāmagga-aṭṭhakathā"/>
			<tree src="./cscd/s0519a.att.toc.xml" text="Nettippakaraṇa-aṭṭhakathā"/>
	Abhidhammapiṭaka (aṭṭhakathā)
		<tree src="./cscd/abh01a.att.toc.xml" text="Dhammasaṅgaṇi-aṭṭhakathā"/>
		<tree src="./cscd/abh02a.att.toc.xml" text="Sammohavinodanī-aṭṭhakathā"/>
		<tree src="./cscd/abh03a.att.toc.xml" text="Pañcapakaraṇa-aṭṭhakathā"/>
03. Tīkā 複註
	Vinayapiṭaka (ṭīkā)
		<tree src="./cscd/vin01t1.tik.toc.xml" text="Sāratthadīpanī-ṭīkā-1"/>
		<tree src="./cscd/vin01t2.tik.toc.xml" text="Sāratthadīpanī-ṭīkā-2"/>
		<tree src="./cscd/vin02t.tik.toc.xml" text="Sāratthadīpanī-ṭīkā-3"/>
		<tree src="./cscd/vin04t.nrf.toc.xml" text="Dvemātikāpāḷi"/>
		<tree src="./cscd/vin05t.nrf.toc.xml" text="Vinayasaṅgaha-aṭṭhakathā"/>
		<tree src="./cscd/vin06t.nrf.toc.xml" text="Vajirabuddhi-ṭīkā"/>
		<tree src="./cscd/vin07t.nrf.toc.xml" text="Vimativinodanī-ṭīkā"/>
		<tree src="./cscd/vin08t.nrf.toc.xml" text="Vinayālaṅkāra-ṭīkā"/>
		<tree src="./cscd/vin09t.nrf.toc.xml" text="Kaṅkhāvitaraṇīpurāṇa-ṭīkā"/>
		<tree src="./cscd/vin10t.nrf.toc.xml" text="Vinayavinicchaya-uttaravinicchaya"/>
		<tree src="./cscd/vin11t.nrf.toc.xml" text="Vinayavinicchaya-ṭīkā"/>
		<tree src="./cscd/vin12t.nrf.toc.xml" text="Pācityādiyojanāpāḷi"/>
		<tree src="./cscd/vin13t.nrf.toc.xml" text="Khuddasikkhā-mūlasikkhā"/>
	Suttapiṭaka (ṭīkā)
		Dīghanikāya (ṭīkā)
			<tree src="./cscd/s0101t.tik.toc.xml" text="Sīlakkhandhavagga-ṭīkā"/>
			<tree src="./cscd/s0102t.tik.toc.xml" text="Mahāvagga-ṭīkā"/>
			<tree src="./cscd/s0103t.tik.toc.xml" text="Pāthikavagga-ṭīkā"/>
			<tree src="./cscd/s0104t.nrf.toc.xml" text="Sīlakkhandhavagga-abhinavaṭīkā-1"/>
			<tree src="./cscd/s0105t.nrf.toc.xml" text="Sīlakkhandhavagga-abhinavaṭīkā-2"/>
		Majjhimanikāya (ṭīkā)
			<tree src="./cscd/s0201t.tik.toc.xml" text="Mūlapaṇṇāsa-ṭīkā"/>
			<tree src="./cscd/s0202t.tik.toc.xml" text="Majjhimapaṇṇāsa-ṭīkā"/>
			<tree src="./cscd/s0203t.tik.toc.xml" text="Uparipaṇṇāsa-ṭīkā"/>
		Saṃyuttanikāya (ṭīkā)
			<tree src="./cscd/s0301t.tik.toc.xml" text="Sagāthāvagga-ṭīkā"/>
			<tree src="./cscd/s0302t.tik.toc.xml" text="Nidānavagga-ṭīkā"/>
			<tree src="./cscd/s0303t.tik.toc.xml" text="Khandhavagga-ṭīkā"/>
			<tree src="./cscd/s0304t.tik.toc.xml" text="Saḷāyatanavagga-ṭīkā"/>
			<tree src="./cscd/s0305t.tik.toc.xml" text="Mahāvagga-ṭīkā"/>
		Aṅguttaranikāya (ṭīkā)
			<tree src="./cscd/s0401t.tik.toc.xml" text="Ekakanipāta-ṭīkā"/>
			<tree src="./cscd/s0402t.tik.toc.xml" text="Duka-tika-catukkanipāta-ṭīkā"/>
			<tree src="./cscd/s0403t.tik.toc.xml" text="Pañcaka-chakka-sattakanipāta-ṭīkā"/>
			<tree src="./cscd/s0404t.tik.toc.xml" text="Aṭṭhakādinipāta-ṭīkā"/>
		Khuddakanikāya (ṭīkā)
			<tree src="./cscd/s0519t.tik.toc.xml" text="Nettippakaraṇa-ṭīkā"/>
			<tree src="./cscd/s0501t.nrf.toc.xml" text="Nettivibhāvinī"/>
	Abhidhammapiṭaka (ṭīkā)
		<tree src="./cscd/abh01t.tik.toc.xml" text="Dhammasaṅgaṇī-mūlaṭīkā"/>
		<tree src="./cscd/abh02t.tik.toc.xml" text="Vibhaṅga-mūlaṭīkā"/>
		<tree src="./cscd/abh03t.tik.toc.xml" text="Pañcapakaraṇa-mūlaṭīkā"/>
		<tree src="./cscd/abh04t.nrf.toc.xml" text="Dhammasaṅgaṇī-anuṭīkā"/>
		<tree src="./cscd/abh05t.nrf.toc.xml" text="Pañcapakaraṇa-anuṭīkā"/>
		<tree src="./cscd/abh06t.nrf.toc.xml" text="Abhidhammāvatāro-nāmarūpaparicchedo"/>
		<tree src="./cscd/abh07t.nrf.toc.xml" text="Abhidhammatthasaṅgaho"/>
		<tree src="./cscd/abh08t.nrf.toc.xml" text="Abhidhammāvatāra-purāṇaṭīkā"/>
		<tree src="./cscd/abh09t.nrf.toc.xml" text="Abhidhammamātikāpāḷi"/>
04. Anya  複複註
	Visuddhimagga
		<tree src="./cscd/e0101n.mul.toc.xml" text="Visuddhimagga-1"/>
		<tree src="./cscd/e0102n.mul.toc.xml" text="Visuddhimagga-2"/>
		<tree src="./cscd/e0103n.att.toc.xml" text="Visuddhimagga-mahāṭīkā-1"/>
		<tree src="./cscd/e0104n.att.toc.xml" text="Visuddhimagga-mahāṭīkā-2"/>
		<tree src="./cscd/e0105n.nrf.toc.xml" text="Visuddhimagga nidānakathā"/>
	Saṅgāyana-puccha vissajjanā
		<tree src="./cscd/e0901n.nrf.toc.xml" text="Dīghanikāya (pu-vi)"/>
		<tree src="./cscd/e0902n.nrf.toc.xml" text="Majjhimanikāya (pu-vi)"/>
		<tree src="./cscd/e0903n.nrf.toc.xml" text="Saṃyuttanikāya (pu-vi)"/>
		<tree src="./cscd/e0904n.nrf.toc.xml" text="Aṅguttaranikāya (pu-vi)"/>
		<tree src="./cscd/e0905n.nrf.toc.xml" text="Vinayapiṭaka (pu-vi)"/>
		<tree src="./cscd/e0906n.nrf.toc.xml" text="Abhidhammapiṭaka (pu-vi)"/>
		<tree src="./cscd/e0907n.nrf.toc.xml" text="Aṭṭhakathā (pu-vi)"/>
	Leḍī sayāḍo gantha-saṅgaho
		<tree src="./cscd/e0201n.nrf.toc.xml" text="Niruttidīpanī"/>
		<tree src="./cscd/e0301n.nrf.toc.xml" text="Paramatthadīpanī Saṅgahamahāṭīkāpāṭha"/>
		<tree src="./cscd/e0401n.nrf.toc.xml" text="Anudīpanīpāṭha"/>
		<tree src="./cscd/e0501n.nrf.toc.xml" text="Paṭṭhānuddesa dīpanīpāṭha"/>
	Buddha-vandanā gantha-saṅgaho
		<tree src="./cscd/e0601n.nrf.toc.xml" text="Namakkāraṭīkā"/>
		<tree src="./cscd/e0602n.nrf.toc.xml" text="Mahāpaṇāmapāṭha"/>
		<tree src="./cscd/e0603n.nrf.toc.xml" text="Lakkhaṇāto buddhathomanāgāthā"/>
		<tree src="./cscd/e0604n.nrf.toc.xml" text="Sutavandanā"/>
		<tree src="./cscd/e0606n.nrf.toc.xml" text="Kamalāñjali"/>
		<tree src="./cscd/e0605n.nrf.toc.xml" text="Jinālaṅkāra"/>
		<tree src="./cscd/e0607n.nrf.toc.xml" text="Pajjamadhu"/>
		<tree src="./cscd/e0608n.nrf.toc.xml" text="Buddhaguṇagāthāvalī"/>
	Vaṃsa-gantha-saṅgaho
		<tree src="./cscd/e0701n.nrf.toc.xml" text="Cūḷaganthavaṃsa"/>
		<tree src="./cscd/e0703n.nrf.toc.xml" text="Mahāvaṃsa"/>
		<tree src="./cscd/e0702n.nrf.toc.xml" text="Sāsanavaṃsa"/>
	Byākaraṇa gantha-saṅgaho
		<tree src="./cscd/e0802n.nrf.toc.xml" text="Kaccāyanabyākaraṇaṃ"/>
		<tree src="./cscd/e0801n.nrf.toc.xml" text="Moggallānabyākaraṇaṃ"/>
		<tree src="./cscd/e0803n.nrf.toc.xml" text="Saddanītippakaraṇaṃ (padamālā)"/>
		<tree src="./cscd/e0804n.nrf.toc.xml" text="Saddanītippakaraṇaṃ (dhātumālā)"/>
		<tree src="./cscd/e0805n.nrf.toc.xml" text="Padarūpasiddhi"/>
		<tree src="./cscd/e0806n.nrf.toc.xml" text="Mogallānapañcikā"/>
		<tree src="./cscd/e0807n.nrf.toc.xml" text="Payogasiddhipāṭha"/>
		<tree src="./cscd/e0808n.nrf.toc.xml" text="Vuttodayapāṭha"/>
		<tree src="./cscd/e0809n.nrf.toc.xml" text="Abhidhānappadīpikāpāṭha"/>
		<tree src="./cscd/e0810n.nrf.toc.xml" text="Abhidhānappadīpikāṭīkā"/>
		<tree src="./cscd/e0811n.nrf.toc.xml" text="Subodhālaṅkārapāṭha"/>
		<tree src="./cscd/e0812n.nrf.toc.xml" text="Subodhālaṅkāraṭīkā"/>
		<tree src="./cscd/e0813n.nrf.toc.xml" text="Bālāvatāra gaṇṭhipadatthavinicchayasāra"/>
	Nīti-gantha-saṅgaho
		<tree src="./cscd/e1005n.nrf.toc.xml" text="Lokanīti"/>
		<tree src="./cscd/e1006n.nrf.toc.xml" text="Suttantanīti"/>
		<tree src="./cscd/e1007n.nrf.toc.xml" text="Sūrassatinīti"/>
		<tree src="./cscd/e1004n.nrf.toc.xml" text="Mahārahanīti"/>
		<tree src="./cscd/e1003n.nrf.toc.xml" text="Dhammanīti"/>
		<tree src="./cscd/e1001n.nrf.toc.xml" text="Kavidappaṇanīti"/>
		<tree src="./cscd/e1002n.nrf.toc.xml" text="Nītimañjarī"/>
		<tree src="./cscd/e1009n.nrf.toc.xml" text="Naradakkhadīpanī"/>
		<tree src="./cscd/e1010n.nrf.toc.xml" text="Caturārakkhadīpanī"/>
		<tree src="./cscd/e1008n.nrf.toc.xml" text="Cāṇakyanīti"/>
	Pakiṇṇaka-gantha-saṅgaho
		<tree src="./cscd/e1101n.nrf.toc.xml" text="Rasavāhinī"/>
		<tree src="./cscd/e1102n.nrf.toc.xml" text="Sīmavisodhanīpāṭha"/>
		<tree src="./cscd/e1103n.nrf.toc.xml" text="Vessantaragīti"/>
	Sihaḷa-gantha-saṅgaho
		<tree src="./cscd/e1201n.nrf.toc.xml" text="Moggallāna vuttivivaraṇapañcikā"/>
		<tree src="./cscd/e1202n.nrf.toc.xml" text="Thūpavaṃsa"/>
		<tree src="./cscd/e1203n.nrf.toc.xml" text="Dāṭhāvaṃsa"/>
		<tree src="./cscd/e1204n.nrf.toc.xml" text="Dhātupāṭhavilāsiniyā"/>
		<tree src="./cscd/e1205n.nrf.toc.xml" text="Dhātuvaṃsa"/>
		<tree src="./cscd/e1206n.nrf.toc.xml" text="Hatthavanagallavihāravaṃsa"/>
		<tree src="./cscd/e1207n.nrf.toc.xml" text="Jinacaritaya"/>
		<tree src="./cscd/e1208n.nrf.toc.xml" text="Jinavaṃsadīpaṃ"/>
		<tree src="./cscd/e1209n.nrf.toc.xml" text="Telakaṭāhagāthā"/>
		<tree src="./cscd/e1210n.nrf.toc.xml" text="Milidaṭīkā"/>
		<tree src="./cscd/e1211n.nrf.toc.xml" text="Padamañjarī"/>
		<tree src="./cscd/e1212n.nrf.toc.xml" text="Padasādhanaṃ"/>
		<tree src="./cscd/e1213n.nrf.toc.xml" text="Saddabindupakaraṇaṃ"/>
		<tree src="./cscd/e1214n.nrf.toc.xml" text="Kaccāyanadhātumañjusā"/>
		<tree src="./cscd/e1215n.nrf.toc.xml" text="Sāmantakūṭavaṇṇanā"/>
