sūtrapiṭaka
	avadāna
	dhāraṇī
	jātaka
	mahāyānasūtra
	nirdeśa
	prajñāpāramitā
	pramāṇa
	tantra
		kriyā tantra
		sahajayāna
		yoginītantra
		tantra darśana
		yoga tantra
		yogottara tantra
		anuttarayoga Tantra
		kriyātantraṭīkā
		mahāyogatantraṭīkā
	yogācāra
vinayapiṭaka
	1  Bhikṣukarmavākya
	2  Bhikṣuṇī vinaya
	3  Bodhisattva-prātimokṣa-sūtram
	4  Mahāsāṃghikānāṃ prātimokṣasūtram
	5  Mūlasarvāstivāda-vinayavastu
	6  Prātimokṣasūtram
	7  Vinaya sūtram
	8 Śayanāsanavastu
	9  Adhikaraṇavastu
	10 Vajrasatva-pārājikā
	11 Saddharma-pārājikā
	12 Śrīlokeśvarabhāṣitaparājikā
	13 Maṃjuśrīpārājikā
	14 Lokeśvara-pārājikā
	15 Upasampadā jñaptiḥ
śāstrapiṭaka
	abhidharma
	advayatantraṭīkā
	alaṃkāra
	cikitsavidyā
	stotra
		ādibuddha
		paṇḍita
		ākāśagarbha
		āryatārā
		aṣṭamahābodhisattva
		aṣṭamātṛkā
		avalokiteśvara
		bhagavatī
		bodhisattvacaryā
		caityabhaṭṭāraka
		cakrasaṁvara
		dharmadhātu
		gaṇḍībhaṭṭāraka
		gaṇeśa
		hārītī
		madhyamaka
		mahācakravartin
		mahākāla
		mañjuśrī
		nairātmā
		pañcabuddha
		pañcarakṣādevī
		prajñāpāramitā
		śākyamuni
		saptabuddha
		sarvatathāgata
		svayambhū
		triratna
		ugratārā
		vāgīśvara
		vajrapāṇi
		vajrāsana
		vajrasattva
		vajrayoginī
		vasudhārā
		Bhagavatstutiḥ
	darśana
	kāvya
	kośa
	lekha
	madhyamaka
	madhyamaka-yogācāra
	nāṭaka
	nīti
	prajñāpāramitā
	pramāṇa
	sautrāntika
	śilpaśāstra
	vinaya
	vividha
	yogācāra
	yoginītantraṭīkā
	yogottaratantraṭīkā
	mahāyogatantraṭīkā
	hetuvidyā
	sveṣṭadevatā
	vyākaraṇa
	adhunātana
	jyotiḥśāstra
