sūtrapiṭaka
	1 avadāna 阿波陀那
		S0005 1 Kaṭhināvadāna
		S0006 2 Mahāsattvamaṇicūḍamahārājabodhisattvāvadānam
		3 Svayambhū purāṇa
			s0007_193 1 Prathama adhyāyaḥ
			s0007_194 2 Dvitīya adhyāyaḥ
			s0007_195 3 Tṛtīya adhyāyaḥ
			s0007_196 4 Caturtha adhyāyaḥ
			s0007_197 5 Pañcama adhyāyaḥ
			s0007_198 6 Ṣaṣṭhama adhyāyaḥ
			s0007_199 7 Saptama adhyāyaḥ
			s0007_200 8 Aṣṭama adhyāyaḥ
			s0007_201 9 Navama adhyāyaḥ
			s0007_202 10 Daśama adhyāyaḥ
		4 Vṛhat svayambhūpūrāṇa(null)
	2 dhāraṇī 陀羅尼經
		S0009 1 Ārya amoghapāśahṛdaya nāma mahāyānasūtram 不空罥索神咒心經
		S0010 2 Āryamahāpratisarāvidyādhāraṇī 佛說隨求即得大自在陀羅尼神咒經
		S0011 3 Āryaśrīmahādevīvyākaraṇam 大吉祥天女十二契一百八名無垢大乘經
		S0012 4 Āryavajravidāraṇā nāma dhāraṇī 佛說壞相金剛陀羅尼經
		S0013 5 Avikalpapraveśadhāraṇī 聖入無分別陀羅尼
		S0014 6 Dhvajāgrakeyurā dhāraṇī(null)
		S0015 7 Ekādaśamukham 佛說十一面觀世音神咒經
		S0016 8 Hayagrīvavidyā 馬頭成就法
		9 Mahāsannipātaratnaketudhāraṇī sūtraṃ 寶星陀羅尼經
			S0017_209 1  Prathamaḥ parivartaḥ
			S0017_210 2  Dvitīyaḥ parivartaḥ
			S0017_211 3  Tṛtīyaḥ parivartaḥ
			S0017_212 4  Caturthaḥ parivartaḥ
			S0017_213 5  Pañcamaḥ parivartaḥ
			S0017_214 6  Ṣaṣṭhaḥ parivartaḥ
			S0017_215 7  Saptamaḥ parivartaḥ
			S0017_216 8  Aṣṭamaḥ parivartaḥ
			S0017_217 9  Navamaḥ parivartaḥ
			S0017_218 10 Daśamaḥ parivartaḥ
			S0017_219 11 Ekādaśaḥ parivartaḥ
		S0018 10 Nārāyaṇaparipṛcchā āryamahāmāyāvijayavāhinī nāma dhāraṇī
		S0019 11 Ṣaṇmukhī dhāraṇī 六門陀羅尼
		S0020 12 Sitātapatrā dhāraṇī 佛頂大白傘蓋陀羅尼經
		S0021 13 Vasudhārādhāraṇī 持世陀羅尼
		S0820 14 Dhāraṇī Saṃgraha
	3 jātaka 本生
		1 Jātakamālā 菩薩本生鬘論
			S0022_224 1 vyāghrī-jātakam
			S0022_224 2 śibi-jātakam
			S0022_224 3 kulmāṣapiṇḍī-jātakam
			S0022_224 4 śreṣṭhi-jātakam
			S0022_224 5 aviṣahyaśreṣṭhi-jātakam
			S0022_224 6 śaśajātakam
			S0022_224 7 agastya-jātakam
			S0022_224 8 maitrībala-jātakam
			S0022_224 9 viśvantara-jātakam
			S0022_224 10 yajña-jātakam
			S0022_224 11 śakra-jātakam
			S0022_224 12 brāhmaṇa-jātakam
			S0022_224 13 unmādayantī-jātakam
			S0022_224 14 supāraga-jātakam
			S0022_224 15 matsya-jātakam
			S0022_224 16 vartakāpītaka-jātakam
			S0022_224 17 kumbha-jātakam
			S0022_224 18 aputra-jātakam
			S0022_224 19 bisa-jātakam
			S0022_224 20 śreṣṭhi-jātakam
			S0022_224 21 cuḍḍabodhi-jātakam
			S0022_224 22 haṁsa-jātakam
			S0022_224 23 mahābodhi-jātakam
			S0022_224 24 mahākapi-jātakam
			S0022_224 25 śarabha-jātakam
			S0022_224 26 ruru-jātakam
			S0022_224 27 mahākapi-jātakam
			S0022_224 28 kṣānti-jātakam
			S0022_224 29 brahma-jātakam
			S0022_224 30 hasti-jātakam
			S0022_224 31 sutasoma-jātakam
			S0022_224 32 ayogṛha-jātakam
			S0022_224 33 mahiṣa-jātakam
			S0022_224 34 śatapatra-jātakam
	4 mahāyānasūtra 摩訶衍那
		S0023 1  Ajitasenavyākaraṇam
		S0024 2  Aparimitāyuḥ nāma mahāyāna sūtram 佛說大乘聖無量壽決定光明王如來陀羅尼經
		S0025 3  Arthaviniścayasūtram 佛說決定義經
		S0026 4 Ārya ṃaitreya-vyākaraṇaṃ 佛說彌勒下生成佛經
		S0027 5 Āryānityatā sūtram 佛說無常經
		S0028 6 Āryapratītyasamutpādo nāma mahāyānasūtram
		7 Āryarāṣṭrapālaparipṛcchā nāma mahāyānasūtram 佛說護國尊者所問大乘經
			S0029_264 1 Nidānaparivartaḥ prathamaḥ
			S0029_265 2 Dvitīyaḥ parivartaḥ
		S0030 8 Āryasāgaranāgarājaparipṛcchā nāma mahāyānasūtram 佛為海龍王說法印經
		S0031 9 Āryasaṃghāṭa sūtram 僧伽吒經
		S0032 10 Āryasarvabuddhaviṣayāvatārajñānālokālaṃkāranāma mahāyānasūtram 佛說入一切諸佛境界智慧光明莊嚴大乘經
		S0033 11 Āryatriratnānusmṛtisūtram 隨念三寶經
		S0034 12 Āryatriskandha sūtram 三蘊經
		13 Āryavimalakīrtinirdeśo nāma mahāyānasūtram 維摩詰所說經
			S0035_271 1. buddhakṣetrapariśuddhinidānam
			S0035_272 2. acintyopāyakauśalyam
			S0035_273 3 śrāvakabodhisattvapreṣaṇoktam
			S0035_274 4 glānasaṁmodana ( kathā )
			S0035_275 5 acintyavimokṣanirdeśaḥ
			S0035_276 6 devī
			S0035_277 7 tathāgatagotram
			S0035_278 8 advayadharmamukhapraveśaḥ
			S0035_279 9 nirmāṇabhojyā'dānam
			S0035_280 10 kṣayākṣayannāma dharmayautakam
			S0035_281 11 abhiratilokadhātvādānaṁ tathāgatākṣobhyasandarśanaṁ ca
			S0035_282 12 pūrvayogaḥ saddharmaparīndanā ca
		S0036 14 Bhaiṣajyaguruvaidūryaprabharājasūtram 藥師琉璃光如來本願功德經 
		S0037 15 Bhavasaṅkrāntisūtram 佛說大方等修多羅王經
		S0038 16 catuṣpariṣat sūtram 四衆經
		17 Daśabhūmikasūtram 佛說十地經
			S0039_286 1 pramuditā nāma prathamā bhūmiḥ
			S0039_287 2 vimalā nāma dvitīyā bhūmiḥ
			S0039_288 3 prabhākarī nāma tṛtīyā bhūmiḥ
			S0039_289 4 arciṣmatī nāma caturthī bhūmiḥ
			S0039_290 5 sudurjayā nāma pañcamī bhūmiḥ
			S0039_291 6 abhimukhī nāma ṣaṣṭhī bhūmiḥ
			S0039_292 7 duraṁgamā nāma saptamī bhūmiḥ
			S0039_293 8 acalā nāma aṣṭamī bhūmiḥ
			S0039_294 9 sādhumatī nāma navamī bhūmiḥ
			S0039_295 10 dharmameghā nāma daśamī bhūmiḥ
			S0039_296 11 parīndanāparivartaḥ
			S0039_297 Daśabhūmikasūtre gāthāvibhāgaḥ -1 pramuditā nāma prathamā bhūmiḥ
			S0039_298 2 vimalā nāma dvitīyā bhūmiḥ
			S0039_299 3 prabhākarī nāma tṛtīyā bhūmiḥ
			S0039_300 4 arciṣmatī nāma caturthī bhūmiḥ
			S0039_301 5 sudurjayā nāma pañcamī bhūmiḥ
			S0039_302 6 abhimukhī nāma ṣaṣṭhī bhūmiḥ
			S0039_303 7 dūraṁgamā nāma saptamī bhūmiḥ
			S0039_304 8 acalā nāma aṣṭamī bhūmiḥ
			S0039_305 9 sādhumatī nāma navamī bhūmiḥ
			S0039_306 10 dharmameghā nāma daśamī bhūmiḥ
			S0039_307 11 parīndanāparivartaḥ
		18 Gaṇḍavyūha sūtram 大方廣佛華嚴經
			S0040_308 1 nidānaparivartaḥ
			S0040_309 2 samantabhadraḥ
			S0040_310 3 mañjuśrīḥ
			S0040_311 4 meghaśrīḥ
			S0040_312 5 sāgarameghaḥ
			S0040_313 6 supratiṣṭhitaḥ
			S0040_314 7 meghaḥ
			S0040_315 8 muktakaḥ
			S0040_316 9 sāradhvajaḥ
			S0040_317 10 āśā
			S0040_318 11 bhīṣmottaranirghoṣaḥ
			S0040_319 12 jayoṣmāyatanaḥ
			S0040_320 13 maitrāyaṇī
			S0040_321 14 sudarśanaḥ
			S0040_322 15 indriyeśvaraḥ
			S0040_323 16 prabhūtā
			S0040_324 17 vidvān
			S0040_325 18 ratnacūḍaḥ
			S0040_326 19 samantanetraḥ
			S0040_327 20 analaḥ
			S0040_328 21 mahāprabhaḥ
			S0040_329 22 acalā
			S0040_330 23 sarvagāmī
			S0040_331 24 utpalabhūtiḥ
			S0040_332 25 vairaḥ
			S0040_333 26 Jayottamaḥ
			S0040_334 27 siṁhavijṛmbhitā
			S0040_335 28 vasumitrā
			S0040_336 29 veṣṭhilaḥ
			S0040_337 30 avalokiteśvaraḥ
			S0040_338 31 ananyagāmī
			S0040_339 32 mahādevaḥ
			S0040_340 33 sthāvarā
			S0040_341 34 vāsantī
			S0040_342 35 samantagambhīraśrīvimalaprabhā
			S0040_343 36 pramuditanayanajagadvirocanā
			S0040_344 37 samantasattvatrāṇojaḥśrīḥ
			S0040_345 38 praśāntarutasāgaravatī
			S0040_346 39 sarvanagararakṣāsaṁbhavatejaḥśrīḥ
			S0040_347 40 sarvavṛkṣapraphullanasukhasaṁvāsā
			S0040_348 41 sarvajagadrakṣāpraṇidhānavīryaprabhā
			S0040_349 42 sutejomaṇḍalaratiśrīḥ
			S0040_350 43 gopā
			S0040_351 44 māyā
			S0040_352 45 surendrābhā
			S0040_353 46 viśvāmitraḥ
			S0040_354 47 śilpābhijñaḥ
			S0040_355 48 bhadrottamā
			S0040_356 49 muktāsāraḥ
			S0040_357 50 sucandraḥ
			S0040_358 51 ajitasenaḥ
			S0040_359 52 śivarāgraḥ
			S0040_360 53 śrīsaṁbhavaḥ śrīmatiśca
			S0040_361 54 maitreyaḥ
			S0040_362 56 samantabhadracaryāpraṇidhānam
			S0040_363 55 mañjuśrīḥ
		19 Guṇakāraṇḍavyūha sūtram
			S0041_364 1. śrītriratna bhajanānuśaṁsāvadānam
			S0041_365 2. avīci saṁśoṣaṇa śrīdharmarājābhibodhana prakaraṇam
			S0041_366 3. sūcīmukhodara parvata pretoddhāraṇa prakaraṇa
			S0041_367 4. śrīmaheśvarādi deva samutpādana prakaraṇam
			S0041_368 5. sarvākāra sarvasattva prabodhana bodhicaryāvatāraṇa prakaraṇa
			S0041_369 6. durdānta dānava prabodhana bodhicaryāvatāraṇa prakaraṇam
			S0041_370 7. adhomukha sattvoddhāraṇa prakaraṇam
			S0041_371 8. rūpamayī bhūmi catuṣpāda puruṣoddhāraṇa prakaraṇam
			S0041_372 9. bali saṁbodhana bodhimārgāvatāraṇa prakaraṇam
			S0041_373 10. tamondhakāra bhūmi yakṣa rākṣasa paribodhana saddharmāvatāraṇa prakaraṇam
			S0041_374 11. śuddhāvāsika sukuṇḍala devaputroddhāraṇa prakaraṇam
			S0041_375 12. siṁhaladvīpa rākṣasī paribodhanoddhāraṇa prakaraṇam
			S0041_376 13. vārāṇasī kṛmi kīṭoddhāraṇa prakaraṇa
			S0041_377 14. māgadhika sattva prabodhanoddhāraṇa prakaraṇa
			S0041_378 15. śrījetārāma viśvabhū darśana sukhāvatī pratyudgama prakaraṇam
			S0041_379 16. siṁhala sārthavāhoddhāraṇa prakaraṇam
			S0041_380 17. sarvasattvoddhāraṇa saṁbodhimārga sthāpana maheśvaromādevī saṁbodhi vyākaraṇopadeśa prakaraṇam
			S0041_381 18. sarva sabhāloka saddharma śravaṇotsāha saṁpramodita svasvālaya pratigamana prakaraṇam
			S0041_382 19. sikṣā saṁvara samuddeśa prakaraṇam
			S0041_383 20. phalaśrutiḥ
		20 Kāraṇḍavyūhaḥ 佛說大乘莊嚴寶王經
			S0042_384 1  Jetavanavihāravarṇanaṁ prathamaṁ prakaraṇam
			S0042_385 2  Avīciśoṣaṇaṁ nāma dvitīyaṁ prakaraṇam
			S0042_386 3  Sattvadhātuparimokṣaṇaṁ tṛtīyaṁ prakaraṇam
			S0042_387 4  Candrādyutpattirnāma caturthaṁ prakaraṇam
			S0042_388 5  Vividharaśminiḥsaraṇaṁ pañcamaṁ prakaraṇam
			S0042_389 6  Tathāgatasaṁvādaḥ ṣaṣṭhaṁ prakaraṇam
			S0042_390 7  Avalokiteśvarapuṇyaskandhakathanaṁ saptamaṁ prakaraṇam
			S0042_391 8  Vaineyadharmopadeśaḥ aṣṭamaṁ prakaraṇam
			S0042_392 9  Asurāśvāsanaṁ navamaṁ prakaraṇam
			S0042_393 10 Kāñcanamayabhūmyādyupasthānaṁ daśamaṁ prakaraṇam
			S0042_394 11 balisamāśvāsanamekādaśamaṁ prakaraṇam
			S0042_395 12 Yakṣādisamāśvāsanaṁ dvādaśaṁ prakaraṇam
			S0042_396 13 Devabhavanabhramaṇaṁ trayodaśaṁ prakaraṇam
			S0042_397 14 Siṁhalabhramaṇaṁ caturdaśaṁ prakaraṇam
			S0042_398 15 Vārāṇasībhramaṇaṁ pañcadaśaṁ prakaraṇam
			S0042_399 16 Magadhabhramaṇaṁ ṣoḍaśaṁ prakaraṇam
			S0042_400 17 Dvitīyo nirvyūhaḥ - aśvarājavarṇanaṁ prathamaṁ prakaraṇam
			S0042_401 18 Romavivaraṇāvarṇanaṁ dvitīyaṁ prakaraṇam
			S0042_402 19 Ṣaḍakṣarīmahāvidyāmāhātmyavarṇanaṁ tṛtīyaṁ prakaraṇam
			S0042_403 20 Ṣaḍakṣarimahāvidyāmaṇḍalavarṇanaṁ caturthaṁ prakaraṇam
			S0042_404 21 Mahāvidyopadeśo nāma pañcamaṁ prakaraṇam
			S0042_405 22 Mahāvidyāmaṇḍalavarṇanaṁ ṣaṣṭhaṁ prakaraṇam
			S0042_406 23 Saptamaṁ prakaraṇam
			S0042_407 24 Aṣṭamaṁ prakaraṇam
		21 Karuṇāpuṇḍarīka sūtram 悲華經
			S0043_408 1 Dharma-cakra-pravartano nāma prathamaḥ parivartaḥ
			S0043_409 2 Dvitīyo dhāraṇī-mukha-parivartaḥ
			S0043_410 3 Dāna-visargas tṛtīyaḥ
			S0043_411 4 Bodhisattva-vyākaraṇa-parivartaścaturthaḥ
			S0043_412 5 Dāna-parivarto nāma pañcamaḥ
			S0043_413 6 Epilogue
		S0044 22 Kāśyapaparivarta sūtram 佛說大迦葉問大寶積正法經
		23 Lalitavistaraḥ 方廣大莊嚴經
			S0045_415 1 nidānaparivartaḥ prathamaḥ
			S0045_416 2 samutsāhaparivarto dvitīyaḥ
			S0045_417 3 kulapariśuddhiparivartastṛtīyaḥ
			S0045_418 4 dharmālokamukhaparivartaścaturthaḥ
			S0045_419 5 pracalaparivartaḥ pañcamaḥ
			S0045_420 6 garbhāvakrāntiparivartaḥ ṣaṣṭhaḥ
			S0045_421 7 janmaparivartaḥ saptamaḥ
			S0045_422 8 devakulopanayanaparivarto'ṣṭamaḥ
			S0045_423 9 ābharaṇaparivarto navamaḥ
			S0045_424 10 lipiśālāsaṁdarśanaparivarto daśamaḥ
			S0045_425 11 kṛṣigrāmaparivarta ekādaśaḥ
			S0045_426 12 śilpasaṁdarśanaparivarto dvādaśaḥ
			S0045_427 13 saṁcodanāparivartastrayodaśaḥ
			S0045_428 14 svapnaparivartaścaturdaśaḥ
			S0045_429 15 abhiniṣkramaṇaparivartaḥ pañcadaśaḥ
			S0045_430 16 bimbisāropasaṁkramaṇaparivartaḥ ṣoḍaśaḥ
			S0045_431 17 duṣkaracaryāparivartaḥ saptadaśaḥ
			S0045_432 18 nairañjanāparivarto'ṣṭādaśaḥ
			S0045_433 19 bodhimaṇḍagamanaparivarta ekonaviṁśaḥ|
			S0045_434 20 bodhimaṇḍavyūhaparivarto viṁśatitamaḥ
			S0045_435 21 māragharṣaṇaparivarta ekaviṁśaḥ
			S0045_436 22 abhisaṁbodhanaparivarto dvāviṁśaḥ
			S0045_437 23 saṁstavaparivartastrayoviṁśaḥ
			S0045_438 24 trapuṣabhallikaparivartaścaturviṁśaḥ
			S0045_439 25 adhyeṣaṇāparivartaḥ pañcaviṁśaḥ
			S0045_440 26 dharmacakrapravartanaparivartaḥ ṣaḍviṁśaḥ
			S0045_441 27 nigamaparivartaḥ saptaviṁśaḥ
		S0046 24 Madhyamaka-śālistambasūtram
		S0047 25 Mahāmegha sūtram 大雲經
		S0048 26 Mahāparinirvāṇa sūtram
		S0049 27 Mahāvadānasūtram 大譬喻經
		S0050 28 Megha sūtram 雲經
		S0051 29 Nairātmyaparipṛcchā nāma mahāyānasūtram 尼乾子問無我義經
		S0052 30 Pañcarakṣā sūtram(null)
		31 Saddharmalaṅkāvatārasūtram 大乘入楞伽經
			S0053_448 1 rāvaṇādhyeṣaṇāparivartaḥ prathamaḥ 羅婆那王勸請品
			S0053_449 2 ṣaṭtriṁśatsāhasrasarvadharmasamuccayo nāma dvitīyaḥ parivartaḥ 集一切法品
			S0053_450 3 anityatāparivarto nāma tṛtīyaḥ 無常品
			S0053_451 4 abhisamayaparivarto nāma caturthaḥ 現證品
			S0053_452 5 tathāgatanityānityaprasaṅgaparivarto nāma pañcamaḥ | 如來常無常品
			S0053_453 6 kṣaṇikaparivarto nāma ṣaṣṭhaḥ 剎那品
			S0053_454 7 nairmāṇikaparivarto nāma saptamaḥ 變化品
			S0053_455 8 māṁsabhakṣaṇaparivarto nāmāṣṭamaḥ 斷食肉品
			S0053_456 9 dhāraṇīparivarto nāma navamaḥ 陀羅尼品
			S0053_457 10 sagāthakam 偈頌品
		32 Saddharmapuṇḍarīkasūtram 妙法蓮華經
			S0054_458 1 nidānaparivartaḥ 序品
			S0054_459 2 upāyakauśalyaparivartaḥ 方便品
			S0054_460 3 aupamyaparivartaḥ 譬喻品
			S0054_461 4 adhimuktiparivartaḥ 信解品
			S0054_462 5 oṣadhīparivartaḥ 藥草喻品
			S0054_463 6 vyākaraṇaparivartaḥ 授記品
			S0054_464 7 pūrvayogaparivartaḥ 化城喻品
			S0054_465 8 pañcabhikṣuśatavyākaraṇaparivartaḥ 五百弟子受記品
			S0054_466 9 ānandādivyākaraṇaparivartaḥ 授學無學人記品
			S0054_467 10 dharmabhāṇakaparivartaḥ 法師品
			S0054_468 11 stūpasaṁdarśanaparivartaḥ 見寶塔品(含提婆達多品)
			S0054_469 12 utsāhaparivartaḥ 勸持品
			S0054_470 13 sukhavihāraparivartaḥ 安樂行品
			S0054_471 14 bodhisattvapṛthivīvirasamudgamaparivartaḥ 從地踊出品
			S0054_472 15 tathāgatāyuṣpramāṇaparivartaḥ 如來壽量品
			S0054_473 16 puṇyaparyāyaparivartaḥ 分別功德品
			S0054_474 17 anumodanāpuṇyanirdeśaparivartaḥ 隨喜功德品
			S0054_475 18 dharmabhāṇakānuśaṁsāparivartaḥ 法師功德品
			S0054_476 19 sadāparibhūtaparivartaḥ 常不輕菩薩品
			S0054_477 20 tathāgataddharyabhisaṁskāraparivartaḥ 如來神力品
			S0054_478 21 dhāraṇīparivartaḥ 囑累品
			S0054_479 22 bhaiṣajyarājapūrvayogaparivartaḥ 藥王菩薩本事品
			S0054_480 23 gadgadasvaraparivartaḥ 妙音菩薩品
			S0054_481 24 samantamukhaparivartaḥ 觀世音菩薩普門品
			S0054_482 25 śubhavyūharājapūrvayogaparivartaḥ 陀羅尼品
			S0054_483 26 samantabhadrotsāhanaparivartaḥ 妙莊嚴王本事品
			S0054_484 27 anuparīndanāparivartaḥ 普賢菩薩勸發品
		S0055 33 Śālistambasūtram 佛說稻稈經
		34 Samādhirājasūtram 月燈三昧經
			S0056_486 1  Nidānaparivartaḥ
			S0056_487 2  Śālendrarājapūrvayogaparivarto dvitīyaḥ
			S0056_488 3  Bhūtaguṇavarṇaprakāśanaparivartaḥ
			S0056_489 4  Buddhānusmṛtiparivartaḥ
			S0056_490 5  Ghoṣadattaparivartaḥ
			S0056_491 6  Samādhiparivartaḥ
			S0056_492 7  Trikṣāntyavatāraparivartaḥ
			S0056_493 8  Abhāvasamudgataparivartaḥ
			S0056_494 9  Gambhīradharmakṣāntiparivartaḥ
			S0056_495 10 Purapraveśaparivartaḥ
			S0056_496 11 Sūtradhāraṇaparivartaḥ
			S0056_497 12 Samādhyanuśikṣaṇāparivartaḥ
			S0056_498 13 Samādhinirdeśaparivartaḥ
			S0056_499 14 Smitasaṁdarśanaparivartaḥ
			S0056_500 15 Smitavyākaraṇaparivartaḥ
			S0056_501 16 Pūrvayogaparivartaḥ
			S0056_502 17 Bahubuddhanirhārasamādhimukhaparivartaḥ
			S0056_503 18 Samādhyanuparindanaparivartaḥ
			S0056_504 19 Acintyabuddhadharmanirdeśaparivartaḥ
			S0056_505 20 Indraketudhvajarājaparivartaḥ
			S0056_506 21 Pūrvayogaparivartaḥ
			S0056_507 22 Tathāgatakāyanirdeśaparivartaḥ
			S0056_508 23 Tathāgatācintyanirdeśaparivartaḥ
			S0056_509 24 Pratisaṁvidavatāraparivartaḥ
			S0056_510 25 Anumodanāparivartaḥ
			S0056_511 26 dānānuśaṁsāparivartaḥ
			S0056_512 27 Śīlanirdeśaparivartaḥ
			S0056_513 28 Daśānuśaṁsāparivartaḥ
			S0056_514 29 Tejaguṇarājaparivartaḥ
			S0056_515 30 Anuśaṁsāparivartaḥ
			S0056_516 31 Sarvadharmasvabhāvanirdeśaparivartaḥ
			S0056_517 32 Sūtradhāraṇānuśaṁsāparivartaḥ
			S0056_518 33 Kṣemadattaparivartaḥ
			S0056_519 34 Jñānāvatīparivartaḥ
			S0056_520 35 Supuṣpacandraparivartaḥ
			S0056_521 36 Śīlaskandhanirdeśaparivartaḥ
			S0056_522 37 Yaśaḥ prabhaparivartaḥ
			S0056_523 38 Kyavāṅbhanaḥsaṁvaraparivartaḥ
			S0056_524 39 Padatriśatanirdeśaparivartaḥ
			S0056_525 40 Parīndanāparivartaḥ
		S0057 35 Sarvatathāgatādhiṣṭhānavyūham sūtram
		S0058 36 Sukhāvatīvyūhaḥ (saṃkṣiptamātṛkā) 佛說阿彌陀經
		S0059 37 Sukhāvatīvyūhaḥ (vistaramātṛkā) 佛說大乘無量壽莊嚴經
		38 Suvarṇaprabhāsasūtram 金光明經
			S0060_529 1  Nidānaparivartaḥ
			S0060_530 2  Tathāgatāyuḥpramāṇanirdeśaparivartaḥ
			S0060_531 3  Svapnaparivartaḥ
			S0060_532 4  Deśanāparivartaḥ
			S0060_533 5  Kamalākarasarvatathāgatastavaparivartaḥ
			S0060_534 6  Śūnyatāparivartaḥ
			S0060_535 7  Caturmahārājaparivartaḥ
			S0060_536 8  Sarasvatīdevīparivartaḥ
			S0060_537 9  Śrīmahādevīparivartaḥ
			S0060_538 10 Sarvabuddhabodhisattvanāmasaṁdhāraṇiparivartaḥ
			S0060_539 11 Dṛḍhāpṛthivīdevatāparivartaḥ
			S0060_540 12 Saṁjñeyamahāyakṣasenāpatiparivartaḥ
			S0060_541 13 Devendrasamayarājaśāstraparivartaḥ
			S0060_542 14 Susaṁbhavaparivartaḥ
			S0060_543 15 Yakṣāśrayarakṣāparivartaḥ
			S0060_544 16 Daśadevaputrasahasravyākaraṇaparivartaḥ
			S0060_545 17 Vyādhipraśamanaparivartaḥ
			S0060_546 18 Jalavāhanasya matsyavaineyaparivartaḥ
			S0060_547 19 Vyāghrīparivartaḥ
			S0060_548 20 Sarvatathāgatastavaparivartaḥ
			S0060_549 21 Nigamanaparivartaḥ
		S0061 39 Vimalakīrtinirdeśa sūtram 維摩詰所說經
		S0062 40 Vinayaviniścaya upāliparipṛcchā 決定毗尼優波離請問經
		S0063 41 Saddharmasmṛtyupasthānasūtra 正法念處經
		S0061 42 Vajrasattvaniṣpādana Sūtra 金剛薩埵成就法經
	5 nirdeśa
		S0062 1 Āryābuddhabalādhānaprātihāryavikurvaṇanirdeśanā mamahāyānasūtram
		S0063 2 Āryacaturdharmanirdeśasūtram
		S0064 3 Pratītyasamutpādādivibhaṅganirdeśasūtram 緣起經
		S0065 4 Svastyayanagāthā
	6 prajñāpāramitā 般若波羅蜜多
		S0066 1  Adhyardhaśatikā prajñāpāramitā 實相般若波羅蜜經
		S0067 2 Ārya advayaśatikā prajñāpāramitā sūtra
		3  Aṣṭasāhasrikā prajñāpāramitā 小品般若波羅蜜經
			S0068_557 1 sarvākārajñatācaryā prathamaḥ parivartaḥ
			S0068_558 2 śakraparivarto dvitīyaḥ
			S0068_559 3 aprameyaguṇadhāraṇapāramitāstūpasatkāraparivartastṛtīyaḥ
			S0068_560 4 guṇaparikīrtanaparivartaścaturthaḥ
			S0068_561 5 puṇyaparyāyaparivartaḥ pañcamaḥ
			S0068_562 6 anumodanāpariṇāmanāparivartaḥ ṣaṣṭhaḥ|
			S0068_563 7 nirayaparivartaḥ saptamaḥ
			S0068_564 8 viśuddhiparivarto'ṣṭamaḥ
			S0068_565 9 stutiparivarto navamaḥ
			S0068_566 10 dhāraṇaguṇaparikīrtanaparivarto daśamaḥ
			S0068_567 11 mārakarmaparivarta ekādaśaḥ
			S0068_568 12 lokasaṁdarśanaparivarto dvādaśaḥ
			S0068_569 13 acintyaparivartastrayodaśaḥ
			S0068_570 14 aupamyaparivartaścaturdaśaḥ
			S0068_571 15 devaparivartaḥ pañcadaśaḥ
			S0068_572 16 tathatāparivartaḥ ṣoḍaśaḥ
			S0068_573 17 avinivartanīyākāraliṅganimittaparivartaḥ saptadaśaḥ
			S0068_574 18 śūnyatāparivarto'ṣṭādaśaḥ
			S0068_575 19 gaṅgadevībhaginīparivarta ekonaviṁśaḥ|
			S0068_576 20 upāyakauśalyamīmāṁsāparivarto viṁśatitamaḥ
			S0068_577 21 mārakarmaparivarta ekaviṁśatitamaḥ|
			S0068_578 22 kalyāṇamitraparivarto dvāviṁśatitamaḥ
			S0068_579 23 śakraparivartastrayoviṁśatitamaḥ
			S0068_580 24 abhimānaparivartaścaturviṁśatitamaḥ
			S0068_581 25 śikṣāparivartaḥ pañcaviṁśatitamaḥ
			S0068_582 26 māyopamaparivartaḥ ṣaḍviṁśatitamaḥ
			S0068_583 27 sāraparivartaḥ saptaviṁśatitamaḥ
			S0068_584 28 avakīrṇakusumaparivarto'ṣṭāviṁśatitamaḥ
			S0068_585 29 anugamaparivarta ekonatriṁśattamaḥ
			S0068_586 30 sadāpraruditaparivartastriṁśattamaḥ
			S0068_587 31 dharmodgataparivarta ekatriṁśattamaḥ
			S0068_588 32 parīndanāparivarto dvātriṁśattamaḥ
		S0069 4  Kauśikaprajñāpāramitāsūtram 佛說帝釋般若波羅蜜多心經
		S0070 5  Prajñāpāramitāhṛdayasūtram [saṃkṣiptamātṛkā] 摩訶般若波羅蜜大明咒經
		S0071 6  Prajñāpāramitāhṛdayasutram [vistaramātṛkā] 般若波羅蜜多心經
		S0072 7  Ratnaguṇasaṃcayagāthā 佛說佛母寶德藏般若波羅蜜經
			S0072_592 1  Prathamaḥ
			S0072_593 2  Dvitīyaḥ
			S0072_594 3  Tṛtīyaḥ
			S0072_595 4  Caturthaḥ
			S0072_596 5  Pañcamaḥ
			S0072_597 6  Ṣaṣṭhamaḥ
			S0072_598 7  Saptamaḥ
			S0072_599 8  Aṣṭamaḥ
			S0072_600 9  Navamaḥ
			S0072_601 10 Daśamaḥ
			S0072_602 11 ekādaśamaḥ
			S0072_603 12 Dvādaśamaḥ
			S0072_604 13 Trayodaśamaḥ
			S0072_605 14 Caturdaśamaḥ
			S0072_606 15 Pañcadaśamaḥ
			S0072_607 16 Ṣoḍaśamaḥ
			S0072_608 17 Saptadaśamaḥ
			S0072_609 18 Aṣṭādaśamaḥ
			S0072_610 19 Ekānnaviṁśatimaḥ
			S0072_611 20 Viṁśatitamaḥ
			S0072_612 21 Ekaviṁśatitamaḥ
			S0072_613 22 Dvāviṁśatitamaḥ
			S0072_614 23 Trayoviṁśatitamaḥ
			S0072_615 24 Caturviṁśatitamaḥ
			S0072_616 25 Pañcaviṁśatimaḥ
			S0072_617 26 Ṣaḍviṁśatimaḥ
			S0072_618 27 Saptaviṁśatimaḥ
			S0072_619 28 Aṣṭāviṁśatimaḥ
			S0072_620 29 Ekūnatriṁśatimaḥ
			S0072_621 30 Triṁśatimaḥ
			S0072_622 31 Ekatriṁśatimaḥ
			S0072_623 32 Dvātriṁśatimaḥ
		S0073 8  Saptaśatikā prajñāpāramitā
		9  Suvikrāntavikrāmiparipṛcchā nāma sārdhadvisāhasrikā prajñāpāramitā
			S0074_625 1 nidānaparivartaḥ
			S0074_626 2 ānandaparivarto dvitīyaḥ
			S0074_627 3 tathatāparivartastṛtīyaḥ
			S0074_628 4 aupamyaparivartaścaturthaḥ
			S0074_629 5 subhūtiparivartaḥ pañcamaḥ
			S0074_630 6 caryāparivartaḥ ṣaṣṭhaḥ
			S0074_631 7 anuśaṁsāparivartaḥ saptamaḥ
		S0075 10 Svalpākṣarā prajñāpāramitā 佛說聖佛母小字般若波羅蜜多經
		S0076 11 Vajracchedikā nāma triśatikā prajñāpāramitā 金剛般若波羅蜜經
		S0754 12 Pañcaśatikā prajñāpāramitā
		S0841 13 Adhyardhaśatikā prajñāpāramitā
		S0844 14 Adhyardhaśatikā prajñāpāramitā (New edition)
	7 pramāṇa 因明
		S0077 1 Nyāyapraveśakasūtram 因明入正理論
	8 tantra 坦特羅
		1 kriyā tantra
			1 Āryamañjuśrīmūlakalpam 大方廣菩薩藏文殊師利根本儀軌經
				S0078_635 1  Atha prathamaḥ parivartaḥ
				S0078_636 2  Atha dvitīyaḥ parivartaḥ
				S0078_637 3  Atha tṛtīyaḥ parivartaḥ
				S0078_638 4  Caturthaḥ paṭalavisaraḥ
				S0078_639 5  Pañcamaḥ paṭalavisaraḥ
				S0078_640 6  Ṣaṣṭhaḥ paṭalavisaraḥ
				S0078_641 7  Saptamaḥ paṭalavisaraḥ
				S0078_642 8  Aṣṭamaḥ paṭalavisaraḥ
				S0078_643 9  Atha navamaḥ paṭalavisaraḥ
				S0078_644 10 Atha daśamaḥ paṭalavisaraḥ
				S0078_645 11 Athaikādaśaḥ paṭalavisaraḥ
				S0078_646 12 Atha dvādaśaḥ paṭalavisaraḥ
				S0078_647 13 Atha trayodaśaḥ paṭalavisaraḥ
				S0078_648 14 Atha caturdaśaḥ paṭalavisaraḥ
				S0078_649 15 Atha pañcadaśaḥ paṭalavisaraḥ
				S0078_650 16 Atha ṣoḍaśaḥ paṭalavisaraḥ
				S0078_651 17 Atha saptadaśaḥ paṭalavisaraḥ
				S0078_652 18 Athāṣṭādaśaḥ paṭalavisaraḥ
				S0078_653 19 Atha ekonaviṁśaḥ paṭalavisaraḥ
				S0078_654 20 Atha viṁśaḥ paṭalavisaraḥ
				S0078_655 21 Atha ekaviṁśaḥ paṭalavisaraḥ
				S0078_656 22 Atha dvāviṁśaḥ paṭalavisaraḥ
				S0078_657 23 Atha trayoviṁśatitamaḥ paṭalavisaraḥ
				S0078_658 24 Atha caturviṁśatitamaḥ paṭalavisaraḥ
				S0078_659 25 Atha pañcaviṁśatitamaḥ paṭalavisaraḥ
				S0078_660 26 Atha ṣaḍviṁśatitamaḥ paṭalavisaraḥ
				S0078_661 27 Saptaviṁśatitamaḥ paṭalavisaraḥ
				S0078_662 28 Atha aṣṭāviṁśatitamaḥ paṭalavisaraḥ
				S0078_663 29 Athaikonatriṁśaḥ paṭalavisaraḥ
				S0078_664 30 Atha triṁśaḥ paṭalavisaraḥ
				S0078_665 31 Athaikatriṁśaḥ paṭalavisaraḥ
				S0078_666 32 Atha dvātriṁśaḥ paṭalavisaraḥ
				S0078_667 33 Atha trayastriṁśaḥ paṭalavisaraḥ
				S0078_668 34 Atha catustriṁśaḥ paṭalavisaraḥ
				S0078_669 35 Atha pañcatriṁśaḥ paṭalavisaraḥ
				S0078_670 36 Atha ṣaṭtriṁśaḥ paṭalavisaraḥ
				S0078_671 37 Atha saptatriṁśaḥ paṭalavisaraḥ
				S0078_672 38 Athāṣṭātriṁśaḥ paṭalavisaraḥ
				S0078_673 39 Athaikonacatvāriṁśaḥ paṭalavisaraḥ
				S0078_674 40 Atha catvāriṁśaḥ paṭalavisaraḥ
				S0078_675 41 Atha ekacatvāriṁśaḥ paṭalavisaraḥ
				S0078_676 42 Atha dvicatvāriṁśaḥ paṭalavisaraḥ
				S0078_677 43 Atha tricatvāriṁśaḥ paṭalavisaraḥ
				S0078_678 44 Atha catuścatvāriṁśaḥ paṭalavisaraḥ
				S0078_679 45 Atha pañcacatvāriṁśaḥ paṭalavisaraḥ
				S0078_680 46 Atha ṣaṭcatvāriṁśaḥ paṭalavisaraḥ
				S0078_681 47 Atha saptacatvāriṁśaḥ paṭalavisaraḥ
				S0078_682 48 Athāṣṭacatvāriṁśaḥ paṭalavisaraḥ
				S0078_683 49 Athaikonapañcāśaḥ paṭalavisaraḥ
				S0078_684 50 Atha pañcāśaḥ paṭalavisaraḥ
				S0078_685 51 Atha ekapañcāśaḥ paṭalavisaraḥ
				S0078_686 52 Atha dvipañcāśaḥ paṭalavisaraḥ
				S0078_687 53 Atha tripañcāśaḥ paṭalavisaraḥ
				S0078_688 54 Atha catuḥpañcāśaḥ paṭalavisaraḥ
				S0078_689 55 Atha pañcapañcāśaḥ paṭalavisaraḥ
			S0792 2 Amoghapāśakalparāja Part VI 不空羂索神變真言經
			S0794 3 Amoghapāśakalparāja Part VII
		2 sahajayāna
			S0079 1 Nānāsiddhopadeśaḥ
		3 yoginītantra
			S0080 1 Cakrasaṃvaratantram [Vol.1]
			S0081 2 Cakrasaṃvaratantram [Vol.2]
			S0797 3 Buddhakapālatantra
			S0809 4 Ḍākārṇavaḥ
		4 tantra darśana
			1 Advayavajrasaṇgrahaḥ
				S0082_693 1 kudṛṣṭinirghātanam
				S0082_694 2 mūlāpattayaḥ sthūlāpattayaḥ
				S0082_695 3 tattvaratnāvalī
				S0082_696 4 pañcatathāgatamudrāvivaraṇam
				S0082_697 5 sekanirṇayaḥ
				S0082_698 6 caturmudrā
				S0082_699 7 sekatānvayasaṁgrahaḥ
				S0082_700 8 pañcākāraḥ
				S0082_701 9 māyāniruktiḥ
				S0082_702 10 svapnaniruktiḥ
				S0082_703 11 tattvaprakāśaḥ
				S0082_704 12 apratiṣṭhānaprakāśaḥ
				S0082_705 13 yuganaddhaprakāśaḥ
				S0082_706 14 mahāsukhaprakāśaḥ
				S0082_707 15 tattvaviṁśikā
				S0082_708 16 mahāyānaviṁśikā
				S0082_709 17 nirbedhapañcaka
				S0082_710 18 madhyakaṣaṭka
				S0082_711 19 premapañcaka
				S0082_712 20 tattvadaśaka
				S0082_713 21 amanasikārādhāraḥ
			S0083 2 Niṣpannayogāvalī(null)
		5 yoga tantra
			1 Sarva tathāgata tattva saṅgrahaḥ
				S0084_714 1  Prathamaḥ
				S0084_715 2  Dvitīyaḥ
				S0084_716 3  Tṛtīyaḥ
				S0084_717 4  Caturthaḥ
				S0084_718 5  Pañcamaḥ
				S0084_719 6  Ṣaṣṭhamaḥ
				S0084_720 7  Saptamaḥ
				S0084_721 8  Aṣṭamaḥ
				S0084_722 9  Navamaḥ
				S0084_723 10 Daśamaḥ
				S0084_724 11 ekādaśamaḥ
				S0084_725 12 Dvādaśamaḥ
				S0084_726 13 Trayodaśamaḥ
				S0084_727 14 Caturdaśamaḥ
				S0084_728 15 Pañcadaśamaḥ
				S0084_729 16 Ṣoḍaśamaḥ
				S0084_730 17 Saptadaśamaḥ
				S0084_731 18 Aṣṭādaśamaḥ
				S0084_732 19 Ekānnaviṁśatimaḥ
				S0084_733 20 Viṁśatitamaḥ
				S0084_734 21 Ekaviṁśatitamaḥ
				S0084_735 22 Dvāviṁśatitamaḥ
				S0084_736 23 Trayoviṁśatitamaḥ
				S0084_737 24 Caturviṁśatitamaḥ
				S0084_738 25 Pañcaviṁśatimaḥ
				S0084_739 26 Ṣaḍviṁśatimaḥ
			S0730 2 Sarvadurgatipariśodhana tantra
		6 yogottara tantra
			S0085 1 Advayasiddhiḥ
			S0086 2 Srivajrabhairava mahayogatantram(null)
			S0762 3 Caṇḍamahāroṣaṇa tantra
		7 anuttarayoga Tantra
			S0723 1 Śrīguhyasamājatantram
		8 kriyātantraṭīkā
			S0728 1 kalpoktamārīcīsādhanam
		9 mahāyogatantraṭīkā
			S0737 Guhyāsamājatantrapradīpodyotanaṭīkā ṣaṭkoṭivyākhyā
	9 yogācāra 瑜伽行(null)
vinayapiṭaka
	S0087 1 Bhikṣukarmavākya 比丘業尼柯耶
	S0088 2 Bhikṣuṇī vinaya 比丘尼毘奈耶
	S0089 3  Bodhisattva-prātimokṣa-sūtram 菩薩戒羯摩文
	S0090 4  Mahāsāṃghikānāṃ prātimokṣasūtram
	5  Mūlasarvāstivāda-vinayavastu
		S0091_745 1 bhaiṣajyavastu
		S0091_746 2 cīvaravastu
		S0091_747 3 kaṭhinavastu
		S0091_748 5 karmavastu
		S0091_749 4 kośāmbakavastu
	S0092 6 Prātimokṣasūtram(null)
	S0093 7 Vinaya sūtram
	S0725 8 Śayanāsanavastu
	S0726 9 Adhikaraṇavastu
	S0764 10 Vajrasatva-pārājikā
	S0766 11 Saddharma-pārājikā
	S0768 12 Śrīlokeśvarabhāṣitaparājikā
	S0772 13 Maṃjuśrīpārājikā
	S0776 14 Lokeśvara-pārājikā
	S0825 15 Upasampadā jñaptiḥ
śāstrapiṭaka
	1 abhidharma 阿毘達摩
		1 Abhidharmadīpaḥ
			S0094_751 1 Prathamo'dhyāyaḥ
			S0094_752 2 Dvitīyo'dhyāyaḥ
			S0094_753 3 Tṛtīyo'dhyāyaḥ
			S0094_754 4 Caturtho'dhyāyaḥ
			S0094_755 5 Pañcamo'dhyāyaḥ
		2 Abhidharmadīpaṭīkā 阿毘達磨藏顯宗論
			S0095_756 1 Prathamo'dhyāyaḥ
			S0095_757 2 Dvitīyo'dhyāyaḥ
			S0095_758 3 Tṛtīyo'dhyāyaḥ
			S0095_759 4 Caturtho'dhyāyaḥ
			S0095_760 5 Pañcamo'dhyāyaḥ
			S0095_761 6 Ṣaṣṭho'dhyāyaḥ
			S0095_762 7 Saptamo'dhyāyaḥ
			S0095_763 8 Aṣṭamo'dhyāyaḥ
		3 Abhidharmakoṣakārikā 阿毘達摩俱舍論
			S0096_764 1 Prathamaṁ kośasthānam
			S0096_765 2 Dvitīyaṁ kośasthānam
			S0096_766 3 Tṛtīyaṁ kośasthānam
			S0096_767 4 Caturthaṁ kośasthānam
			S0096_768 5 Pañcamaṁ kośasthānam
			S0096_769 6 Ṣaṣṭhaṁ kośasthānam
			S0096_770 7 Saptamaṁ kośasthānam
			S0096_771 8 Aṣṭamaṁ kośasthānam
		4 Abhidharmāmṛta 阿毘曇甘露味論
			S0097_772 1  Prathamo binduḥ
			S0097_773 2  Dvitīyo binduḥ
			S0097_774 3  Tṛtīyo binduḥ
			S0097_775 4  Caturthā binduḥ
			S0097_776 5  Paṁcamo binduḥ
			S0097_777 6  Ṣaṣṭho binduḥ
			S0097_778 7  Saptamo binduḥ
			S0097_779 8  Aṣṭamo binduḥ
			S0097_780 9  Navamo binduḥ
			S0097_781 10 Daśamo binduḥ
			S0097_782 11 Dvādaśo binduḥ
			S0097_783 12 Trayodaśo binduḥ
			S0097_784 13 Caturdaśo binduḥ
			S0097_785 14 Paṁcadaśo binduḥ
			S0097_786 15 Ṣoḍaśo binduḥ
		S0098 5 Abhidharmasamuccaya 大乘阿毘達摩集論
		6 Abhidharmasamuccaya bhāṣya
			S0099_788 1 Lakṣaṇasamuccayo nāma prathamaḥ samuccayaḥ
			S0099_789 2 Satyaviniścayo nāma dvitīyaḥ samuccayaḥ
			S0099_790 3 Dharmaviniścayo nāma tṛtīyaḥ samuccayaḥ
			S0099_791 4 Prāptiviniścayo nāma caturthaḥ samuccayaḥ
			S0099_792 5 Sāṁkathyaviniścayo nāma pañcamaḥ samuccayaḥ
		S0100 7 Āryadharmadhātugarbhavivaraṇam
		S0101 8 Daśākuśalakarmapathadeśanā
		9 Jñānaprasthānam śāstram 阿毘達摩發智論
			S0102_795 1 prathamaḥ saṁkīrṇaskandhaḥ
			S0102_796 2 dvitīyaḥ saṁyojanaskaṁdhaḥ
		S0103 10 Subodhālaṅkāraḥ
	2 advayatantraṭīkā
		S0104 1 Ḍākinījālasaṃvararahasyam
		S0105 2 Sekoddeśaḥ
		S0106 3 Sekoddeśapañjikā
		S0107 4 Sekoddeśaṭīkā (paramārthasaṃgraha)(null)
		S0745 5 Vāṅmaṇḍalanamaskāraślokāḥ
		S0749 6 Baudha pāribhāṣikāḥ śabdāḥ
		S0836 7 Āryamāyājālamahātantroddhṛtamaṇdalagāthāṭippaṇī
	3 alaṃkāra
		S0108 1 Chandoratnākaraḥ (svopajña samanvitaḥ)
		S0830 2 vṛttamālāstutiḥ
	4 cikitsavidyā
		S0770 1 Svapnādhyāya
	5 stotra 讚頌
		1 ādibuddha
			S0109 1 Ādibuddhadvādaśakastotram
			S0110 2 Advayaparamārthā nāmasaṅgītiḥ
			S0760 3 Dvādaśakāranayastotram
		2 paṇḍita
			S0111 1 Vikramāraccivaibhavam
		3 ākāśagarbha
			S0112 1 Ākāśagarbhanāmāṣṭottaraśatastotram
		4 āryatārā
			S0113 1 (Ārya) tārānamaskāraikaviṃśatistotram
			S0114 2 (Ārya)tārāsragdharāstotram
			S0115 3 (Ārya)tārāṣṭottaraśatanāmastotram
			S0116 4 (Ārya)tārāstutiḥ
		5 aṣṭamahābodhisattva
			S0117 1 Maṅgalāṣṭakam
		6 aṣṭamātṛkā
			S0118 1 Aṣṭamātṛkāstotram
		7 avalokiteśvara 觀自在菩薩
			S0119 1 Avadhānastotram (vandanāstavaṃ vā)
			S0120 2 Avalokiteśvarahayagrīvadhāraṇī
			S0121 3 Avalokiteśvarāṣṭakastotram
			S0122 4 Avalokiteśvarastavaḥ (candrakāntābhikṣuṇīkṛtaḥ)
			S0123 5 Avalokiteśvarastotram
			S0124 6 Avalokiteśvarastotram (carapatipādaviracitam)
			S0125 7 Avalokiteśvarāṣṭottaraśatanāmastotram 觀自在菩薩百八名頌(佛說一切如來真實攝大乘現證三昧大教王經卷18)
			S0126 8 Lokanāthastotram
			S0127 9 Lokeśvaraśatakam
			S0128 10 Lokeśvarastotram
			S0129 11 Narakoddhārastotram
			S0130 12 Potalakāṣṭakam
			S0131 13 Rakṣākāla (kara) stavaḥ
			S0132 14 Ratnamālāstotram
			S0133 15 Rūpastavaḥ
			S0134 16 Ṣaḍgatistotram
			S0135 17 Saptākṣarastotram
			S0136 18 Saptavidhānuttarastotram
		8 bhagavatī
			S0137 1 Śāradāṣṭakastotram
			S0138 2 Vāgvāṇīstotram
		9 bodhisattvacaryā
			S0139 1 Daśabhūmīśvaro nāma mahāyānasūtraratnarājastotram
		10 caityabhaṭṭāraka
			S0140 1 Caityavandanāstotram
			S0141 2 Vidyākṣarastotram
		11 cakrasaṁvara
			S0142 1 Cakrasaṃvarastutiḥ
			S0143 2 Catuḥṣaṣṭisaṃvarastotram
			S0144 3 Pīṭhastavaḥ
			S0145 4 Ṣaṭtriṃśatsaṃvarastutiḥ
			S0146 5 Vasantatilakāstutiḥ
		12 dharmadhātu
			S0147 1 Dharmadhātunāmastavaḥ
			S0148 2 Pañcākṣarastotram
			S0796 3 Dharmadhātustava
		13 gaṇḍībhaṭṭāraka
			S0149 1 Buddhagaṇḍīstavaḥ
			S0150 2 Gaṇḍīstavaḥ
		14 gaṇeśa
			S0151 1 Gaṇeśastotram
		15 hārītī
			S0152 1 Hāratīstotram
		16 madhyamaka
			S0153 1 Lokātītastavaḥ
			S0154 2 Madhyamakaśāstrastutiḥ
			S0155 3 Niraupamyastavaḥ
			S0156 4 Paramārthastavaḥ
		17 mahācakravartin
			S0157 1 Mahācakravartināmāṣṭottaraśatastotram
		18 mahākāla
			S0158 1 Mahākālastotram
			S0159 2 Vajramahākālastotram
		19 mañjuśrī
			S0160 1 (Ārya)mañjuśrīnāmāṣṭottaraśatakastotram
			S0161 2 mañjuśrīstotram
		20 nairātmā
			S0162 1 Guhyeśvarīstotram
			S0163 2 Nairātmāṣṭakastotram
		21 pañcabuddha
			S0164 1 Pañcatathāgatastotram
			S0165 2 Pañcatathāgatastutigāthā
			S0166 3 Sragdharāpañcakastotram
		22 pañcarakṣādevī
			S0167 1 Mahāpratisarāstotram
			S0168 2 Pañcarakṣādevīstotrāṇi
			S0169 3 Pratisarāstotram
		23 prajñāpāramitā
			S0170 1 Prajñāpāramitāstotram
			S0171 2 Prajñāpāramitāstutiḥ
			S0172 3 Ṣaṭpāramitāstotram
		24 śākyamuni
			S0173 1 Adhyardhaśatakaṃ nāma stotram
			S0174 2 Bhaktiśatakam
			S0175 3 Buddhabhaṭṭārakastotram
			S0176 4 Buddhagadyaya
			S0177 5 Buddhastotram
			S0178 6 Nāmāṣṭaśatakaya
			S0179 7 Śākyasiṃhastotram (brahmaṇā kṛtam)
			S0180 8 Śākyasiṃhastotram (chando'mṛtoddhṛtam)
			S0181 9 Śākyasiṃhastotram (durgatipariśodhanoddhṛtam)
			S0182 10 Śākyasiṃhastotram (navagrahakṛtam)
			S0183 11 Śākyasiṃhastotram (śaṅkarakṛtam)
			S0184 12 Śākyasiṃhastotram (surapatikṛtam)
			S0185 13 Śākyasiṃhastotram (viṣṇukṛtam)
			S0186 14 Śākyasiṃhastotram (yaśodharākṛtam)
			S0187 15 Sattvārādhanagāthā
			S0188 16 Suprabhātastotram
		25 saptabuddha
			S0189 1 Saptabuddhastotram
			S0190 2 Saptajinastavaḥ
		26 sarvatathāgata
			S0191 1 Bhadracarīpraṇidhānastotram
			S0192 2 Kamalākarasarvatathāgatastotram
			S0193 3 Ṣaḍabhijñastotram
			S0842 4 Bhadracaryādeśanā
		27 svayambhū
			S0194 1 Kalyāṇapañcaviṃśatistotram
			S0195 2 Maṅgalaṣoḍaśastutiḥ
			S0196 3 Mañjuvajrastotram
			S0197 4 Svayaṃbhūstavaḥ
			S0198 5 Svayambhūstotram
		28 triratna
			S0199 Gururatnatrayastotram
		29 ugratārā
			S0200 1 Caṇḍikādaṇḍakastotram
			S0201 2 Mahogratārāṣṭakastotram
			S0202 3 Mahogratārāstutiḥ
		30 vāgīśvara
			S0203 1 Dharmadhātuvāgīśvaramaṇḍalastotram
			S0204 2 Vāgīśvaravarṇanāstotram
		31 vajrapāṇi
			S0205 1 Vajrapāṇināmāṣṭottaraśatastotram
		32 vajrāsana
			S0206 1 Mahābodhibhaṭṭārakastotram
			S0207 2 Mahābodhivandanāṣṭakam
			S0208 3 Māravijayastotram
		33 vajrasattva
			S0209 1 Vajrasattvastotram
			S0210 2 Vajrasattvastutiḥ
		34 vajrayoginī
			S0211 1 Kalyāṇatriṃśatikāstotram
			S0212 2 Vajradevīstotram
			S0213 3 Vajravilāsinīsādhanāstavaḥ
			S0214 4 Vajravilāsinīstotram
			S0215 5 Vajrayoginīpraṇāmaikaviśikā
			S0216 6 Vajrayoginyāḥ piṇḍārthastutiḥ
			S0217 7 Vajrayoginyāḥ stutipraṇidhānam
		35 vasudhārā
			S0218 1 Vasudhārānāmadhāraṇīstotram
			S0219 2 Vasudhārāstotram
		36 Bhagavatstutiḥ
			S0743 1 Bhagavatstutiḥ
	6 darśana
		S0220 1 Gurukriyākramaḥ
		S0221 2 Gurupañcāśikā
	7 kāvya
		S0222 1 Buddhacarita
			S0222_915 1 Bhagavatprasūtirnāma prathamaḥ sargaḥ
			S0222_916 2 Antaḥpuravihāro nāma dvitīyaḥ sargaḥ
			S0222_917 3 Saṁvegotpattirnāma tṛtīyaḥ sargaḥ
			S0222_918 4 Strīvighātano nāma caturthaḥ sargaḥ
			S0222_919 5 Abhiniṣkramaṇo nāma pañcamaḥ sargaḥ
			S0222_920 6 Chandakanivartano nāma ṣaṣṭhaḥ sargaḥ
			S0222_921 7 Tapovanapraveśo nāma saptamaḥ sargaḥ
			S0222_922 8 Antaḥpuravilāpo nāmāṣṭamaḥ sargaḥ
			S0222_923 9 Kumārānveṣaṇoṁ nāma navamaḥ sargaḥ
			S0222_924 10 Śreṇyābhigamano nāma daśamaḥ sargaḥ
			S0222_925 11 Kāmavigarhaṇo nāmaikādaśa sargaḥ
			S0222_926 12 Arāḍadarśano nāma dvādaśaḥ sargaḥ
			S0222_927 13 Māravijayo nāma trayodaśaḥ sargaḥ
			S0222_928 14 Caturdaśaḥ sargaḥ
		S0223 2 Buddhavijayakāvyam (null)
		S0224 3 Saundaranandam Mahākāvyam
			S0224_929 1 Prathamaḥ sargaḥ
			S0224_930 2 Dvitīyaḥ sargaḥ
			S0224_931 3 Tṛtīyaḥ sargaḥ
			S0224_932 4 Caturthaḥ sargaḥ
			S0224_933 5 Pañcamaḥ sargaḥ
			S0224_934 6 Ṣaṣṭhaḥ sargaḥ
			S0224_935 7 Saptamaḥ sargaḥ
			S0224_936 8 Aṣṭamaḥ sargaḥ
			S0224_937 9 Navamaḥ sargaḥ
			S0224_938 10 Daśamaḥ sargaḥ
			S0224_939 11 Ekādaśaḥ sargaḥ
			S0224_940 12 Dvādaśaḥ sargaḥ
			S0224_941 13 Trayodaśaḥ sargaḥ
			S0224_942 14 Caturdaśaḥ sargaḥ
			S0224_943 15 Pañcadaśaḥ sargaḥ
			S0224_944 16 Ṣoḍaśaḥ sargaḥ
			S0224_945 17 Saptadaśaḥ sargaḥ
			S0224_946 18 Aṣṭādaśaḥ sargaḥ
		S0225 4 Siddhārthacaritakāvyam
			S0225_947 1 Prathamaḥ sargaḥ
			S0225_948 2 Dvitīyaḥ sargaḥ
			S0225_949 3 Tṛtīyaḥ sargaḥ
			S0225_950 4 Caturthaḥ sargaḥ
			S0225_951 5 Pañcamaḥ sargaḥ
			S0225_952 6 Ṣaṣṭhaḥ sargaḥ
			S0225_953 7 Saptamaḥ sargaḥ
			S0225_954 8 Aṣṭamaḥ sargaḥ
			S0225_955 9 Navamaḥ sargaḥ
			S0225_956 10 Daśamaḥ sargaḥ
		S0226 5 Subhāṣitaratnakāraṇḍaka (null)
		S0227 6 Yaśodharācaritam
		S0811 7 Triratnasaundaryagāthā
		S0848 8 Saṅgītamālikā
	8 kośa
		S0228 1 Arthaviniścayanibandhana (null)
		S0229 2 Bauddha tantra kośa (I)
		S0230 3 Dharmasaṃgrahaḥ
		S0231 4 Dharmasamuccayaḥ
		S0232 5 Mahāvyutpatti
		S0739 6 Lupta bauddhavacana saṁgraha
		S0807 7 Śabdabhedaprakāśaḥ
		S0815 8 Viśvaprakāśaḥ
	9 lekha
		S0233 1 Ratnāvalī
		S0234 2 Śiṣyalekha
		S0235 3 Suhṛllekhaḥ
		S0774 4 Daṇḍikathā
	10 madhyamaka 中觀
		S0236 1 Akutobhaya (null)
		S0237 2 Catuḥ śatikā
		S0238 3 Hastavālaprakaraṇa
		S0239 4 Hastavālaprakaraṇavṛttiḥ
		S0240 5 Madhyamakahṛdayaḥ
		S0241 6 Madhyamakālokaḥ
		S0242 7 Madhyamakaśāstram 中論
		S0243 8 Madhyamakāvatāraḥ
		S0244 9 Madhyamārthasaṃgrahaḥ
		S0245 10 Mahāyānaviṃśikā 大乘二十頌論
		S0246 11 Prajñāpradīpaḥ
		S0247 12 Prasannapadā (madhyamakavṛtti)
		S0248 13 Pratītyasamutpādahṛdayakārikā
		S0249 14 Pratītyasamutpādahṛdayavyākhyānam
		S0250 15 Śaraṇagamanadeśanā
		S0251 16 Satyadvayāvatāranāma
		S0252 17 Śūnyatāsaptatiḥ 七十空性論
		S0253 18 Sūtrārthasamuccayopadeśaḥ
		S0254 19 Vigrahavyāvartanī 迴諍論
		S0255 20 Yuktiṣaṣṭikārikā
		S0721 21 Svabhāvavādaḥ
	11 madhyamaka-yogācāra
		S0256 1 Āpattideśanāvidhiḥ
		S0257 2 Bhāvanākramaḥ 廣釋菩提心論
		S0258 3 Bodhicaryāvatāraḥ 菩提行經
		S0259 4 Bodhicaryāvatāraḥ (pañjikā)
		S0260 5 Bodhipathapradīpaḥ
		S0261 6 Bodhisattvādikarmika-mārgāvatāra-deśanā
		S0262 7 Bodhyāpattideśanāvṛttiḥ
		S0263 8 Caryāsaṅgrahapradīpaḥ
		S0264 9 Cittotpādasaṃvaravidhikramaḥ
		S0265 10 Garbha-saṅgrahaḥ
		S0266 11 Mahāyānapathasādhanasaṅgrahaḥ
		S0267 12 Samādhisaṃbhāraparivartaḥ
		S0268 13 Śikṣāsamuccaya kārikā
		S0269 14 Śikṣāsamuccayaḥ 大乘集菩薩學論
			S0269_1117 1 	Dānapāramitā prathamaḥ paricchedaḥ
			S0269_1118 2 	Saddharmaparigraho dvitīyaḥ paricchedaḥ
			S0269_1119 3 	Dharmabhāṇakādirakṣā tṛtīyaḥ paricchedaḥ
			S0269_1120 4 	Anarthavarjanaṁ caturthaḥ paricchedaḥ
			S0269_1121 5 	Śīlapāramitāyāmanarthavarjanaṁ pañcamaḥ paricchedaḥ
			S0269_1122 6 	Ātmabhāvarakṣā ṣaṣṭhaḥ paricchedaḥ
			S0269_1123 7 	Bhogapuṇyarakṣā saptamaḥ paricchedaḥ
			S0269_1124 8 	Pāpaśodhanaṁ nāma aṣṭamaḥ paricchedaḥ
			S0269_1125 9 	Kṣāntipāramitā navamaḥ paricchedaḥ
			S0269_1126 10 	Vīryapāramitā daśamaḥ paricchedaḥ
			S0269_1127 11 	Araṇyasaṁvarṇanaṁ nāmaikādaśaḥ paricchedaḥ
			S0269_1128 12 	Cittaparikarma dvādaśaḥ paricchedaḥ
			S0269_1129 13 	Smṛtyupasthānaparicchedaḥ trayodaśaḥ
			S0269_1130 14 	Ātmabhāvapariśuddhiparicchedaścaturdaśaḥ
			S0269_1131 15 	Bhogapuṇyaśuddhiḥ pañcadaśaḥ paricchedaḥ
			S0269_1132 16 	Bhadracaryāvidhiḥ ṣoḍaśaḥ paricchedaḥ
			S0269_1133 17 	Vandanānuśaṁsā saptadaśaḥ paricchedaḥ
			S0269_1134 18 	Ratnatrayānusmṛtirnāmāṣṭādaśaḥ paricchedaḥ
			S0269_1135 19 	Puṇyavṛddhirnāma navadaśaḥ paricchedaḥ
	12 nāṭaka
		S0270 1 Buddhamatam
		S0271 2 Nāgānandam nāṭaka
		S0272 3 Nālandādahanam
		S0273 4 Nṛtyaprasūtiḥ
	13 nīti
		S0274 1 Nītiśāstram
		S0275 2 Śatagāthā
	14 prajñāpāramitā
		S0276 1 Abhisamayālaṇkāraloka
			S0276_1146 1 	Prathamaparivartaḥ
			S0276_1147 2 	Dvitīyaparivartaḥ
			S0276_1148 3 	Tṛtīyaparivartaḥ
			S0276_1149 4 	Caturthaparivartaḥ
			S0276_1150 5 	Pañcamaparivartaḥ
			S0276_1151 6 	Ṣaṣṭhaparivartaḥ
			S0276_1152 7 	Saptamaparivartaḥ
			S0276_1153 8 	Aṣṭamaparivartaḥ
			S0276_1154 9 	Navamaparivartaḥ
			S0276_1155 10 	Daśamaparivartaḥ
			S0276_1156 11 	Ekādaśaparivarttaḥ
			S0276_1157 12 	Dvādaśaparivartaḥ
			S0276_1158 13 	Trayodaśaparivartaḥ
			S0276_1159 14 	Caturdaśaparivartaḥ
			S0276_1160 15 	Pañcadaśaparivartaḥ
			S0276_1161 16 	Ṣoḍaśaparivartaḥ
			S0276_1162 17 	Saptadaśaparivartaḥ
			S0276_1163 18 	Aṣṭādaśaparivartaḥ
			S0276_1164 19 	Ūnaviṁśaparivartaḥ
			S0276_1165 20 	Viṁśatitamaparivartaḥ
			S0276_1166 21 	Ekaviṁśatitamaparivartaḥ
			S0276_1167 22 	Dvāviṁśatitamaparivartaḥ
			S0276_1168 23 	Trayoviṁśatitamaparivartaḥ
			S0276_1169 24 	Caturthaviṁśatitamaparivartaḥ
			S0276_1170 25 	Pañcaviṁśatitamaparivartaḥ
			S0276_1171 26 	Ṣaḍviṁśatitamaparivartaḥ
			S0276_1172 27 	Saptaviṁśatitamaparivartaḥ
			S0276_1173 28 	Aṣṭāviṁśatitamaparivartaḥ
			S0276_1174 29 	Ūnatriṁśattamaparivartaḥ
			S0276_1175 30 	Triṁśattamaparivartaḥ
			S0276_1176 31 	Ekatriṁśattamaparivartaḥ
			S0276_1177 32 	Dvātriṁśattamaparivartaḥ
		S0277 2 Abhisamayālaṅkārāntaḥ pātināṃ padārthānāṃ
		S0278 3 Abhisamayālaṅkāravṛttiḥ sphuṭārthā
			S0278_1179 1 Sarvākārajñatādhikāraḥ prathamaḥ
			S0278_1180 2 Mārgajñatādhikāraḥ dvitīyaḥ
			S0278_1181 3 Sarvajñatādhikāraḥ tṛtīyaḥ
			S0278_1182 4 Sarvākārābhisambodhādhikāraḥ caturthaḥ
			S0278_1183 5 Mūrdhābhisamayādhikāraḥ pañcamaḥ
			S0278_1184 6 Ānupūrvikādhikāraḥ ṣaṣṭhaḥ
			S0278_1185 7 Ekakṣaṇābhisambodhādhikāraḥ saptamaḥ
			S0278_1186 8 Dharmakāyādhikāraḥ aṣṭamaḥ
		S0279 4 Āryaprajñāpāramitāvajracchedikāṭīkā
		S0280 5 Pāramitāsamāsaḥ
			S0280_1188 1. dānapāramitāsamāsaḥ
			S0280_1189 2. śīlapāramitāsamāsaḥ
			S0280_1190 3. kṣāntipāramitāsamāsaḥ
			S0280_1191 4. vīryapāramitāsamāsaḥ
			S0280_1192 5. dhyānapāramitāsamāsaḥ
			S0280_1193 6. prajñāpāramitāsamāsaḥ
		S0281 6 Sāratamākhyā pañjikā
			S0281_1194 1  Sarvākārajñatācaryāparivarto nāma prathamaḥ
			S0281_1195 2  Śakraparivarto nāma dvitīyaḥ
			S0281_1196 3  Aprameyaguṇadhāraṇapāramitāstūpasatkāro nāma tṛtīyaḥ
			S0281_1197 4  Guṇaparikīrtanaparivarto nāma caturthaḥ
			S0281_1198 5  Puṇyaparyāyaparivarto nāma pañcamaḥ
			S0281_1199 6  Anumodanāparimāṇamanāparivarto nāma ṣaṣṭhaḥ
			S0281_1200 7  Nirayaparivarto nāma saptamaḥ
			S0281_1201 8  Viśuddhiparivarto nāmāṣṭamaḥ
			S0281_1202 9  Stutiparivarto nāma navamaḥ
			S0281_1203 10 Dhāraṇaguṇaparikīrtanaparivarto nāma daśamaḥ
			S0281_1204 11 Mārakarmaparivarto nāmaikādaśamaḥ
			S0281_1205 12 Lokasaṁdarśanaparivarto nāma dvādaśaḥ
			S0281_1206 13 trayodaśamaḥ
			S0281_1207 14 Caturdaśamaḥ
			S0281_1208 15 Devaparivarto nāma pañcadaśaḥ
			S0281_1209 16 Tathatāparivarto nāma ṣoḍaśaḥ
			S0281_1210 17 Avinirvatanīyākāraliṅganimittaparivarto nāma saptadaśaḥ
			S0281_1211 18 Śūnyatāparivarto nāmāṣṭādaśaḥ
			S0281_1212 19 Gaṅgadevābhaginīparivarto nāmekonaviṁśatitamaḥ
			S0281_1213 20 Upāyakauśalyamīmāṁsāparivarto nāma viṁśatitamaḥ
			S0281_1214 21 Mārakarmaparivarto nāmaikaviṁśatitamaḥ
			S0281_1215 22 Kalyāṇamitraparivarto nāma dvāviṁśatitamaḥ
			S0281_1216 23 Śakraparivarto nāma trayoviṁśatitamaḥ
			S0281_1217 24 Abhimānaparivarto nāma catarśititamaḥ
			S0281_1218 25 Śikṣāparivarto nāma pañcaviṁśatitamaḥ
			S0281_1219 26 Māyopamaparivarto nāma ṣaḍviṁśatitamaḥ
			S0281_1220 27 Sāraparivarto nāma saptaviṁśatitamaḥ
			S0281_1221 28 Avakīrṇakusumaparivarto nāmāṣṭāviṁśatitamaḥ
			S0281_1222 29 Anugamaparivarto nāmaikonatriṁśattamaḥ
			S0281_1223 30 Sadāpraruditaparivarto nāma triṁśattamaḥ
			S0281_1224 31 Dharmodgataparivarto nāmaikatriśattamaḥ
			S0281_1225 32 Parīnandanāparivarto nāma dvātriṁśattamaḥ
	15 pramāṇa
		S0282 1 Vādanyāyaṭīkā
		S0283 2 Ālambanaparīkṣā
		S0284 3 Ālambanaparīkṣāvṛttiḥ
		S0285 4 Antarvyāptisamarthanam
		S0286 5 Apohasiddhiḥ
		S0287 6 Avayavinirākaraṇam
		S0288 7 Hetubinduḥ
		S0289 8 Hetubinduṭīkā
		S0290 9 Hetutattvopadeśaḥ
		S0291 10 Jātinirākṛti
		S0292 11 Kṣaṇabhaṅgasiddhiḥ
		S0293 12 Kṣaṇabhaṅgasidviḥ vyatirekātmikā
		S0294 13 Nyāyabindu prakaraṇakārikā
		S0295 14 Nyāyabinduṭīkā
		S0296 15 Nyāyabinduṭīkāṭippaṇī
		S0297 16 Nyāyapraveśapravṛttiḥ
		S0298 17 Pramāṇavārtikam
		S0299 18 Pramāṇavarttikasvavṛti
		S0300 19 Ratnakīrti nibandhāvalī
		S0301 20 Sāmānyadūṣaṇadikprasāritā
		S0302 21 Sambandhaparīkṣā
		S0303 22 Santānāntarasiddhiḥ
		S0304 23 Santānāntarasiddhiṭīkā
		S0305 24 Tarkaśāstram
		S0306 25 Udayananirākaraṇam
		S0307 26 Upāyahṛdayam
		S0308 27 Vādanyāyaḥ
		S0309 28 Vādarahasya
		S0310 29 Vajrasūcī
		S0719 30 Bauddha manīṣā- Bauddheṣu Pramāṇamīmāṃsā
		S0731 31 Anupalabdhirahasya
		S0732 32 Sarvaśabdabhāvacarcā
	16 sautrāntika
		S0311 1 Satyasiddhiśāstram
			S0311_1274 1 atha prasthānaskandhaḥ
			S0311_1275 2 atha duḥkhasatyaskandhaḥ
			S0311_1276 3 atha samudayasatyaskandhaḥ
			S0311_1277 4 atha nirodhasatyaskandhaḥ
			S0311_1278 5 atha mārgasatyaskandhaḥ
	17 śilpaśāstra
		S0312 1 Ātreyatilakam
		S0313 2 Citrakarmaśāstram (null)
		S0314 3 Citralakṣaṇam
		S0315 4 Kriyāsaṃgrahakārikā
		S0316 5 Pratimālakṣaṇavivaraṇam
		S0317 6 Samyaksambuddhabhāṣitaṃ pratimālakṣaṇam
	18 vinaya
		S0318 1 Sphuṭārthā śrīghanācārasaṃgrahaṭīkā (null)
		S0319 2 Śrīghanācārasaṃgrahaḥ (null)
	19 vividha
		S0320 1 Āryaśālistambakakārikā
		S0321 2 Āryaśālistambakamahāyānasūtraṭīkā
		S0322 3 Tarkabhāṣā
		S0323 4 Tarkabhāṣāṭīkā
		S0747 5 Śvānastavakāvyam
		S0832 6 Vajrayāna darśana mīmāṁsā
	20 yogācāra 瑜伽行
		S0324 1 Bāhyarthasiddhikārikānāma
		S0325 2 Bhavasaṅkrāntiparikathā
		S0326 3 Bhavasaṅkrāntiṭīkā
		S0327 4 Bodhicittotpādasūtraśāstra
			S0327_1293 1  Prathamo vargaḥ
			S0327_1294 2  Dvitīyo vargaḥ
			S0327_1295 3  Tṛtiyo vargaḥ
			S0327_1296 4  Caturtho vargaḥ
			S0327_1297 5  Paṁcamo vargaḥ
			S0327_1298 6  Ṣaṣṭho vargaḥ
			S0327_1299 7  Saptamo vargaḥ
			S0327_1300 8  Aṣṭamo vargaḥ
			S0327_1301 9  Navami vargaḥ
			S0327_1302 10 Daśamo vargaḥ
			S0327_1303 11 Ekadaśo vargaḥ
			S0327_1304 12 Dvādaśo vargaḥ
		S0328 5 Bodhisattvabhūmiḥ 菩薩地持經
			S0328_1305 1-1 gotra-paṭalam
			S0328_1306 1-2 cittotpādapaṭalam
			S0328_1307 1-3 svaparārthapaṭalam
			S0328_1308 1-4 tattvārtha-paṭalam
			S0328_1309 1-5 prabhāvapaṭalam
			S0328_1310 1-6 paripākapaṭalam
			S0328_1311 1-7 bodhipaṭalam
			S0328_1312 1-8 balagotrapaṭalam
			S0328_1313 1-9 dānapaṭalam
			S0328_1314 1-10 śīlapaṭalam
			S0328_1315 1-11 kṣāntipaṭalam
			S0328_1316 1-12 vīryaṁpaṭalam
			S0328_1317 1-13 dhyānapaṭalama
			S0328_1318 1-14 prajñāpaṭalam
			S0328_1319 1-15 saṁgrahavastupaṭalam
			S0328_1320 1-16 pūjāsevā'pramāṇapaṭalam
			S0328_1321 1-17 bodhipakṣyapaṭalam
			S0328_1322 1-18 bodhisattvaguṇapaṭalam
			S0328_1323 2-1 bodhisattvaliṅgapaṭalam
			S0328_1324 2-2 pakṣapaṭalam
			S0328_1325 2-3 adhyāśayapaṭalam
			S0328_1326 2-4 vihārapaṭalam
			S0328_1327 3-1 upapattipaṭalam
			S0328_1328 3-2 parigrahapaṭalam
			S0328_1329 3-3 bhūmipaṭalam
			S0328_1330 3-4 caryāpaṭalam
			S0328_1331 3-5 lakṣmaṇānuvyañjanapaṭalam
			S0328_1332 3-6 pratiṣṭhāpaṭalam
		S0329 6 Cittatatvasaṅgrahaḥ
		S0330 7 Karmavibhaṅgopadeśaḥ
		S0331 8 Madhyāntavibhāga kārikāḥ 辯中邊論頌
			S0331_1335 1 Lakṣaṇaparicchedaḥ prathamaḥ
			S0331_1336 2 Āvaraṇaparicchedo dvitīyaḥ
			S0331_1337 3 Tattvaparicchedastṛtīyaḥ
			S0331_1338 4 Pratipakṣabhāvanā'vasthāphalaparicchedaścaturthaḥ
			S0331_1339 5 Yānā'nuttaryaparicchedaḥ pañcamaḥ
		S0332 9 Mahāyānasūtrālaṃkāraḥ (kārikāḥ) 大乘莊嚴經論
			S0332_1340 1  Prathamo'dhikāraḥ
			S0332_1341 2  Dvitīyo'dhikāraḥ
			S0332_1342 3  Tṛtīyo'dhikāraḥ
			S0332_1343 4  Caturtho'dhikāraḥ
			S0332_1344 5  Pañcamo'dhikāraḥ
			S0332_1345 6  Ṣaṣṭho'dhikāraḥ
			S0332_1346 7  Saptamo'dhikāraḥ
			S0332_1347 8  Aṣṭamo'dhikāraḥ
			S0332_1348 9  Navamo'dhikāraḥ
			S0332_1349 10 Daśamodhikāraḥ
			S0332_1350 11 Ekādaśo'dhikāraḥ
			S0332_1351 12 Dvādaśo'dhikāraḥ
			S0332_1352 13 Trayodaśo'dhikāraḥ
			S0332_1353 14 Caturdaśo'dhikāraḥ
			S0332_1354 15 Pañcadaśo'dhikāraḥ
			S0332_1355 16 Ṣoḍaśo'dhikāraḥ
			S0332_1356 17 Saptadaśo'dhikāraḥ
			S0332_1357 18 Aṣṭādaśo'dhikāraḥ
			S0332_1358 19 Ekonaviṁśatyadhikāraḥ
			S0332_1359 20 Viṁśatitamaekaviṁśatitamaścādhikāraḥ
		S0333 10 Mahāyānasutrālaṅkāraḥ
			S0333_1360 1  Prathamo'dhikāraḥ
			S0333_1361 2  Dvitīyo'dhikāraḥ
			S0333_1362 3  Tṛtīyo'dhikāraḥ
			S0333_1363 4  Caturtho'dhikāraḥ
			S0333_1364 5  Pañcamo'dhikāraḥ
			S0333_1365 6  Ṣaṣṭho'dhikāraḥ
			S0333_1366 7  Saptamo'dhikāraḥ
			S0333_1367 8  Aṣṭamo'dhikāraḥ
			S0333_1368 9  Navamo'dhikāraḥ
			S0333_1369 10 Daśamodhikāraḥ
			S0333_1370 11 Ekādaśo'dhikāraḥ
			S0333_1371 12 Dvādaśo'dhikāraḥ
			S0333_1372 13 Trayodaśo'dhikāraḥ
			S0333_1373 14 Caturdaśo'dhikāraḥ
			S0333_1374 15 Pañcadaśo'dhikāraḥ
			S0333_1375 16 Ṣoḍaśo'dhikāraḥ
			S0333_1376 17 Saptadaśo'dhikāraḥ
			S0333_1377 18 Aṣṭādaśo'dhikāraḥ
			S0333_1378 19 Ekonaviṁśatyadhikāraḥ
			S0333_1379 20 Viṁśatitamaekaviṁśatitamaścādhikāraḥ
		S0334 11 Pañcaskandhaprakaraṇam 大乘五蘊論
		S0335 12 Ratnagotravibhāgo mahāyānottaratantraśāstram 究竟一乘寶性論
			S0336_1381 1 Prathamaḥ paricchedaḥ
			S0336_1382 2 Dvitīyaḥ paricchedaḥ
			S0336_1383 3 Tṛtīyaḥ paricchedaḥ
			S0336_1384 4 Caturthaḥ paricchedaḥ
			S0336_1385 5 Paṁcamaḥ paricchedaḥ
		S0336 13 Śrāvakabhūmiḥ
			S0336_1386 1 Prathamaṁ yogasthānam
			S0336_1387 2 Dvitīyaṁ yogasthānam
			S0336_1388 3 Tṛtīyaṁ yogasthānam
			S0336_1389 4 Caturthaṁ yogasthānam
		S0337 14 Triṃśikāvijñaptikārikāḥ 唯識三十論頌
		S0338 15 Trisvabhāvanirdeśaḥ 三自性判定
		S0339 16 Viṃśatikā vijñaptimātratāsiddhiḥ 唯識二十論
		S0340 17 Viṃśatikākārikā 大乘唯識論
		S0341 18 Yogācārabhūmiḥ
			S0341_1394 1 pañcavijñānakāya samprayuktā bhūmiḥ prathamā
			S0341_1395 2 manobhūmidvitīyā
			S0341_1396 3 savitarkā savicārā bhūmistṛtīyā
		S0751 19 Smāhitā Bhūmiḥ
	21 yoginītantraṭīkā
		S0342 1 Guhyavajravilāsinīsādhanam
		S0343 2 Guhyāvalī
		S0344 3 Kāṇhapādasya dohākoṣaḥ
		S0345 4 Mahāmāyāsādhanam
		S0346 5 Mahāmāyāsādhanopāyikā
		S0347 6 Mahāmāyātantram [guṇavatīṭīkāsahitam]
		S0348 7 Marmakālikā
			S0348_1403 1 āśīrvādābhidhānam
			S0348_1404 2 bāhyārcanavidhiḥ
			S0348_1405 3 bhāvanāvidhiḥ
			S0348_1406 4 śiṣyānugrahavidhiḥ
			S0348_1407 5 mantroddhāravidhiḥ
			S0348_1408 6 pūjāvidhiḥ
			S0348_1409 7 balividhiḥ
			S0348_1410 8 japavidhiḥ
			S0348_1411 9 samayaparipālanavidhiḥ
		S0349 8 Nityakarmapūjāvidhiḥ
		S0350 9 Sarahapādasya dohākoṣaḥ
		S0351 10 Śrī Vajravārāhisādhana
		S0352 11 Tattvajñānasaṃsiddhiḥ
		S0353 12 Upodghātaḥ
		S0735 13 Śrīcakrasambarābhisamayavyākhyā
		S0778 14 Mantroddhāra
		S0784 15 Prajñopāyaviniścayasiddhiḥ
		S0786 16 Śrīsahajasiddhi
		S0790 17 Tattvaratnāvalī
		S0358 18 Tattvajñānasaṁsiddhiṭīkā
		S0803 19 Adhyātmasāraśatakam(saṭīkam)
		S0805 20 Abhayapaddhati
		S0834 21 Tattvajñānasaṁsiddhi-mahāsukharakāśikā-ṭīkā
	22 yogottaratantraṭīkā
		S0354 1 Cittaviśuddhiprakaraṇa
		S0355 2 Pañcakramaḥ
			S0355_1418 1 Vajrajāpakramaḥ prathamaḥ
			S0355_1419 2 Anuttarasandhirityaparanāmā sarvaśuddhiviśuddhikramaḥ dvitīyaḥ
			S0355_1420 3 Svādhiṣṭhānakramaḥ tṛtīyaḥ
			S0355_1421 4 Abhisambodhikramaḥ caturthaḥ
			S0355_1422 5 Yuganaddhakramaḥ pañcamaḥ
		S0356 3 Piṇḍīkramaḥ
		S0357 4 Śrīguhyasamājamaṇḍalavidhiḥ
		S0358 5 Tattvaratnāvalokaḥ
		S0359 6 Tattvasiddhiḥ
		S0756 7 Samantabhadra nāma sādhana ṭīkā
		S0758 8 Samājasādhanavyavastholi
		S0828 9 Kriyāsaṁgrahapañjikā
	23 mahāyogatantraṭīkā
		S0737 1 Guhyāsamājatantrapradīpodyotanaṭīkā ṣaṭkoṭivyākhyā
	24 hetuvidyā
		S0741 1 Antarvyāptisamarthanam
	25 sveṣṭadevatā
		S0780 1 Balimālikā
		S0782 2 Ādikarmapradīpa
		S0846 3 Munimatālaṁkāra
	26 vyākaraṇa
		S0817 1 Paribhāṣāvṛtteh
	27 adhunātana
		S0823 1 Bauddhadharme tathā purāṇeṣu karuṇā
	28 jyotiḥśāstra
		S0838 1 Kālacakrāvatāraḥ
