sūtrapiṭaka
	1 avadāna 阿波陀那
		1 Kaṭhināvadāna
		2 Mahāsattvamaṇicūḍamahārājabodhisattvāvadānam
		3 Svayambhū purāṇa
		4 Vṛhat svayambhūpūrāṇa
	2 dhāraṇī 陀羅尼經
		1 Ārya amoghapāśahṛdaya nāma mahāyānasūtram 不空罥索神咒心經
		2 Āryamahāpratisarāvidyādhāraṇī
		3 Āryaśrīmahādevīvyākaraṇam 大吉祥天女十二契一百八名無垢大乘經
		4 Āryavajravidāraṇā nāma dhāraṇī 佛說壞相金剛陀羅尼經
		5 Avikalpapraveśadhāraṇī
		6 Dhvajāgrakeyurā dhāraṇī
		7 Ekādaśamukham 佛說十一面觀世音神咒經
		8 Hayagrīvavidyā
		9 Mahāsannipātaratnaketudhāraṇī sūtraṃ 寶星陀羅尼經
		10 Nārāyaṇaparipṛcchā āryamahāmāyāvijayavāhinī nāma dhāraṇī
		11 Ṣaṇmukhī dhāraṇī
		12 Sitātapatrā dhāraṇī 佛頂大白傘蓋陀羅尼經
		13 Vasudhārādhāraṇī
		14 Dhāraṇī Saṃgraha
	3 jātaka 本生
		1 Jātakamālā
	4 mahāyānasūtra 摩訶衍那
		1  Ajitasenavyākaraṇam
		2  Aparimitāyuḥ nāma mahāyāna sūtram 佛說大乘聖無量壽決定光明王如來陀羅尼經
		3  Arthaviniścayasūtram 佛說決定義經
		4 Ārya ṃaitreya-vyākaraṇaṃ 佛說彌勒下生成佛經
		5 Āryānityatā sūtram
		6 Āryapratītyasamutpādo nāma mahāyānasūtram
		7 Āryarāṣṭrapālaparipṛcchā nāma mahāyānasūtram
		8 Āryasāgaranāgarājaparipṛcchā nāma mahāyānasūtram 佛為海龍王說法印經
		9 Āryasaṃghāṭa sūtram 僧伽吒經
		10 Āryasarvabuddhaviṣayāvatārajñānālokālaṃkāranāma mahāyānasūtram
		11 Āryatriratnānusmṛtisūtram
		12 Āryatriskandha sūtram
		13 Āryavimalakīrtinirdeśo nāma mahāyānasūtram 維摩詰所說經
		14 Bhaiṣajyaguruvaidūryaprabharājasūtram 藥師琉璃光如來本願功德經 
		15 Bhavasaṅkrāntisūtram 佛說大方等修多羅王經
		16 catuṣpariṣat sūtram
		17 Daśabhūmikasūtram 佛說十地經
		18 Gaṇḍavyūha sūtram 大方廣佛華嚴經
		19 Guṇakāraṇḍavyūha sūtram
		20 Kāraṇḍavyūhaḥ 佛說大乘莊嚴寶王經
		21 Karuṇāpuṇḍarīka sūtram 悲華經
		22 Kāśyapaparivarta sūtram 佛說大迦葉問大寶積正法經
		23 Lalitavistaraḥ 方廣大莊嚴經
		24 Madhyamaka-śālistambasūtram
		25 Mahāmegha sūtram
		26 Mahāparinirvāṇa sūtram
		27 Mahāvadānasūtram
		28 Megha sūtram
		29 Nairātmyaparipṛcchā nāma mahāyānasūtram 尼乾子問無我義經
		30 Pañcarakṣā sūtram
		31 Saddharmalaṅkāvatārasūtram 楞伽阿跋多羅寶經
		32 Saddharmapuṇḍarīkasūtram 妙法蓮華經
		33 Śālistambasūtram
		34 Samādhirājasūtram 月燈三昧經
		35 Sarvatathāgatādhiṣṭhānavyūham sūtram
		36 Sukhāvatīvyūhaḥ (saṃkṣiptamātṛkā) 佛說阿彌陀經
		37 Sukhāvatīvyūhaḥ (vistaramātṛkā) 佛說大乘無量壽莊嚴經
		38 Suvarṇaprabhāsasūtram 金光明經
		39 Vimalakīrtinirdeśa sūtram
		40 Vinayaviniścaya upāliparipṛcchā
		41 Saddharmasmṛtyupasthānasūtra
		42 Vajrasattvaniṣpādana Sūtra
	5 nirdeśa
		1 Āryābuddhabalādhānaprātihāryavikurvaṇanirdeśanā mamahāyānasūtram
		2 Āryacaturdharmanirdeśasūtram
		3 Pratītyasamutpādādivibhaṅganirdeśasūtram 緣起經
		4 Svastyayanagāthā
	6 prajñāpāramitā 般若波羅蜜多
		1  Adhyardhaśatikā prajñāpāramitā 實相般若波羅蜜經
		2 Ārya advayaśatikā prajñāpāramitā sūtra
		3  Aṣṭasāhasrikā prajñāpāramitā 小品般若波羅蜜經
		4  Kauśikaprajñāpāramitāsūtram 佛說帝釋般若波羅蜜多心經
		5  Prajñāpāramitāhṛdayasūtram [saṃkṣiptamātṛkā] 摩訶般若波羅蜜大明咒經
		6  Prajñāpāramitāhṛdayasutram [vistaramātṛkā] 般若波羅蜜多心經
		7  Ratnaguṇasaṃcayagāthā 佛說佛母寶德藏般若波羅蜜經
		8  Saptaśatikā prajñāpāramitā
		9  Suvikrāntavikrāmiparipṛcchā nāma sārdhadvisāhasrikā prajñāpāramitā
		10 Svalpākṣarā prajñāpāramitā 佛說聖佛母小字般若波羅蜜多經
		11 Vajracchedikā nāma triśatikā prajñāpāramitā 金剛般若波羅蜜經
		12 Pañcaśatikā prajñāpāramitā
		13 Adhyardhaśatikā prajñāpāramitā
		14 Adhyardhaśatikā prajñāpāramitā (New edition)
	7 pramāṇa
		1 Nyāyapraveśakasūtram 因明入正理論
	8 tantra 坦特羅
		1 kriyā tantra
			1 Āryamañjuśrīmūlakalpam 大方廣菩薩藏文殊師利根本儀軌經
			2 Amoghapāśakalparāja Part VI
			3 Amoghapāśakalparāja Part VII
		2 sahajayāna
			1 Nānāsiddhopadeśaḥ
		3 yoginītantra
			1 Cakrasaṃvaratantram [Vol.1]
			2 Cakrasaṃvaratantram [Vol.2]
			3 Buddhakapālatantra
			4 Ḍākārṇavaḥ
		4 tantra darśana
			1 Advayavajrasaṇgrahaḥ
			2 Niṣpannayogāvalī
		5 yoga tantra
			1 Sarva tathāgata tattva saṅgrahaḥ
			2 Sarvadurgatipariśodhana tantra
		6 yogottara tantra
			1 Advayasiddhiḥ
			2 Srivajrabhairava mahayogatantram
			3 Caṇḍamahāroṣaṇa tantra
		7 anuttarayoga Tantra
			1 Śrīguhyasamājatantram
		8 kriyātantraṭīkā
			1 kalpoktamārīcīsādhanam
		9 mahāyogatantraṭīkā
	9 yogācāra 瑜伽行(null)
vinayapiṭaka
	1  Bhikṣukarmavākya
	2  Bhikṣuṇī vinaya
	3  Bodhisattva-prātimokṣa-sūtram 菩薩戒羯摩文
	4  Mahāsāṃghikānāṃ prātimokṣasūtram
	5  Mūlasarvāstivāda-vinayavastu
	6  Prātimokṣasūtram
	7  Vinaya sūtram
	8 Śayanāsanavastu
	9  Adhikaraṇavastu
	10 Vajrasatva-pārājikā
	11 Saddharma-pārājikā
	12 Śrīlokeśvarabhāṣitaparājikā
	13 Maṃjuśrīpārājikā
	14 Lokeśvara-pārājikā
	15 Upasampadā jñaptiḥ
śāstrapiṭaka
	1 abhidharma 阿毘達摩
		1 Abhidharmadīpaḥ
		2 Abhidharmadīpaṭīkā
		3 Abhidharmakoṣakārikā 阿毘達摩俱舍論
		4 Abhidharmāmṛta
		5 Abhidharmasamuccaya 大乘阿毘達摩集論
		6 Abhidharmasamuccaya bhāṣya
		7 Āryadharmadhātugarbhavivaraṇam
		8 Daśākuśalakarmapathadeśanā
		9 Jñānaprasthānam śāstram 阿毘達摩發智論
		10 Subodhālaṅkāraḥ
	2 advayatantraṭīkā
		1 Ḍākinījālasaṃvararahasyam
		2 Sekoddeśaḥ
		3 Sekoddeśapañjikā
		4 Sekoddeśaṭīkā (paramārthasaṃgraha)
		5 Vāṅmaṇḍalanamaskāraślokāḥ
		6 Baudha pāribhāṣikāḥ śabdāḥ
		7 Āryamāyājālamahātantroddhṛtamaṇdalagāthāṭippaṇī
	3 alaṃkāra
		1 Chandoratnākaraḥ (svopajña samanvitaḥ)
		2 vṛttamālāstutiḥ
	4 cikitsavidyā
		1 Svapnādhyāya
	5 stotra
		1 ādibuddha
			1 Ādibuddhadvādaśakastotram
			2 Advayaparamārthā nāmasaṅgītiḥ
			3 Dvādaśakāranayastotram
		2 paṇḍita
			1 Vikramāraccivaibhavam
		3 ākāśagarbha
			1 Ākāśagarbhanāmāṣṭottaraśatastotram
		4 āryatārā
			1 (Ārya) tārānamaskāraikaviṃśatistotram
			2 (Ārya)tārāsragdharāstotram
			3 (Ārya)tārāṣṭottaraśatanāmastotram
			4 (Ārya)tārāstutiḥ
		5 aṣṭamahābodhisattva
			1 Maṅgalāṣṭakam
		6 aṣṭamātṛkā
			1 Aṣṭamātṛkāstotram
		7 avalokiteśvara
			1 Avadhānastotram (vandanāstavaṃ vā)
			2 Avalokiteśvarahayagrīvadhāraṇī
			3 Avalokiteśvarāṣṭakastotram
			4 Avalokiteśvarastavaḥ (candrakāntābhikṣuṇīkṛtaḥ)
			5 Avalokiteśvarastotram
			6 Avalokiteśvarastotram (carapatipādaviracitam)
			7 Avalokiteśvarāṣṭottaraśatanāmastotram
			8 Lokanāthastotram
			9 Lokeśvaraśatakam
			10 Lokeśvarastotram
			11 Narakoddhārastotram
			12 Potalakāṣṭakam
			13 Rakṣākāla (kara) stavaḥ
			14 Ratnamālāstotram
			15 Rūpastavaḥ
			16 Ṣaḍgatistotram
			17 Saptākṣarastotram
			18 Saptavidhānuttarastotram
		8 bhagavatī
			1 Śāradāṣṭakastotram
			2 Vāgvāṇīstotram
		9 bodhisattvacaryā
			1 Daśabhūmīśvaro nāma mahāyānasūtraratnarājastotram
		10 caityabhaṭṭāraka
			1 Caityavandanāstotram
			2 Vidyākṣarastotram
		11 cakrasaṁvara
			1 Cakrasaṃvarastutiḥ
			2 Catuḥṣaṣṭisaṃvarastotram
			3 Pīṭhastavaḥ
			4 Ṣaṭtriṃśatsaṃvarastutiḥ
			5 Vasantatilakāstutiḥ
		12 dharmadhātu
			1 Dharmadhātunāmastavaḥ
			2 Pañcākṣarastotram
			3 Dharmadhātustava
		13 gaṇḍībhaṭṭāraka
			1 Buddhagaṇḍīstavaḥ
			2 Gaṇḍīstavaḥ
		14 gaṇeśa
			1 Gaṇeśastotram
		15 hārītī
			1 Hāratīstotram
		16 madhyamaka
			1 Lokātītastavaḥ
			2 Madhyamakaśāstrastutiḥ
			3 Niraupamyastavaḥ
			4 Paramārthastavaḥ
		17 mahācakravartin
			1 Mahācakravartināmāṣṭottaraśatastotram
		18 mahākāla
			1 Mahākālastotram
			2 Vajramahākālastotram
		19 mañjuśrī
			1 (Ārya)mañjuśrīnāmāṣṭottaraśatakastotram
			2 mañjuśrīstotram
		20 nairātmā
			1 Guhyeśvarīstotram
			2 Nairātmāṣṭakastotram
		21 pañcabuddha
			1 Pañcatathāgatastotram
			2 Pañcatathāgatastutigāthā
			3 Sragdharāpañcakastotram
		22 pañcarakṣādevī
			1 Mahāpratisarāstotram
			2 Pañcarakṣādevīstotrāṇi
			3 Pratisarāstotram
		23 prajñāpāramitā
			1 Prajñāpāramitāstotram
			2 Prajñāpāramitāstutiḥ
			3 Ṣaṭpāramitāstotram
		24 śākyamuni
			1 Adhyardhaśatakaṃ nāma stotram
			2 Bhaktiśatakam
			3 Buddhabhaṭṭārakastotram
			4 Buddhagadyaya
			5 Buddhastotram
			6 Nāmāṣṭaśatakaya
			7 Śākyasiṃhastotram (brahmaṇā kṛtam)
			8 Śākyasiṃhastotram (chando'mṛtoddhṛtam)
			9 Śākyasiṃhastotram (durgatipariśodhanoddhṛtam)
			10 Śākyasiṃhastotram (navagrahakṛtam)
			11 Śākyasiṃhastotram (śaṅkarakṛtam)
			12 Śākyasiṃhastotram (surapatikṛtam)
			13 Śākyasiṃhastotram (viṣṇukṛtam)
			14 Śākyasiṃhastotram (yaśodharākṛtam)
			15 Sattvārādhanagāthā
			16 Suprabhātastotram
		25 saptabuddha
			1 Saptabuddhastotram
			2 Saptajinastavaḥ
		26 sarvatathāgata
			1 Bhadracarīpraṇidhānastotram
			2 Kamalākarasarvatathāgatastotram
			3 Ṣaḍabhijñastotram
			4 Bhadracaryādeśanā
		27 svayambhū
			1 Kalyāṇapañcaviṃśatistotram
			2 Maṅgalaṣoḍaśastutiḥ
			3 Mañjuvajrastotram
			4 Svayaṃbhūstavaḥ
			5 Svayambhūstotram
		28 triratna
			1 Gururatnatrayastotram
		29 ugratārā
			1 Caṇḍikādaṇḍakastotram
			2 Mahogratārāṣṭakastotram
			3 Mahogratārāstutiḥ
		30 vāgīśvara
			1 Dharmadhātuvāgīśvaramaṇḍalastotram
			2 Vāgīśvaravarṇanāstotram
		31 vajrapāṇi
			1 Vajrapāṇināmāṣṭottaraśatastotram
		32 vajrāsana
			1 Mahābodhibhaṭṭārakastotram
			2 Mahābodhivandanāṣṭakam
			3 Māravijayastotram
		33 vajrasattva
			1 Vajrasattvastotram
			2 Vajrasattvastutiḥ
		34 vajrayoginī
			1 Kalyāṇatriṃśatikāstotram
			2 Vajradevīstotram
			3 Vajravilāsinīsādhanāstavaḥ
			4 Vajravilāsinīstotram
			5 Vajrayoginīpraṇāmaikaviśikā
			6 Vajrayoginyāḥ piṇḍārthastutiḥ
			7 Vajrayoginyāḥ stutipraṇidhānam
		35 vasudhārā
			1 Vasudhārānāmadhāraṇīstotram
			2 Vasudhārāstotram
		36 Bhagavatstutiḥ
			1 Bhagavatstutiḥ
	6 darśana
		1 Gurukriyākramaḥ
		2 Gurupañcāśikā
	7 kāvya
		1 Buddhacarita
		2 Buddhavijayakāvyam
		3 Saundaranandam Mahākāvyam
		4 Siddhārthacaritakāvyam
		5 Subhāṣitaratnakāraṇḍaka
		6 Yaśodharācaritam
		7 Triratnasaundaryagāthā
		8 Saṅgītamālikā
	8 kośa
		1 Arthaviniścayanibandhana
		2 Bauddha tantra kośa (I)
		3 Dharmasaṃgrahaḥ
		4 Dharmasamuccayaḥ
		5 Mahāvyutpatti
		6 Lupta bauddhavacana saṁgraha
		7 Śabdabhedaprakāśaḥ
		8 Viśvaprakāśaḥ
	9 lekha
		1 Ratnāvalī
		2 Śiṣyalekha
		3 Suhṛllekhaḥ
		4 Daṇḍikathā
	10 madhyamaka
		1 Akutobhaya
		2 Catuḥ śatikā
		3 Hastavālaprakaraṇa
		4 Hastavālaprakaraṇavṛttiḥ
		5 Madhyamakahṛdayaḥ
		6 Madhyamakālokaḥ
		7 Madhyamakaśāstram 中論
		8 Madhyamakāvatāraḥ
		9 Madhyamārthasaṃgrahaḥ
		10 Mahāyānaviṃśikā 大乘二十頌論
		11 Prajñāpradīpaḥ
		12 Prasannapadā (madhyamakavṛtti)
		13 Pratītyasamutpādahṛdayakārikā
		14 Pratītyasamutpādahṛdayavyākhyānam
		15 Śaraṇagamanadeśanā
		16 Satyadvayāvatāranāma
		17 Śūnyatāsaptatiḥ 七十空性論
		18 Sūtrārthasamuccayopadeśaḥ
		19 Vigrahavyāvartanī 迴諍論
		20 Yuktiṣaṣṭikārikā
		21 Svabhāvavādaḥ
	11 madhyamaka-yogācāra
		1 Āpattideśanāvidhiḥ
		2 Bhāvanākramaḥ 廣釋菩提心論
		3 Bodhicaryāvatāraḥ 菩提行經
		4 Bodhicaryāvatāraḥ (pañjikā)
		5 Bodhipathapradīpaḥ
		6 Bodhisattvādikarmika-mārgāvatāra-deśanā
		7 Bodhyāpattideśanāvṛttiḥ
		8 Caryāsaṅgrahapradīpaḥ
		9 Cittotpādasaṃvaravidhikramaḥ
		10 Garbha-saṅgrahaḥ
		11 Mahāyānapathasādhanasaṅgrahaḥ
		12 Samādhisaṃbhāraparivartaḥ
		13 Śikṣāsamuccaya kārikā
		14 Śikṣāsamuccayaḥ 大乘集菩薩學論
	12 nāṭaka
		1 Buddhamatam
		2 Nāgānandam nāṭaka
		3 Nālandādahanam
		4 Nṛtyaprasūtiḥ
	13 nīti
		1 Nītiśāstram
		2 Śatagāthā
	14 prajñāpāramitā
		1 Abhisamayālaṇkāraloka
		2 Abhisamayālaṅkārāntaḥ pātināṃ padārthānāṃ
		3 Abhisamayālaṅkāravṛttiḥ sphuṭārthā
		4 Āryaprajñāpāramitāvajracchedikāṭīkā
		5 Pāramitāsamāsaḥ
		6 Sāratamākhyā pañjikā
	15 pramāṇa
		1 Vādanyāyaṭīkā
		2 Ālambanaparīkṣā
		3 Ālambanaparīkṣāvṛttiḥ
		4 Antarvyāptisamarthanam
		5 Apohasiddhiḥ
		6 Avayavinirākaraṇam
		7 Hetubinduḥ
		8 Hetubinduṭīkā
		9 Hetutattvopadeśaḥ
		10 Jātinirākṛti
		11 Kṣaṇabhaṅgasiddhiḥ
		12 Kṣaṇabhaṅgasidviḥ vyatirekātmikā
		13 Nyāyabindu prakaraṇakārikā
		14 Nyāyabinduṭīkā
		15 Nyāyabinduṭīkāṭippaṇī
		16 Nyāyapraveśapravṛttiḥ
		17 Pramāṇavārtikam
		18 Pramāṇavarttikasvavṛti
		19 Ratnakīrti nibandhāvalī
		20 Sāmānyadūṣaṇadikprasāritā
		21 Sambandhaparīkṣā
		22 Santānāntarasiddhiḥ
		23 Santānāntarasiddhiṭīkā
		24 Tarkaśāstram
		25 Udayananirākaraṇam
		26 Upāyahṛdayam
		27 Vādanyāyaḥ
		28 Vādarahasya
		29 Vajrasūcī
		30 Bauddha manīṣā- Bauddheṣu Pramāṇamīmāṃsā
		31 Anupalabdhirahasya
		32 Sarvaśabdabhāvacarcā
	16 sautrāntika
		1 Satyasiddhiśāstram
	17 śilpaśāstra
		1 Ātreyatilakam
		2 Citrakarmaśāstram
		3 Citralakṣaṇam
		4 Kriyāsaṃgrahakārikā
		5 Pratimālakṣaṇavivaraṇam
		6 Samyaksambuddhabhāṣitaṃ pratimālakṣaṇam
	18 vinaya
		1 Sphuṭārthā śrīghanācārasaṃgrahaṭīkā
		2 Śrīghanācārasaṃgrahaḥ
	19 vividha
		1 Āryaśālistambakakārikā
		2 Āryaśālistambakamahāyānasūtraṭīkā
		3 Tarkabhāṣā
		4 Tarkabhāṣāṭīkā
		5 Śvānastavakāvyam
		6 Vajrayāna darśana mīmāṁsā
	20 yogācāra 瑜伽行
		1 Bāhyarthasiddhikārikānāma
		2 Bhavasaṅkrāntiparikathā
		3 Bhavasaṅkrāntiṭīkā
		4 Bodhicittotpādasūtraśāstra
		5 Bodhisattvabhūmiḥ 菩薩地持經
		6 Cittatatvasaṅgrahaḥ
		7 Karmavibhaṅgopadeśaḥ
		8 Madhyāntavibhāga kārikāḥ 辯中邊論頌
		9 Mahāyānasūtrālaṃkāraḥ (kārikāḥ) 大乘莊嚴經論
		10 Mahāyānasutrālaṅkāraḥ
		11 Pañcaskandhaprakaraṇam 大乘五蘊論
		12 Ratnagotravibhāgo mahāyānottaratantraśāstram 究竟一乘寶性論
		13 Śrāvakabhūmiḥ
		14 Triṃśikāvijñaptikārikāḥ 唯識三十論頌
		15 Trisvabhāvanirdeśaḥ 三自性判定
		16 Viṃśatikā vijñaptimātratāsiddhiḥ 唯識二十論
		17 Viṃśatikākārikā 大乘唯識論
		18 Yogācārabhūmiḥ
		19 Smāhitā Bhūmiḥ
	21 yoginītantraṭīkā
		1 Guhyavajravilāsinīsādhanam
		2 Guhyāvalī
		3 Kāṇhapādasya dohākoṣaḥ
		4 Mahāmāyāsādhanam
		5 Mahāmāyāsādhanopāyikā
		6 Mahāmāyātantram [guṇavatīṭīkāsahitam]
		7 Marmakālikā
		8 Nityakarmapūjāvidhiḥ
		9 Sarahapādasya dohākoṣaḥ
		10 Śrī Vajravārāhisādhana
		11 Tattvajñānasaṃsiddhiḥ
		12 Upodghātaḥ
		13 Śrīcakrasambarābhisamayavyākhyā
		14 Mantroddhāra
		15 Prajñopāyaviniścayasiddhiḥ
		16 Śrīsahajasiddhi
		17 Tattvaratnāvalī
		18 Tattvajñānasaṁsiddhiṭīkā
		19 Adhyātmasāraśatakam(saṭīkam)
		20 Abhayapaddhati
		21 Tattvajñānasaṁsiddhi-mahāsukharakāśikā-ṭīkā
	22 yogottaratantraṭīkā
		1 Cittaviśuddhiprakaraṇa
		2 Pañcakramaḥ
		3 Piṇḍīkramaḥ
		4 Śrīguhyasamājamaṇḍalavidhiḥ
		5 Tattvaratnāvalokaḥ
		6 Tattvasiddhiḥ
		7 Samantabhadra nāma sādhana ṭīkā
		8 Samājasādhanavyavastholi
		9 Kriyāsaṁgrahapañjikā
	23 mahāyogatantraṭīkā
		1 Guhyāsamājatantrapradīpodyotanaṭīkā ṣaṭkoṭivyākhyā
	24 hetuvidyā
		1 Antarvyāptisamarthanam
	25 sveṣṭadevatā
		1 Balimālikā
		2 Ādikarmapradīpa
		3 Munimatālaṁkāra
	26 vyākaraṇa
		1 Paribhāṣāvṛtteh
	27 adhunātana
		1 Bauddhadharme tathā purāṇeṣu karuṇā
	28 jyotiḥśāstra
		1 Kālacakrāvatāraḥ
