The Sacred Books of the East, vol. 1: The Upanishads, Part 1
The Sacred Books of the East, vol. 2: The Sacred Laws of the Aryas, Part 1
The Sacred Books of the East, vol. 3: The Sacred Books of China, Part 1
The Sacred Books of the East, vol. 4: The Zend-Avesta, Part 1
The Sacred Books of the East, vol. 5: Pahlavi Texts, Part 1
The Sacred Books of the East, vol. 6: The Qur'an (Chapters I to XVI), Part 1
The Sacred Books of the East, vol. 7: The Institutes of Vishnu
The Sacred Books of the East, vol. 8: The Bhagavadgita
The Sacred Books of the East, vol. 9: The Qur'an (Chapters XVII to CXIV), Part 2
The Sacred Books of the East, vol. 10: The Dhammapada
The Sacred Books of the East, vol. 11: Buddhist-Suttas
The Sacred Books of the East, vol. 12: The Satapatha-Brahmana, Part 1
The Sacred Books of the East, vol. 13: Vinaya Texts, Part 1
The Sacred Books of the East, vol. 14: The Sacred Laws of the Aryas, Part 2
The Sacred Books of the East, vol. 15: The Upanishads, Part 2
The Sacred Books of the East, vol. 16: The Sacred Books of China, Part 2
The Sacred Books of the East, vol. 17: Vinaya Texts, Part 2
The Sacred Books of the East, vol. 18: Pahlavi Texts, Part 2
The Sacred Books of the East, vol. 19: The Fo-Sho-Hing-Tsan-King
The Sacred Books of the East, vol. 20: Vinaya Texts, Part 3
The Sacred Books of the East, vol. 21: The Saddharma-Pundarika
The Sacred Books of the East, vol. 22: Jaina Sutras, Part 1
The Sacred Books of the East, vol. 23: The Zend-Avesta, Part 2
The Sacred Books of the East, vol. 24: Pahlavi Texts, Part 3
The Sacred Books of the East, vol. 25: The Laws of Manu
The Sacred Books of the East, vol. 26: The Satapatha-Brahmana, Part 2
The Sacred Books of the East, vol. 27: The Sacred Books of China, Part 4—The Lî Kî, I–X
The Sacred Books of the East, vol. 28: The Sacred Books of China, Part 4—The Lî Kî, XI–XLVI
The Sacred Books of the East, vol. 29: The Grihya-Sutras, Part 1
The Sacred Books of the East, vol. 30: The Grihya-Sutras, Part 2
The Sacred Books of the East, vol. 31: The Zend-Avesta, Part 3
The Sacred Books of the East, vol. 32: Vedic Hymns, Part 1
The Sacred Books of the East, vol. 33: The Minor Law-Books,Part 1
The Sacred Books of the East, vol. 34: The Vedanta-Sutras, Part 1
The Sacred Books of the East, vol. 35: The Questions of King Milinda
The Sacred Books of the East, vol. 36: The Questions of King Milinda, Part 2
The Sacred Books of the East, vol. 37: Pahlavi Texts, Part 4
The Sacred Books of the East, vol. 38: The Vedanta-Sutras, Part 2
The Sacred Books of the East, vol. 39: The Sacred Books of China, Part 5—The Writings of Kwang-tze, books I-XVII
The Sacred Books of the East, vol. 40: The Sacred Books of China, Part 2-The Writings of Kwang-tze, books XVIII-XXXIII
The Sacred Books of the East, vol. 41: The Satapatha-Brahmana, Part 3
The Sacred Books of the East, vol. 42: Hymns of the Atharva-Veda
The Sacred Books of the East, vol. 43: The Satapatha-Brahmana, Part 4
The Sacred Books of the East, vol. 44: The Satapatha-Brahmana, Part 5
The Sacred Books of the East, vol. 45: Jaina Sutras
The Sacred Books of the East, vol. 46: Vedic Hymns, Part 2
The Sacred Books of the East, vol. 47: Pahlavi Texts, Part 5
The Sacred Books of the East, vol. 48: The Vedanta-Sutras, Part 3
The Sacred Books of the East, vol. 49: Buddhist Mahayana Texts
The Sacred Books of the East, vol. 50: A General Index to the Names and Subject-Matter of The Sacred Books of the East
